
*** packages/mudlark/src/rebalance.rs:1204:5: replace resolve -> Option<GNodeId> with Some(Default::default())

*** mutation diff:
--- packages/mudlark/src/rebalance.rs
+++ replace resolve -> Option<GNodeId> with Some(Default::default())
@@ -1196,125 +1196,17 @@
 /// and be immediately eligible for eviction (§IDEA M-11.7, §IDEA M-11.9).
 pub fn resolve<C: Coordinate, V: Accumulator>(
     vnodes: &mut Arena<VNode<V>>,
     gnodes: &mut Arena<GNode<C, V>>,
     c: VNodeId,
     violations: &mut Vec<VNodeId>,
     depth_evict: u32,
 ) -> Option<GNodeId> {
-    let _span = tracing::debug_span!("resolve", node = c.index()).entered();
-    tracing::debug!(ctx = %Ctx(vnodes, c), "begin");
-
-    let Some(p) = vnodes.get(c.index()).parent else {
-        tracing::trace!("no parent — nothing to resolve");
-        return None;
-    };
-
-    // ── Phase 1: ensure p is a 2-node ───────────────────────────
-    if structural_child_count(vnodes, p) == 3 {
-        tracing::debug!(p = %Nd(vnodes, p), "phase 1: contracting 3-node parent");
-        let merged = contract(vnodes, p);
-        push_side_effect_violations(vnodes, p, violations);
-        push_side_effect_violations(vnodes, merged, violations);
-        push_contraction_child_violations(vnodes, p, c, violations);
-        if !is_violated(vnodes, c) {
-            tracing::debug!("phase 1: resolved by contraction");
-            return None;
-        }
-    }
-
-    let is_c_structural_2 = matches!(
-        &vnodes.get(c.index()).kind,
-        VKind::Structural { children, .. } if children.len() == 2
-    );
-
-    let mut result = None;
-
-    // ── Phase 2: promote c ──────────────────────────────────────
-    if is_c_structural_2 {
-        tracing::debug!("phase 2: standard promote");
-        standard_promote(vnodes, c);
-        push_side_effect_violations(vnodes, p, violations);
-        push_promoted_violations(vnodes, p, violations);
-        escalate_after_promote(vnodes, p, violations);
-    } else {
-        tracing::debug!("phase 2: skip promote path");
-        let Some(g) = vnodes.get(p.index()).parent else {
-            tracing::trace!("no grandparent — cannot skip-promote");
-            return None;
-        };
-
-        // Ensure g is a 2-node.
-        let g_merged = if structural_child_count(vnodes, g) == 3 {
-            let merged = contract(vnodes, g);
-            push_side_effect_violations(vnodes, g, violations);
-            push_side_effect_violations(vnodes, merged, violations);
-            push_promoted_violations(vnodes, g, violations);
-            if !is_violated(vnodes, c) {
-                tracing::debug!("phase 2: resolved by g-contraction");
-                return None;
-            }
-            Some(merged)
-        } else {
-            None
-        };
-
-        // Re-read grandparent after possible contraction.
-        if let Some(g_id) = vnodes.get(p.index()).parent {
-            // §IDEA M-11.7: Check for semi-internal dispatch + depth gate.
-            let is_semi = matches!(
-                &vnodes.get(c.index()).kind,
-                VKind::Entry { gnode, .. }
-                    if gnodes.get(gnode.index()).is_semi_internal()
-            );
-
-            if is_semi && v_depth(vnodes, c) <= depth_evict {
-                tracing::debug!("phase 2: legacy promote (semi-internal entry)");
-                let new_g = legacy_promote(vnodes, gnodes, c);
-                result = Some(new_g);
-                // Legacy promote replaces c (high intensity) with ne
-                // (zero intensity) inside p. This collapses the uncle
-                // shield for s's children: they used to have uncle = c,
-                // now uncle = ne = 0. Scan p's grandchildren to catch
-                // these newly created violations that
-                // push_side_effect_violations(g) would miss (they're
-                // great-grandchildren of g, one level too deep).
-                push_side_effect_violations(vnodes, p, violations);
-            } else {
-                skip_promote(vnodes, c);
-            }
-            push_side_effect_violations(vnodes, g_id, violations);
-            push_promoted_violations(vnodes, g_id, violations);
-
-            // Source 10 (§IDEA M-11.12): When g-contraction created an
-            // intermediate node (merged_g), promotion disperses the
-            // aggregate at that level.  Grandchildren of merged_g
-            // (depth 3 below g) face a weakened uncle context that
-            // push_side_effect_violations(g) cannot reach.
-            if let Some(merged) = g_merged {
-                push_source_10_violations(vnodes, merged, violations);
-            }
-        } else {
-            tracing::warn!(
-                node = %Ctx(vnodes, c),
-                "skip-promote path: no grandparent after g-contraction — resolve incomplete",
-            );
-        }
-    }
-
-    // Post-resolve check: if c is still alive and violated, warn.
-    if vnodes.is_occupied(c.index()) && is_violated(vnodes, c) {
-        tracing::warn!(
-            node = %Ctx(vnodes, c),
-            "resolve() returning with node STILL violated",
-        );
-    }
-
-    result
+    Some(Default::default()) /* ~ changed by cargo-mutants ~ */
 }
 
 // ── Rebalance loop (§IDEA M-11.8) ──────────────────────────────────
 
 /// Drain the violations queue, resolving each violation.
 ///
 /// Guards against stale/destroyed nodes and already-resolved
 /// violations.  The queue is empty when this function returns.


*** /home/josecelano/.rustup/toolchains/nightly-x86_64-unknown-linux-gnu/bin/cargo test --no-run --verbose --package=torrust-mudlark@1.0.0
       Fresh unicode-ident v1.0.24
       Fresh proc-macro2 v1.0.106
       Fresh cfg-if v1.0.4
       Fresh shlex v1.3.0
       Fresh autocfg v1.5.0
       Fresh find-msvc-tools v0.1.9
       Fresh once_cell v1.21.3
       Fresh regex-syntax v0.8.9
       Fresh either v1.15.0
       Fresh clap_lex v1.0.0
       Fresh pin-project-lite v0.2.16
       Fresh ciborium-io v0.2.2
       Fresh regex-automata v0.4.14
       Fresh cc v1.2.56
       Fresh tracing-core v0.1.36
       Fresh memchr v2.8.0
       Fresh itoa v1.0.17
       Fresh anstyle v1.0.13
       Fresh plotters-backend v0.3.7
       Fresh itertools v0.13.0
       Fresh lazy_static v1.5.0
       Fresh log v0.4.29
       Fresh quote v1.0.44
       Fresh serde_core v1.0.228
       Fresh crossbeam-utils v0.8.21
       Fresh zmij v1.0.21
       Fresh clap_builder v4.5.59
       Fresh libc v0.2.182
       Fresh plotters-svg v0.3.7
       Fresh same-file v1.0.6
       Fresh cast v0.3.0
       Fresh regex v1.12.3
       Fresh sharded-slab v0.1.7
       Fresh tracing-log v0.2.0
       Fresh matchers v0.2.0
       Fresh thread_local v1.1.9
       Fresh smallvec v1.15.1
       Fresh rand_core v0.10.0
       Fresh oorandom v11.1.5
       Fresh nu-ansi-term v0.50.3
       Fresh syn v2.0.116
       Fresh crossbeam-epoch v0.9.18
       Fresh num-traits v0.2.19
       Fresh serde_json v1.0.149
       Fresh page_size v0.6.0
       Fresh walkdir v2.5.0
       Fresh clap v4.5.59
       Fresh criterion-plot v0.8.2
       Fresh anes v0.1.6
       Fresh zerocopy-derive v0.8.39
       Fresh serde_derive v1.0.228
       Fresh crossbeam-deque v0.8.6
       Fresh tracing-attributes v0.1.31
       Fresh plotters v0.3.7
       Fresh alloca v0.4.0
       Fresh serde v1.0.228
       Fresh zerocopy v0.8.39
       Fresh tracing v0.1.44
       Fresh rayon-core v1.13.0
       Fresh half v2.7.1
       Fresh tinytemplate v1.2.1
       Fresh rayon v1.11.0
       Fresh tracing-subscriber v0.3.22
       Dirty torrust-mudlark v1.0.0 (/tmp/cargo-mutants-torrust-index-4akUoH.tmp/packages/mudlark): couldn't read metadata for file `target/debug/deps/libtorrust_mudlark-2366ab04bb498037.rlib`
   Compiling torrust-mudlark v1.0.0 (/tmp/cargo-mutants-torrust-index-4akUoH.tmp/packages/mudlark)
       Fresh ciborium-ll v0.2.2
       Fresh ciborium v0.2.2
       Fresh criterion v0.8.2
     Running `/home/josecelano/.rustup/toolchains/nightly-x86_64-unknown-linux-gnu/bin/rustc --crate-name torrust_mudlark --edition=2021 packages/mudlark/src/lib.rs --error-format=json --json=diagnostic-rendered-ansi,artifacts,future-incompat --crate-type lib --emit=dep-info,metadata,link -C opt-level=3 -C embed-bitcode=no -C debuginfo=2 --deny=unused --deny=warnings '--deny=clippy::suspicious' '--deny=clippy::style' --warn=rust-2024-compatibility --deny=rust-2021-compatibility --deny=rust-2018-idioms --deny=rust-2018-compatibility '--deny=clippy::perf' '--deny=clippy::pedantic' '--warn=clippy::nursery' --deny=nonstandard-style --deny=let-underscore --deny=future-incompatible --deny=deprecated-safe '--deny=clippy::correctness' '--deny=clippy::complexity' '--deny=clippy::all' --warn=unsafe-code '--allow=clippy::needless_return' -C debug-assertions=on --cfg 'feature="default"' --cfg 'feature="dynamic-contour-tracking"' --cfg 'feature="rand"' --cfg 'feature="serde"' --check-cfg 'cfg(docsrs,test)' --check-cfg 'cfg(feature, values("default", "dynamic-contour-tracking", "rand", "serde"))' -C metadata=5a9e0a69f43d7fca -C extra-filename=-2366ab04bb498037 --out-dir /tmp/cargo-mutants-torrust-index-4akUoH.tmp/target/debug/deps -C incremental=/tmp/cargo-mutants-torrust-index-4akUoH.tmp/target/debug/incremental -L dependency=/tmp/cargo-mutants-torrust-index-4akUoH.tmp/target/debug/deps --extern rand_core=/tmp/cargo-mutants-torrust-index-4akUoH.tmp/target/debug/deps/librand_core-b015e9dd1bce5577.rmeta --extern serde=/tmp/cargo-mutants-torrust-index-4akUoH.tmp/target/debug/deps/libserde-1c6754470d6c8879.rmeta --extern tracing=/tmp/cargo-mutants-torrust-index-4akUoH.tmp/target/debug/deps/libtracing-0f09a033a0ba4fd3.rmeta`
     Running `/home/josecelano/.rustup/toolchains/nightly-x86_64-unknown-linux-gnu/bin/rustc --crate-name torrust_mudlark --edition=2021 packages/mudlark/src/lib.rs --error-format=json --json=diagnostic-rendered-ansi,artifacts,future-incompat --emit=dep-info,link -C opt-level=3 -C embed-bitcode=no -C debuginfo=2 --deny=unused --deny=warnings '--deny=clippy::suspicious' '--deny=clippy::style' --warn=rust-2024-compatibility --deny=rust-2021-compatibility --deny=rust-2018-idioms --deny=rust-2018-compatibility '--deny=clippy::perf' '--deny=clippy::pedantic' '--warn=clippy::nursery' --deny=nonstandard-style --deny=let-underscore --deny=future-incompatible --deny=deprecated-safe '--deny=clippy::correctness' '--deny=clippy::complexity' '--deny=clippy::all' --warn=unsafe-code '--allow=clippy::needless_return' -C debug-assertions=on --test --cfg 'feature="default"' --cfg 'feature="dynamic-contour-tracking"' --cfg 'feature="rand"' --cfg 'feature="serde"' --check-cfg 'cfg(docsrs,test)' --check-cfg 'cfg(feature, values("default", "dynamic-contour-tracking", "rand", "serde"))' -C metadata=898ed3f7bb09811b -C extra-filename=-d93ef5a1599fb788 --out-dir /tmp/cargo-mutants-torrust-index-4akUoH.tmp/target/debug/deps -C incremental=/tmp/cargo-mutants-torrust-index-4akUoH.tmp/target/debug/incremental -L dependency=/tmp/cargo-mutants-torrust-index-4akUoH.tmp/target/debug/deps --extern criterion=/tmp/cargo-mutants-torrust-index-4akUoH.tmp/target/debug/deps/libcriterion-b84a63839cb37f2c.rlib --extern rand_core=/tmp/cargo-mutants-torrust-index-4akUoH.tmp/target/debug/deps/librand_core-b015e9dd1bce5577.rlib --extern serde=/tmp/cargo-mutants-torrust-index-4akUoH.tmp/target/debug/deps/libserde-1c6754470d6c8879.rlib --extern serde_json=/tmp/cargo-mutants-torrust-index-4akUoH.tmp/target/debug/deps/libserde_json-363d59a4b98be2da.rlib --extern tracing=/tmp/cargo-mutants-torrust-index-4akUoH.tmp/target/debug/deps/libtracing-0f09a033a0ba4fd3.rlib --extern tracing_subscriber=/tmp/cargo-mutants-torrust-index-4akUoH.tmp/target/debug/deps/libtracing_subscriber-fba044b037c0df52.rlib -L native=/tmp/cargo-mutants-torrust-index-4akUoH.tmp/target/debug/build/alloca-85d769ec4bee2a20/out`
error[E0277]: the trait bound `GNodeId: Default` is not satisfied
    --> packages/mudlark/src/rebalance.rs:1204:10
     |
1204 |     Some(Default::default()) /* ~ changed by cargo-mutants ~ */
     |          ^^^^^^^^^^^^^^^^^^ unsatisfied trait bound
     |
help: the trait `Default` is not implemented for `GNodeId`
    --> packages/mudlark/src/handle.rs:146:1
     |
 146 | pub struct GNodeId(NonZeroU32);
     | ^^^^^^^^^^^^^^^^^^

For more information about this error, try `rustc --explain E0277`.
error: could not compile `torrust-mudlark` (lib) due to 1 previous error

Caused by:
  process didn't exit successfully: `/home/josecelano/.rustup/toolchains/nightly-x86_64-unknown-linux-gnu/bin/rustc --crate-name torrust_mudlark --edition=2021 packages/mudlark/src/lib.rs --error-format=json --json=diagnostic-rendered-ansi,artifacts,future-incompat --crate-type lib --emit=dep-info,metadata,link -C opt-level=3 -C embed-bitcode=no -C debuginfo=2 --deny=unused --deny=warnings '--deny=clippy::suspicious' '--deny=clippy::style' --warn=rust-2024-compatibility --deny=rust-2021-compatibility --deny=rust-2018-idioms --deny=rust-2018-compatibility '--deny=clippy::perf' '--deny=clippy::pedantic' '--warn=clippy::nursery' --deny=nonstandard-style --deny=let-underscore --deny=future-incompatible --deny=deprecated-safe '--deny=clippy::correctness' '--deny=clippy::complexity' '--deny=clippy::all' --warn=unsafe-code '--allow=clippy::needless_return' -C debug-assertions=on --cfg 'feature="default"' --cfg 'feature="dynamic-contour-tracking"' --cfg 'feature="rand"' --cfg 'feature="serde"' --check-cfg 'cfg(docsrs,test)' --check-cfg 'cfg(feature, values("default", "dynamic-contour-tracking", "rand", "serde"))' -C metadata=5a9e0a69f43d7fca -C extra-filename=-2366ab04bb498037 --out-dir /tmp/cargo-mutants-torrust-index-4akUoH.tmp/target/debug/deps -C incremental=/tmp/cargo-mutants-torrust-index-4akUoH.tmp/target/debug/incremental -L dependency=/tmp/cargo-mutants-torrust-index-4akUoH.tmp/target/debug/deps --extern rand_core=/tmp/cargo-mutants-torrust-index-4akUoH.tmp/target/debug/deps/librand_core-b015e9dd1bce5577.rmeta --extern serde=/tmp/cargo-mutants-torrust-index-4akUoH.tmp/target/debug/deps/libserde-1c6754470d6c8879.rmeta --extern tracing=/tmp/cargo-mutants-torrust-index-4akUoH.tmp/target/debug/deps/libtracing-0f09a033a0ba4fd3.rmeta` (exit status: 1)
warning: build failed, waiting for other jobs to finish...
error[E0277]: the trait bound `handle::GNodeId: Default` is not satisfied
    --> packages/mudlark/src/rebalance.rs:1204:10
     |
1204 |     Some(Default::default()) /* ~ changed by cargo-mutants ~ */
     |          ^^^^^^^^^^^^^^^^^^ unsatisfied trait bound
     |
help: the trait `Default` is not implemented for `handle::GNodeId`
    --> packages/mudlark/src/handle.rs:146:1
     |
 146 | pub struct GNodeId(NonZeroU32);
     | ^^^^^^^^^^^^^^^^^^

error: could not compile `torrust-mudlark` (lib test) due to 1 previous error

Caused by:
  process didn't exit successfully: `/home/josecelano/.rustup/toolchains/nightly-x86_64-unknown-linux-gnu/bin/rustc --crate-name torrust_mudlark --edition=2021 packages/mudlark/src/lib.rs --error-format=json --json=diagnostic-rendered-ansi,artifacts,future-incompat --emit=dep-info,link -C opt-level=3 -C embed-bitcode=no -C debuginfo=2 --deny=unused --deny=warnings '--deny=clippy::suspicious' '--deny=clippy::style' --warn=rust-2024-compatibility --deny=rust-2021-compatibility --deny=rust-2018-idioms --deny=rust-2018-compatibility '--deny=clippy::perf' '--deny=clippy::pedantic' '--warn=clippy::nursery' --deny=nonstandard-style --deny=let-underscore --deny=future-incompatible --deny=deprecated-safe '--deny=clippy::correctness' '--deny=clippy::complexity' '--deny=clippy::all' --warn=unsafe-code '--allow=clippy::needless_return' -C debug-assertions=on --test --cfg 'feature="default"' --cfg 'feature="dynamic-contour-tracking"' --cfg 'feature="rand"' --cfg 'feature="serde"' --check-cfg 'cfg(docsrs,test)' --check-cfg 'cfg(feature, values("default", "dynamic-contour-tracking", "rand", "serde"))' -C metadata=898ed3f7bb09811b -C extra-filename=-d93ef5a1599fb788 --out-dir /tmp/cargo-mutants-torrust-index-4akUoH.tmp/target/debug/deps -C incremental=/tmp/cargo-mutants-torrust-index-4akUoH.tmp/target/debug/incremental -L dependency=/tmp/cargo-mutants-torrust-index-4akUoH.tmp/target/debug/deps --extern criterion=/tmp/cargo-mutants-torrust-index-4akUoH.tmp/target/debug/deps/libcriterion-b84a63839cb37f2c.rlib --extern rand_core=/tmp/cargo-mutants-torrust-index-4akUoH.tmp/target/debug/deps/librand_core-b015e9dd1bce5577.rlib --extern serde=/tmp/cargo-mutants-torrust-index-4akUoH.tmp/target/debug/deps/libserde-1c6754470d6c8879.rlib --extern serde_json=/tmp/cargo-mutants-torrust-index-4akUoH.tmp/target/debug/deps/libserde_json-363d59a4b98be2da.rlib --extern tracing=/tmp/cargo-mutants-torrust-index-4akUoH.tmp/target/debug/deps/libtracing-0f09a033a0ba4fd3.rlib --extern tracing_subscriber=/tmp/cargo-mutants-torrust-index-4akUoH.tmp/target/debug/deps/libtracing_subscriber-fba044b037c0df52.rlib -L native=/tmp/cargo-mutants-torrust-index-4akUoH.tmp/target/debug/build/alloca-85d769ec4bee2a20/out` (exit status: 1)

*** result: Failure(101)
