
*** packages/mudlark/src/invariants.rs:151:5: replace dump_gtree -> String with "xyzzy".into()

*** mutation diff:
--- packages/mudlark/src/invariants.rs
+++ replace dump_gtree -> String with "xyzzy".into()
@@ -143,48 +143,17 @@
 
 /// Dump the full G-tree structure to a `String` for debugging.
 ///
 /// Shows each G-node with its interval, state, parent, children,
 /// sum, own, V-entry, and basis membership. The tree is printed
 /// in arena-allocation order (by gnode index).
 #[allow(dead_code)]
 pub fn dump_gtree<C: Coordinate, V: Accumulator + Inspectable, const N: u32>(graph: &GvGraph<C, V, N>) -> String {
-    use std::fmt::Write;
-    let mut out = String::new();
-    writeln!(
-        out,
-        "═══ G-Tree dump (root=GNodeId({}), {} nodes) ═══",
-        graph.g_root().index(),
-        graph.node_count()
-    )
-    .unwrap();
-
-    for (idx, g) in graph.gnodes().iter_occupied() {
-        let gnode_id = GNodeId::from_index(idx);
-        let state = state_label(g.state());
-        let depth = gnode_depth_from_interval(g.lo, g.hi, N);
-        let parent_str = fmt_optional_gnode(g.parent, "None");
-        let left_str = fmt_optional_gnode(g.left, "_");
-        let right_str = fmt_optional_gnode(g.right, "_");
-        #[cfg(feature = "dynamic-contour-tracking")]
-        let basis_str = graph
-            .plateau_basis()
-            .plateau_key(gnode_id)
-            .map_or_else(|| "(not basis)".to_string(), |k| format!("basis={k:?}"));
-        #[cfg(not(feature = "dynamic-contour-tracking"))]
-        let basis_str = "";
-        let lineage = semi_internal_lineage(graph, gnode_id);
-
-        writeln!(out,
-            "  G({idx:>3}) {state} [{:>6.1}, {:>6.1})  d={depth}  par={parent_str}  L={left_str} R={right_str}  sum={:>8.1} own={:>8.1}  {basis_str}{lineage}",
-            g.lo.to_f64(), g.hi.to_f64(), g.sum.to_f64_approx(), g.own.to_f64_approx(),
-        ).unwrap();
-    }
-    out
+    "xyzzy".into() /* ~ changed by cargo-mutants ~ */
 }
 
 /// Dump the full plateau map to a `String` for debugging.
 ///
 /// Shows each plateau with its basis edge, depth, start/end, sum,
 /// and all basis elements with their spatial spans and states.
 /// Also flags P-I3 violations inline.
 #[cfg(feature = "dynamic-contour-tracking")]


*** /home/josecelano/.rustup/toolchains/nightly-x86_64-unknown-linux-gnu/bin/cargo test --no-run --verbose --package=torrust-mudlark@1.0.0
       Fresh unicode-ident v1.0.24
       Fresh cfg-if v1.0.4
       Fresh find-msvc-tools v0.1.9
       Fresh proc-macro2 v1.0.106
       Fresh autocfg v1.5.0
       Fresh regex-syntax v0.8.9
       Fresh once_cell v1.21.3
       Fresh shlex v1.3.0
       Fresh either v1.15.0
       Fresh memchr v2.8.0
       Fresh anstyle v1.0.13
       Fresh itoa v1.0.17
       Fresh pin-project-lite v0.2.16
       Fresh clap_lex v1.0.0
       Fresh plotters-backend v0.3.7
       Fresh ciborium-io v0.2.2
       Fresh cast v0.3.0
       Fresh lazy_static v1.5.0
       Fresh same-file v1.0.6
       Fresh log v0.4.29
       Fresh thread_local v1.1.9
       Fresh nu-ansi-term v0.50.3
       Fresh smallvec v1.15.1
       Fresh quote v1.0.44
       Fresh serde_core v1.0.228
       Fresh crossbeam-utils v0.8.21
       Fresh tracing-core v0.1.36
       Fresh regex-automata v0.4.14
       Fresh cc v1.2.56
       Fresh zmij v1.0.21
       Fresh itertools v0.13.0
       Fresh clap_builder v4.5.59
       Fresh plotters-svg v0.3.7
       Fresh walkdir v2.5.0
       Fresh sharded-slab v0.1.7
       Fresh anes v0.1.6
       Fresh oorandom v11.1.5
       Fresh rand_core v0.10.0
       Fresh syn v2.0.116
       Fresh crossbeam-epoch v0.9.18
       Fresh libc v0.2.182
       Fresh serde_json v1.0.149
       Fresh matchers v0.2.0
       Fresh clap v4.5.59
       Fresh tracing-log v0.2.0
       Fresh criterion-plot v0.8.2
       Fresh regex v1.12.3
       Fresh zerocopy-derive v0.8.39
       Fresh serde_derive v1.0.228
       Fresh tracing-attributes v0.1.31
       Fresh crossbeam-deque v0.8.6
       Fresh num-traits v0.2.19
       Fresh page_size v0.6.0
       Fresh serde v1.0.228
       Fresh zerocopy v0.8.39
       Fresh tracing v0.1.44
       Fresh rayon-core v1.13.0
       Fresh alloca v0.4.0
       Fresh plotters v0.3.7
       Fresh half v2.7.1
       Fresh tinytemplate v1.2.1
       Fresh rayon v1.11.0
       Fresh tracing-subscriber v0.3.22
       Dirty torrust-mudlark v1.0.0 (/tmp/cargo-mutants-torrust-index-UHwX9Z.tmp/packages/mudlark): couldn't read metadata for file `target/debug/deps/libtorrust_mudlark-2366ab04bb498037.rlib`
   Compiling torrust-mudlark v1.0.0 (/tmp/cargo-mutants-torrust-index-UHwX9Z.tmp/packages/mudlark)
       Fresh ciborium-ll v0.2.2
       Fresh ciborium v0.2.2
       Fresh criterion v0.8.2
     Running `/home/josecelano/.rustup/toolchains/nightly-x86_64-unknown-linux-gnu/bin/rustc --crate-name torrust_mudlark --edition=2021 packages/mudlark/src/lib.rs --error-format=json --json=diagnostic-rendered-ansi,artifacts,future-incompat --crate-type lib --emit=dep-info,metadata,link -C opt-level=3 -C embed-bitcode=no -C debuginfo=2 --deny=unused --deny=warnings '--deny=clippy::suspicious' '--deny=clippy::style' --warn=rust-2024-compatibility --deny=rust-2021-compatibility --deny=rust-2018-idioms --deny=rust-2018-compatibility '--deny=clippy::perf' '--deny=clippy::pedantic' '--warn=clippy::nursery' --deny=nonstandard-style --deny=let-underscore --deny=future-incompatible --deny=deprecated-safe '--deny=clippy::correctness' '--deny=clippy::complexity' '--deny=clippy::all' --warn=unsafe-code '--allow=clippy::needless_return' -C debug-assertions=on --cfg 'feature="default"' --cfg 'feature="dynamic-contour-tracking"' --cfg 'feature="rand"' --cfg 'feature="serde"' --check-cfg 'cfg(docsrs,test)' --check-cfg 'cfg(feature, values("default", "dynamic-contour-tracking", "rand", "serde"))' -C metadata=5a9e0a69f43d7fca -C extra-filename=-2366ab04bb498037 --out-dir /tmp/cargo-mutants-torrust-index-UHwX9Z.tmp/target/debug/deps -C incremental=/tmp/cargo-mutants-torrust-index-UHwX9Z.tmp/target/debug/incremental -L dependency=/tmp/cargo-mutants-torrust-index-UHwX9Z.tmp/target/debug/deps --extern rand_core=/tmp/cargo-mutants-torrust-index-UHwX9Z.tmp/target/debug/deps/librand_core-b015e9dd1bce5577.rmeta --extern serde=/tmp/cargo-mutants-torrust-index-UHwX9Z.tmp/target/debug/deps/libserde-1c6754470d6c8879.rmeta --extern tracing=/tmp/cargo-mutants-torrust-index-UHwX9Z.tmp/target/debug/deps/libtracing-0f09a033a0ba4fd3.rmeta`
     Running `/home/josecelano/.rustup/toolchains/nightly-x86_64-unknown-linux-gnu/bin/rustc --crate-name torrust_mudlark --edition=2021 packages/mudlark/src/lib.rs --error-format=json --json=diagnostic-rendered-ansi,artifacts,future-incompat --emit=dep-info,link -C opt-level=3 -C embed-bitcode=no -C debuginfo=2 --deny=unused --deny=warnings '--deny=clippy::suspicious' '--deny=clippy::style' --warn=rust-2024-compatibility --deny=rust-2021-compatibility --deny=rust-2018-idioms --deny=rust-2018-compatibility '--deny=clippy::perf' '--deny=clippy::pedantic' '--warn=clippy::nursery' --deny=nonstandard-style --deny=let-underscore --deny=future-incompatible --deny=deprecated-safe '--deny=clippy::correctness' '--deny=clippy::complexity' '--deny=clippy::all' --warn=unsafe-code '--allow=clippy::needless_return' -C debug-assertions=on --test --cfg 'feature="default"' --cfg 'feature="dynamic-contour-tracking"' --cfg 'feature="rand"' --cfg 'feature="serde"' --check-cfg 'cfg(docsrs,test)' --check-cfg 'cfg(feature, values("default", "dynamic-contour-tracking", "rand", "serde"))' -C metadata=898ed3f7bb09811b -C extra-filename=-d93ef5a1599fb788 --out-dir /tmp/cargo-mutants-torrust-index-UHwX9Z.tmp/target/debug/deps -C incremental=/tmp/cargo-mutants-torrust-index-UHwX9Z.tmp/target/debug/incremental -L dependency=/tmp/cargo-mutants-torrust-index-UHwX9Z.tmp/target/debug/deps --extern criterion=/tmp/cargo-mutants-torrust-index-UHwX9Z.tmp/target/debug/deps/libcriterion-b84a63839cb37f2c.rlib --extern rand_core=/tmp/cargo-mutants-torrust-index-UHwX9Z.tmp/target/debug/deps/librand_core-b015e9dd1bce5577.rlib --extern serde=/tmp/cargo-mutants-torrust-index-UHwX9Z.tmp/target/debug/deps/libserde-1c6754470d6c8879.rlib --extern serde_json=/tmp/cargo-mutants-torrust-index-UHwX9Z.tmp/target/debug/deps/libserde_json-363d59a4b98be2da.rlib --extern tracing=/tmp/cargo-mutants-torrust-index-UHwX9Z.tmp/target/debug/deps/libtracing-0f09a033a0ba4fd3.rlib --extern tracing_subscriber=/tmp/cargo-mutants-torrust-index-UHwX9Z.tmp/target/debug/deps/libtracing_subscriber-fba044b037c0df52.rlib -L native=/tmp/cargo-mutants-torrust-index-UHwX9Z.tmp/target/debug/build/alloca-85d769ec4bee2a20/out`
error: unused variable: `graph`
   --> packages/mudlark/src/invariants.rs:150:78
    |
150 | pub fn dump_gtree<C: Coordinate, V: Accumulator + Inspectable, const N: u32>(graph: &GvGraph<C, V, N>) -> String {
    |                                                                              ^^^^^ help: if this is intentional, prefix it with an underscore: `_graph`
    |
    = note: `-D unused-variables` implied by `-D unused`
    = help: to override `-D unused` add `#[allow(unused_variables)]`

error: function `fmt_optional_gnode` is never used
  --> packages/mudlark/src/invariants.rs:36:4
   |
36 | fn fmt_optional_gnode(opt: Option<GNodeId>, fallback: &str) -> String {
   |    ^^^^^^^^^^^^^^^^^^
   |
   = note: `-D dead-code` implied by `-D unused`
   = help: to override `-D unused` add `#[expect(dead_code)]` or `#[allow(dead_code)]`

error: could not compile `torrust-mudlark` (lib) due to 2 previous errors

Caused by:
  process didn't exit successfully: `/home/josecelano/.rustup/toolchains/nightly-x86_64-unknown-linux-gnu/bin/rustc --crate-name torrust_mudlark --edition=2021 packages/mudlark/src/lib.rs --error-format=json --json=diagnostic-rendered-ansi,artifacts,future-incompat --crate-type lib --emit=dep-info,metadata,link -C opt-level=3 -C embed-bitcode=no -C debuginfo=2 --deny=unused --deny=warnings '--deny=clippy::suspicious' '--deny=clippy::style' --warn=rust-2024-compatibility --deny=rust-2021-compatibility --deny=rust-2018-idioms --deny=rust-2018-compatibility '--deny=clippy::perf' '--deny=clippy::pedantic' '--warn=clippy::nursery' --deny=nonstandard-style --deny=let-underscore --deny=future-incompatible --deny=deprecated-safe '--deny=clippy::correctness' '--deny=clippy::complexity' '--deny=clippy::all' --warn=unsafe-code '--allow=clippy::needless_return' -C debug-assertions=on --cfg 'feature="default"' --cfg 'feature="dynamic-contour-tracking"' --cfg 'feature="rand"' --cfg 'feature="serde"' --check-cfg 'cfg(docsrs,test)' --check-cfg 'cfg(feature, values("default", "dynamic-contour-tracking", "rand", "serde"))' -C metadata=5a9e0a69f43d7fca -C extra-filename=-2366ab04bb498037 --out-dir /tmp/cargo-mutants-torrust-index-UHwX9Z.tmp/target/debug/deps -C incremental=/tmp/cargo-mutants-torrust-index-UHwX9Z.tmp/target/debug/incremental -L dependency=/tmp/cargo-mutants-torrust-index-UHwX9Z.tmp/target/debug/deps --extern rand_core=/tmp/cargo-mutants-torrust-index-UHwX9Z.tmp/target/debug/deps/librand_core-b015e9dd1bce5577.rmeta --extern serde=/tmp/cargo-mutants-torrust-index-UHwX9Z.tmp/target/debug/deps/libserde-1c6754470d6c8879.rmeta --extern tracing=/tmp/cargo-mutants-torrust-index-UHwX9Z.tmp/target/debug/deps/libtracing-0f09a033a0ba4fd3.rmeta` (exit status: 1)
warning: build failed, waiting for other jobs to finish...
error: could not compile `torrust-mudlark` (lib test) due to 2 previous errors

Caused by:
  process didn't exit successfully: `/home/josecelano/.rustup/toolchains/nightly-x86_64-unknown-linux-gnu/bin/rustc --crate-name torrust_mudlark --edition=2021 packages/mudlark/src/lib.rs --error-format=json --json=diagnostic-rendered-ansi,artifacts,future-incompat --emit=dep-info,link -C opt-level=3 -C embed-bitcode=no -C debuginfo=2 --deny=unused --deny=warnings '--deny=clippy::suspicious' '--deny=clippy::style' --warn=rust-2024-compatibility --deny=rust-2021-compatibility --deny=rust-2018-idioms --deny=rust-2018-compatibility '--deny=clippy::perf' '--deny=clippy::pedantic' '--warn=clippy::nursery' --deny=nonstandard-style --deny=let-underscore --deny=future-incompatible --deny=deprecated-safe '--deny=clippy::correctness' '--deny=clippy::complexity' '--deny=clippy::all' --warn=unsafe-code '--allow=clippy::needless_return' -C debug-assertions=on --test --cfg 'feature="default"' --cfg 'feature="dynamic-contour-tracking"' --cfg 'feature="rand"' --cfg 'feature="serde"' --check-cfg 'cfg(docsrs,test)' --check-cfg 'cfg(feature, values("default", "dynamic-contour-tracking", "rand", "serde"))' -C metadata=898ed3f7bb09811b -C extra-filename=-d93ef5a1599fb788 --out-dir /tmp/cargo-mutants-torrust-index-UHwX9Z.tmp/target/debug/deps -C incremental=/tmp/cargo-mutants-torrust-index-UHwX9Z.tmp/target/debug/incremental -L dependency=/tmp/cargo-mutants-torrust-index-UHwX9Z.tmp/target/debug/deps --extern criterion=/tmp/cargo-mutants-torrust-index-UHwX9Z.tmp/target/debug/deps/libcriterion-b84a63839cb37f2c.rlib --extern rand_core=/tmp/cargo-mutants-torrust-index-UHwX9Z.tmp/target/debug/deps/librand_core-b015e9dd1bce5577.rlib --extern serde=/tmp/cargo-mutants-torrust-index-UHwX9Z.tmp/target/debug/deps/libserde-1c6754470d6c8879.rlib --extern serde_json=/tmp/cargo-mutants-torrust-index-UHwX9Z.tmp/target/debug/deps/libserde_json-363d59a4b98be2da.rlib --extern tracing=/tmp/cargo-mutants-torrust-index-UHwX9Z.tmp/target/debug/deps/libtracing-0f09a033a0ba4fd3.rlib --extern tracing_subscriber=/tmp/cargo-mutants-torrust-index-UHwX9Z.tmp/target/debug/deps/libtracing_subscriber-fba044b037c0df52.rlib -L native=/tmp/cargo-mutants-torrust-index-UHwX9Z.tmp/target/debug/build/alloca-85d769ec4bee2a20/out` (exit status: 1)

*** result: Failure(101)
