
*** packages/mudlark/src/vtree.rs:32:5: replace vtree_remove_leaf -> Option<VNodeId> with None

*** mutation diff:
--- packages/mudlark/src/vtree.rs
+++ replace vtree_remove_leaf -> Option<VNodeId> with None
@@ -24,69 +24,17 @@
 ///
 /// Returns the new V-root (None if tree is now empty).
 pub fn vtree_remove_leaf<C: Coordinate, V: Accumulator>(
     vnodes: &mut Arena<VNode<V>>,
     gnodes: &mut Arena<GNode<C, V>>,
     v_id: VNodeId,
     v_root: Option<VNodeId>,
 ) -> Option<VNodeId> {
-    let span = tracing::debug_span!("vtree_remove_leaf", v_id = v_id.index(), case = tracing::field::Empty,).entered();
-
-    // Clear the G-node's entry link.
-    if let VKind::Entry { gnode, .. } = vnodes.get(v_id.index()).kind {
-        gnodes.get_mut(gnode.index()).entry = None;
-    }
-
-    let parent = vnodes.get(v_id.index()).parent;
-
-    // Case: root entry (no parent).
-    let Some(p_id) = parent else {
-        span.record("case", "root");
-        vnodes.dealloc(v_id.index());
-        return None;
-    };
-
-    let p = vnodes.get(p_id.index());
-    let p_child_count = match &p.kind {
-        VKind::Structural { children, .. } => children.len(),
-        VKind::Entry { .. } => unreachable!("parent of entry should be structural"),
-    };
-
-    if p_child_count == 3 {
-        // 3-node → 2-node: just remove the child.
-        span.record("case", "shrink");
-        remove_child_from_structural(vnodes, p_id, v_id);
-        propagate_v_sums_from(vnodes, p_id);
-        propagate_evictable_flags(vnodes, p_id);
-        vnodes.dealloc(v_id.index());
-        return v_root;
-    }
-
-    // 2-node parent → collapse: sole surviving child replaces parent.
-    span.record("case", "collapse");
-    let sole_id = sole_sibling(vnodes, p_id, v_id);
-    let grandparent = vnodes.get(p_id.index()).parent;
-
-    vnodes.get_mut(sole_id.index()).parent = grandparent;
-
-    // Invalidate depth cache for sole subtree (it moved up one level)
-    invalidate_depth_subtree(vnodes, sole_id);
-
-    let new_root = grandparent.map_or(Some(sole_id), |g_id| {
-        let sole_int = vnodes.get(sole_id.index()).intensity;
-        replace_child_in_parent(vnodes, g_id, p_id, sole_id, sole_int);
-        propagate_v_sums_from(vnodes, g_id);
-        propagate_evictable_flags(vnodes, g_id);
-        v_root
-    });
-
-    vnodes.dealloc(p_id.index());
-    vnodes.dealloc(v_id.index());
-    new_root
+    None /* ~ changed by cargo-mutants ~ */
 }
 
 /// Propagate V-Tree sum intensities upward from `start`.
 ///
 /// Implements §IDEA M-8.9.1 `propagate_v_sums`.
 pub fn propagate_v_sums<V: Accumulator>(vnodes: &mut Arena<VNode<V>>, start: VNodeId) {
     tracing::trace!(start = start.index(), "propagate_v_sums");
     let mut current = vnodes.get(start.index()).parent;


*** /home/josecelano/.rustup/toolchains/nightly-x86_64-unknown-linux-gnu/bin/cargo test --no-run --verbose --package=torrust-mudlark@1.0.0
       Fresh unicode-ident v1.0.24
       Fresh proc-macro2 v1.0.106
       Fresh quote v1.0.44
       Fresh syn v2.0.116
       Fresh serde_core v1.0.228
       Fresh cfg-if v1.0.4
       Fresh crossbeam-utils v0.8.21
       Fresh zerocopy-derive v0.8.39
       Fresh serde_derive v1.0.228
       Fresh regex-syntax v0.8.9
       Fresh shlex v1.3.0
       Fresh autocfg v1.5.0
       Fresh once_cell v1.21.3
       Fresh find-msvc-tools v0.1.9
       Fresh cc v1.2.56
       Fresh tracing-core v0.1.36
       Fresh regex-automata v0.4.14
       Fresh serde v1.0.228
       Fresh zerocopy v0.8.39
       Fresh crossbeam-epoch v0.9.18
       Fresh either v1.15.0
       Fresh crossbeam-deque v0.8.6
       Fresh half v2.7.1
       Fresh zmij v1.0.21
       Fresh tracing-attributes v0.1.31
       Fresh plotters-backend v0.3.7
       Fresh itoa v1.0.17
       Fresh anstyle v1.0.13
       Fresh clap_lex v1.0.0
       Fresh ciborium-io v0.2.2
       Fresh memchr v2.8.0
       Fresh pin-project-lite v0.2.16
       Fresh tracing v0.1.44
       Fresh serde_json v1.0.149
       Fresh ciborium-ll v0.2.2
       Fresh clap_builder v4.5.59
       Fresh plotters-svg v0.3.7
       Fresh num-traits v0.2.19
       Fresh rayon-core v1.13.0
       Fresh libc v0.2.182
       Fresh itertools v0.13.0
       Fresh lazy_static v1.5.0
       Fresh same-file v1.0.6
       Fresh cast v0.3.0
       Fresh log v0.4.29
       Fresh tracing-log v0.2.0
       Fresh criterion-plot v0.8.2
       Fresh walkdir v2.5.0
       Fresh sharded-slab v0.1.7
       Fresh page_size v0.6.0
       Fresh rayon v1.11.0
       Fresh plotters v0.3.7
       Fresh alloca v0.4.0
       Fresh clap v4.5.59
       Fresh ciborium v0.2.2
       Fresh tinytemplate v1.2.1
       Fresh regex v1.12.3
       Fresh matchers v0.2.0
       Fresh thread_local v1.1.9
       Fresh oorandom v11.1.5
       Fresh smallvec v1.15.1
       Fresh anes v0.1.6
       Fresh rand_core v0.10.0
       Fresh nu-ansi-term v0.50.3
       Fresh tracing-subscriber v0.3.22
       Fresh criterion v0.8.2
       Dirty torrust-mudlark v1.0.0 (/tmp/cargo-mutants-torrust-index-Xjf6Dz.tmp/packages/mudlark): couldn't read metadata for file `target/debug/deps/libtorrust_mudlark-2366ab04bb498037.rlib`
   Compiling torrust-mudlark v1.0.0 (/tmp/cargo-mutants-torrust-index-Xjf6Dz.tmp/packages/mudlark)
     Running `/home/josecelano/.rustup/toolchains/nightly-x86_64-unknown-linux-gnu/bin/rustc --crate-name torrust_mudlark --edition=2021 packages/mudlark/src/lib.rs --error-format=json --json=diagnostic-rendered-ansi,artifacts,future-incompat --crate-type lib --emit=dep-info,metadata,link -C opt-level=3 -C embed-bitcode=no -C debuginfo=2 --deny=unused --deny=warnings '--deny=clippy::suspicious' '--deny=clippy::style' --warn=rust-2024-compatibility --deny=rust-2021-compatibility --deny=rust-2018-idioms --deny=rust-2018-compatibility '--deny=clippy::perf' '--deny=clippy::pedantic' '--warn=clippy::nursery' --deny=nonstandard-style --deny=let-underscore --deny=future-incompatible --deny=deprecated-safe '--deny=clippy::correctness' '--deny=clippy::complexity' '--deny=clippy::all' --warn=unsafe-code '--allow=clippy::needless_return' -C debug-assertions=on --cfg 'feature="default"' --cfg 'feature="dynamic-contour-tracking"' --cfg 'feature="rand"' --cfg 'feature="serde"' --check-cfg 'cfg(docsrs,test)' --check-cfg 'cfg(feature, values("default", "dynamic-contour-tracking", "rand", "serde"))' -C metadata=5a9e0a69f43d7fca -C extra-filename=-2366ab04bb498037 --out-dir /tmp/cargo-mutants-torrust-index-Xjf6Dz.tmp/target/debug/deps -C incremental=/tmp/cargo-mutants-torrust-index-Xjf6Dz.tmp/target/debug/incremental -L dependency=/tmp/cargo-mutants-torrust-index-Xjf6Dz.tmp/target/debug/deps --extern rand_core=/tmp/cargo-mutants-torrust-index-Xjf6Dz.tmp/target/debug/deps/librand_core-b015e9dd1bce5577.rmeta --extern serde=/tmp/cargo-mutants-torrust-index-Xjf6Dz.tmp/target/debug/deps/libserde-1c6754470d6c8879.rmeta --extern tracing=/tmp/cargo-mutants-torrust-index-Xjf6Dz.tmp/target/debug/deps/libtracing-0f09a033a0ba4fd3.rmeta`
     Running `/home/josecelano/.rustup/toolchains/nightly-x86_64-unknown-linux-gnu/bin/rustc --crate-name torrust_mudlark --edition=2021 packages/mudlark/src/lib.rs --error-format=json --json=diagnostic-rendered-ansi,artifacts,future-incompat --emit=dep-info,link -C opt-level=3 -C embed-bitcode=no -C debuginfo=2 --deny=unused --deny=warnings '--deny=clippy::suspicious' '--deny=clippy::style' --warn=rust-2024-compatibility --deny=rust-2021-compatibility --deny=rust-2018-idioms --deny=rust-2018-compatibility '--deny=clippy::perf' '--deny=clippy::pedantic' '--warn=clippy::nursery' --deny=nonstandard-style --deny=let-underscore --deny=future-incompatible --deny=deprecated-safe '--deny=clippy::correctness' '--deny=clippy::complexity' '--deny=clippy::all' --warn=unsafe-code '--allow=clippy::needless_return' -C debug-assertions=on --test --cfg 'feature="default"' --cfg 'feature="dynamic-contour-tracking"' --cfg 'feature="rand"' --cfg 'feature="serde"' --check-cfg 'cfg(docsrs,test)' --check-cfg 'cfg(feature, values("default", "dynamic-contour-tracking", "rand", "serde"))' -C metadata=898ed3f7bb09811b -C extra-filename=-d93ef5a1599fb788 --out-dir /tmp/cargo-mutants-torrust-index-Xjf6Dz.tmp/target/debug/deps -C incremental=/tmp/cargo-mutants-torrust-index-Xjf6Dz.tmp/target/debug/incremental -L dependency=/tmp/cargo-mutants-torrust-index-Xjf6Dz.tmp/target/debug/deps --extern criterion=/tmp/cargo-mutants-torrust-index-Xjf6Dz.tmp/target/debug/deps/libcriterion-b84a63839cb37f2c.rlib --extern rand_core=/tmp/cargo-mutants-torrust-index-Xjf6Dz.tmp/target/debug/deps/librand_core-b015e9dd1bce5577.rlib --extern serde=/tmp/cargo-mutants-torrust-index-Xjf6Dz.tmp/target/debug/deps/libserde-1c6754470d6c8879.rlib --extern serde_json=/tmp/cargo-mutants-torrust-index-Xjf6Dz.tmp/target/debug/deps/libserde_json-363d59a4b98be2da.rlib --extern tracing=/tmp/cargo-mutants-torrust-index-Xjf6Dz.tmp/target/debug/deps/libtracing-0f09a033a0ba4fd3.rlib --extern tracing_subscriber=/tmp/cargo-mutants-torrust-index-Xjf6Dz.tmp/target/debug/deps/libtracing_subscriber-fba044b037c0df52.rlib -L native=/tmp/cargo-mutants-torrust-index-Xjf6Dz.tmp/target/debug/build/alloca-85d769ec4bee2a20/out`
error: unused variable: `vnodes`
  --> packages/mudlark/src/vtree.rs:27:5
   |
27 |     vnodes: &mut Arena<VNode<V>>,
   |     ^^^^^^ help: if this is intentional, prefix it with an underscore: `_vnodes`
   |
   = note: `-D unused-variables` implied by `-D unused`
   = help: to override `-D unused` add `#[allow(unused_variables)]`

error: unused variable: `gnodes`
  --> packages/mudlark/src/vtree.rs:28:5
   |
28 |     gnodes: &mut Arena<GNode<C, V>>,
   |     ^^^^^^ help: if this is intentional, prefix it with an underscore: `_gnodes`

error: unused variable: `v_id`
  --> packages/mudlark/src/vtree.rs:29:5
   |
29 |     v_id: VNodeId,
   |     ^^^^ help: if this is intentional, prefix it with an underscore: `_v_id`

error: unused variable: `v_root`
  --> packages/mudlark/src/vtree.rs:30:5
   |
30 |     v_root: Option<VNodeId>,
   |     ^^^^^^ help: if this is intentional, prefix it with an underscore: `_v_root`

error: method `remove_child` is never used
   --> packages/mudlark/src/vnode.rs:215:12
    |
110 | impl<V: Copy + Default + PartialOrd> PackedChildren<V> {
    | ------------------------------------------------------ method in this implementation
...
215 |     pub fn remove_child(&mut self, id: VNodeId) -> (VNodeId, V) {
    |            ^^^^^^^^^^^^
    |
    = note: `-D dead-code` implied by `-D unused`
    = help: to override `-D unused` add `#[expect(dead_code)]` or `#[allow(dead_code)]`

error: function `remove_child_from_structural` is never used
   --> packages/mudlark/src/vtree.rs:232:4
    |
232 | fn remove_child_from_structural<V: Accumulator>(vnodes: &mut Arena<VNode<V>>, parent: VNodeId, child: VNodeId) {
    |    ^^^^^^^^^^^^^^^^^^^^^^^^^^^^

error: function `sole_sibling` is never used
   --> packages/mudlark/src/vtree.rs:240:4
    |
240 | fn sole_sibling<V: Accumulator>(vnodes: &Arena<VNode<V>>, parent: VNodeId, child: VNodeId) -> VNodeId {
    |    ^^^^^^^^^^^^

error: function `propagate_v_sums_from` is never used
   --> packages/mudlark/src/vtree.rs:268:4
    |
268 | fn propagate_v_sums_from<V: Accumulator>(vnodes: &mut Arena<VNode<V>>, start: VNodeId) {
    |    ^^^^^^^^^^^^^^^^^^^^^

error: could not compile `torrust-mudlark` (lib) due to 8 previous errors

Caused by:
  process didn't exit successfully: `/home/josecelano/.rustup/toolchains/nightly-x86_64-unknown-linux-gnu/bin/rustc --crate-name torrust_mudlark --edition=2021 packages/mudlark/src/lib.rs --error-format=json --json=diagnostic-rendered-ansi,artifacts,future-incompat --crate-type lib --emit=dep-info,metadata,link -C opt-level=3 -C embed-bitcode=no -C debuginfo=2 --deny=unused --deny=warnings '--deny=clippy::suspicious' '--deny=clippy::style' --warn=rust-2024-compatibility --deny=rust-2021-compatibility --deny=rust-2018-idioms --deny=rust-2018-compatibility '--deny=clippy::perf' '--deny=clippy::pedantic' '--warn=clippy::nursery' --deny=nonstandard-style --deny=let-underscore --deny=future-incompatible --deny=deprecated-safe '--deny=clippy::correctness' '--deny=clippy::complexity' '--deny=clippy::all' --warn=unsafe-code '--allow=clippy::needless_return' -C debug-assertions=on --cfg 'feature="default"' --cfg 'feature="dynamic-contour-tracking"' --cfg 'feature="rand"' --cfg 'feature="serde"' --check-cfg 'cfg(docsrs,test)' --check-cfg 'cfg(feature, values("default", "dynamic-contour-tracking", "rand", "serde"))' -C metadata=5a9e0a69f43d7fca -C extra-filename=-2366ab04bb498037 --out-dir /tmp/cargo-mutants-torrust-index-Xjf6Dz.tmp/target/debug/deps -C incremental=/tmp/cargo-mutants-torrust-index-Xjf6Dz.tmp/target/debug/incremental -L dependency=/tmp/cargo-mutants-torrust-index-Xjf6Dz.tmp/target/debug/deps --extern rand_core=/tmp/cargo-mutants-torrust-index-Xjf6Dz.tmp/target/debug/deps/librand_core-b015e9dd1bce5577.rmeta --extern serde=/tmp/cargo-mutants-torrust-index-Xjf6Dz.tmp/target/debug/deps/libserde-1c6754470d6c8879.rmeta --extern tracing=/tmp/cargo-mutants-torrust-index-Xjf6Dz.tmp/target/debug/deps/libtracing-0f09a033a0ba4fd3.rmeta` (exit status: 1)
warning: build failed, waiting for other jobs to finish...
error: function `remove_child_from_structural` is never used
   --> packages/mudlark/src/vtree.rs:232:4
    |
232 | fn remove_child_from_structural<V: Accumulator>(vnodes: &mut Arena<VNode<V>>, parent: VNodeId, child: VNodeId) {
    |    ^^^^^^^^^^^^^^^^^^^^^^^^^^^^
    |
    = note: `-D dead-code` implied by `-D unused`
    = help: to override `-D unused` add `#[expect(dead_code)]` or `#[allow(dead_code)]`

error: could not compile `torrust-mudlark` (lib test) due to 7 previous errors

Caused by:
  process didn't exit successfully: `/home/josecelano/.rustup/toolchains/nightly-x86_64-unknown-linux-gnu/bin/rustc --crate-name torrust_mudlark --edition=2021 packages/mudlark/src/lib.rs --error-format=json --json=diagnostic-rendered-ansi,artifacts,future-incompat --emit=dep-info,link -C opt-level=3 -C embed-bitcode=no -C debuginfo=2 --deny=unused --deny=warnings '--deny=clippy::suspicious' '--deny=clippy::style' --warn=rust-2024-compatibility --deny=rust-2021-compatibility --deny=rust-2018-idioms --deny=rust-2018-compatibility '--deny=clippy::perf' '--deny=clippy::pedantic' '--warn=clippy::nursery' --deny=nonstandard-style --deny=let-underscore --deny=future-incompatible --deny=deprecated-safe '--deny=clippy::correctness' '--deny=clippy::complexity' '--deny=clippy::all' --warn=unsafe-code '--allow=clippy::needless_return' -C debug-assertions=on --test --cfg 'feature="default"' --cfg 'feature="dynamic-contour-tracking"' --cfg 'feature="rand"' --cfg 'feature="serde"' --check-cfg 'cfg(docsrs,test)' --check-cfg 'cfg(feature, values("default", "dynamic-contour-tracking", "rand", "serde"))' -C metadata=898ed3f7bb09811b -C extra-filename=-d93ef5a1599fb788 --out-dir /tmp/cargo-mutants-torrust-index-Xjf6Dz.tmp/target/debug/deps -C incremental=/tmp/cargo-mutants-torrust-index-Xjf6Dz.tmp/target/debug/incremental -L dependency=/tmp/cargo-mutants-torrust-index-Xjf6Dz.tmp/target/debug/deps --extern criterion=/tmp/cargo-mutants-torrust-index-Xjf6Dz.tmp/target/debug/deps/libcriterion-b84a63839cb37f2c.rlib --extern rand_core=/tmp/cargo-mutants-torrust-index-Xjf6Dz.tmp/target/debug/deps/librand_core-b015e9dd1bce5577.rlib --extern serde=/tmp/cargo-mutants-torrust-index-Xjf6Dz.tmp/target/debug/deps/libserde-1c6754470d6c8879.rlib --extern serde_json=/tmp/cargo-mutants-torrust-index-Xjf6Dz.tmp/target/debug/deps/libserde_json-363d59a4b98be2da.rlib --extern tracing=/tmp/cargo-mutants-torrust-index-Xjf6Dz.tmp/target/debug/deps/libtracing-0f09a033a0ba4fd3.rlib --extern tracing_subscriber=/tmp/cargo-mutants-torrust-index-Xjf6Dz.tmp/target/debug/deps/libtracing_subscriber-fba044b037c0df52.rlib -L native=/tmp/cargo-mutants-torrust-index-Xjf6Dz.tmp/target/debug/build/alloca-85d769ec4bee2a20/out` (exit status: 1)

*** result: Failure(101)
