
*** packages/mudlark/src/decay.rs:204:9: replace GvGraph<C, V, N>::decay_selective with ()

*** mutation diff:
--- packages/mudlark/src/decay.rs
+++ replace GvGraph<C, V, N>::decay_selective with ()
@@ -196,118 +196,16 @@
         }
     }
 
     // ── Selective path (q > 0) ──────────────────────────────────
 
     /// Per-depth factor table, bottom-up G-sum recompute, trailing
     /// rebalance.
     fn decay_selective(&mut self, root: GNodeId, att: f64, q: f64, is_global: bool) {
-        let _span = tracing::debug_span!("decay_selective", root = root.index(), att, q, is_global,).entered();
-
-        let d_root = self.gnode_depth(root);
-        let depth_range = N - d_root;
-
-        // 1. Precompute per-depth factor table.
-        //    factors[d_local] = exp(ln(att) * (1 + q * (2*d_local/D - 1)))
-        let ln_att = att.ln();
-        let factors: Vec<f64> = (0..=depth_range)
-            .map(|d_local| {
-                let t = if depth_range == 0 {
-                    0.0
-                } else {
-                    2.0 * f64::from(d_local) / f64::from(depth_range) - 1.0
-                };
-                (ln_att * q.mul_add(t, 1.0)).exp()
-            })
-            .collect();
-
-        // 2. DFS walk: collect nodes in pre-order for bottom-up
-        //    reversal, scale g.own per depth.
-        let mut order = Vec::new();
-        let mut stack = vec![root];
-        while let Some(gid) = stack.pop() {
-            order.push(gid);
-
-            let g = self.gnodes.get(gid.index());
-            let d_local = self.gnode_depth(gid) - d_root;
-            let factor = factors[d_local as usize];
-
-            // Scale own.
-            let new_own = g.own.attenuate(factor);
-            // Drop immutable borrow before mutable access.
-            let g = self.gnodes.get_mut(gid.index());
-            g.own = new_own;
-
-            // Push children (read from immutable borrow).
-            let g = self.gnodes.get(gid.index());
-            if let Some(left) = g.left {
-                stack.push(left);
-            }
-            if let Some(right) = g.right {
-                stack.push(right);
-            }
-        }
-
-        // 3. Recompute g.sum bottom-up within subtree.
-        gtree::recompute_g_sums_subtree(&mut self.gnodes, &order);
-
-        // 4. Propagate G-sums above the subtree.
-        if !is_global {
-            if let Some(parent) = self.gnodes.get(root.index()).parent {
-                gtree::recompute_g_sums(&mut self.gnodes, parent);
-            }
-        }
-
-        // 5. Sync V-entry intensities from g.own.
-        for &gid in &order {
-            let g = self.gnodes.get(gid.index());
-            if let Some(v_id) = g.entry {
-                let own = g.own;
-                self.vnodes.get_mut(v_id.index()).intensity = own;
-            }
-        }
-
-        // 6. Recompute all V-structural intensities bottom-up.
-        if let Some(v_root) = self.v_root {
-            vtree::recompute_all_v_intensities(&mut self.vnodes, v_root);
-        }
-
-        // 7. Detect V-I3 violations and rebalance.
-        //    Selective decay changes relative ordering within the subtree,
-        //    so rebalance is always needed (even for global).
-        let _ = is_global; // Both paths rebalance for selective.
-        self.violations = rebalance::find_violated_nodes(&self.vnodes);
-        let new_gnodes = rebalance::rebalance(
-            &mut self.vnodes,
-            &mut self.gnodes,
-            &mut self.violations,
-            self.live_depth_evict,
-        );
-        if !new_gnodes.is_empty() {
-            self.handle_legacy_promotes(&new_gnodes);
-        }
-
-        // 8. Plateau sum recomputation (no-op without `plateau` feature).
-        self.plateau_recompute_sums("DECAY-SELECTIVE");
-
-        // 9. Normalize plateaus after sum changes.
-        // ADR-M-031 Phase 4: mark dirty so normalize runs.
-        #[cfg(feature = "dynamic-contour-tracking")]
-        {
-            self.plateaus_dirty = true;
-        }
-        self.normalize_plateaus();
-
-        // 10. Re-run P-I4 repair after normalization.
-        self.repair_p_i4();
-
-        #[cfg(feature = "dynamic-contour-tracking")]
-        if cfg!(debug_assertions) || tracing::enabled!(tracing::Level::DEBUG) {
-            self.debug_assert_plateau_mirror_consistency("POST-DECAY-SELECTIVE");
-        }
+        () /* ~ changed by cargo-mutants ~ */
     }
 }
 
 // ── Tests ───────────────────────────────────────────────────────────
 
 #[cfg(test)]
 mod tests {}


*** /home/josecelano/.rustup/toolchains/nightly-x86_64-unknown-linux-gnu/bin/cargo test --no-run --verbose --package=torrust-mudlark@1.0.0
       Fresh unicode-ident v1.0.24
       Fresh cfg-if v1.0.4
       Fresh once_cell v1.21.3
       Fresh regex-syntax v0.8.9
       Fresh shlex v1.3.0
       Fresh autocfg v1.5.0
       Fresh find-msvc-tools v0.1.9
       Fresh either v1.15.0
       Fresh proc-macro2 v1.0.106
       Fresh cc v1.2.56
       Fresh tracing-core v0.1.36
       Fresh regex-automata v0.4.14
       Fresh pin-project-lite v0.2.16
       Fresh anstyle v1.0.13
       Fresh memchr v2.8.0
       Fresh quote v1.0.44
       Fresh serde_core v1.0.228
       Fresh crossbeam-utils v0.8.21
       Fresh zmij v1.0.21
       Fresh itoa v1.0.17
       Fresh ciborium-io v0.2.2
       Fresh clap_lex v1.0.0
       Fresh plotters-backend v0.3.7
       Fresh libc v0.2.182
       Fresh itertools v0.13.0
       Fresh cast v0.3.0
       Fresh lazy_static v1.5.0
       Fresh log v0.4.29
       Fresh same-file v1.0.6
       Fresh syn v2.0.116
       Fresh crossbeam-epoch v0.9.18
       Fresh num-traits v0.2.19
       Fresh serde_json v1.0.149
       Fresh clap_builder v4.5.59
       Fresh plotters-svg v0.3.7
       Fresh sharded-slab v0.1.7
       Fresh walkdir v2.5.0
       Fresh page_size v0.6.0
       Fresh tracing-log v0.2.0
       Fresh criterion-plot v0.8.2
       Fresh matchers v0.2.0
       Fresh regex v1.12.3
       Fresh thread_local v1.1.9
       Fresh oorandom v11.1.5
       Fresh anes v0.1.6
       Fresh serde_derive v1.0.228
       Fresh zerocopy-derive v0.8.39
       Fresh tracing-attributes v0.1.31
       Fresh crossbeam-deque v0.8.6
       Fresh plotters v0.3.7
       Fresh clap v4.5.59
       Fresh alloca v0.4.0
       Fresh smallvec v1.15.1
       Fresh rand_core v0.10.0
       Fresh nu-ansi-term v0.50.3
       Fresh serde v1.0.228
       Fresh zerocopy v0.8.39
       Fresh rayon-core v1.13.0
       Fresh tracing v0.1.44
       Fresh half v2.7.1
       Fresh tinytemplate v1.2.1
       Fresh rayon v1.11.0
       Fresh tracing-subscriber v0.3.22
       Dirty torrust-mudlark v1.0.0 (/tmp/cargo-mutants-torrust-index-Xjf6Dz.tmp/packages/mudlark): the file `packages/mudlark/src/decay.rs` has changed (1773695456.741233948s, 18s after last build at 1773695438.834331782s)
   Compiling torrust-mudlark v1.0.0 (/tmp/cargo-mutants-torrust-index-Xjf6Dz.tmp/packages/mudlark)
       Fresh ciborium-ll v0.2.2
       Fresh ciborium v0.2.2
       Fresh criterion v0.8.2
     Running `/home/josecelano/.rustup/toolchains/nightly-x86_64-unknown-linux-gnu/bin/rustc --crate-name torrust_mudlark --edition=2021 packages/mudlark/src/lib.rs --error-format=json --json=diagnostic-rendered-ansi,artifacts,future-incompat --emit=dep-info,link -C opt-level=3 -C embed-bitcode=no -C debuginfo=2 --deny=unused --deny=warnings '--deny=clippy::suspicious' '--deny=clippy::style' --warn=rust-2024-compatibility --deny=rust-2021-compatibility --deny=rust-2018-idioms --deny=rust-2018-compatibility '--deny=clippy::perf' '--deny=clippy::pedantic' '--warn=clippy::nursery' --deny=nonstandard-style --deny=let-underscore --deny=future-incompatible --deny=deprecated-safe '--deny=clippy::correctness' '--deny=clippy::complexity' '--deny=clippy::all' --warn=unsafe-code '--allow=clippy::needless_return' -C debug-assertions=on --test --cfg 'feature="default"' --cfg 'feature="dynamic-contour-tracking"' --cfg 'feature="rand"' --cfg 'feature="serde"' --check-cfg 'cfg(docsrs,test)' --check-cfg 'cfg(feature, values("default", "dynamic-contour-tracking", "rand", "serde"))' -C metadata=898ed3f7bb09811b -C extra-filename=-d93ef5a1599fb788 --out-dir /tmp/cargo-mutants-torrust-index-Xjf6Dz.tmp/target/debug/deps -C incremental=/tmp/cargo-mutants-torrust-index-Xjf6Dz.tmp/target/debug/incremental -L dependency=/tmp/cargo-mutants-torrust-index-Xjf6Dz.tmp/target/debug/deps --extern criterion=/tmp/cargo-mutants-torrust-index-Xjf6Dz.tmp/target/debug/deps/libcriterion-b84a63839cb37f2c.rlib --extern rand_core=/tmp/cargo-mutants-torrust-index-Xjf6Dz.tmp/target/debug/deps/librand_core-b015e9dd1bce5577.rlib --extern serde=/tmp/cargo-mutants-torrust-index-Xjf6Dz.tmp/target/debug/deps/libserde-1c6754470d6c8879.rlib --extern serde_json=/tmp/cargo-mutants-torrust-index-Xjf6Dz.tmp/target/debug/deps/libserde_json-363d59a4b98be2da.rlib --extern tracing=/tmp/cargo-mutants-torrust-index-Xjf6Dz.tmp/target/debug/deps/libtracing-0f09a033a0ba4fd3.rlib --extern tracing_subscriber=/tmp/cargo-mutants-torrust-index-Xjf6Dz.tmp/target/debug/deps/libtracing_subscriber-fba044b037c0df52.rlib -L native=/tmp/cargo-mutants-torrust-index-Xjf6Dz.tmp/target/debug/build/alloca-85d769ec4bee2a20/out`
     Running `/home/josecelano/.rustup/toolchains/nightly-x86_64-unknown-linux-gnu/bin/rustc --crate-name torrust_mudlark --edition=2021 packages/mudlark/src/lib.rs --error-format=json --json=diagnostic-rendered-ansi,artifacts,future-incompat --crate-type lib --emit=dep-info,metadata,link -C opt-level=3 -C embed-bitcode=no -C debuginfo=2 --deny=unused --deny=warnings '--deny=clippy::suspicious' '--deny=clippy::style' --warn=rust-2024-compatibility --deny=rust-2021-compatibility --deny=rust-2018-idioms --deny=rust-2018-compatibility '--deny=clippy::perf' '--deny=clippy::pedantic' '--warn=clippy::nursery' --deny=nonstandard-style --deny=let-underscore --deny=future-incompatible --deny=deprecated-safe '--deny=clippy::correctness' '--deny=clippy::complexity' '--deny=clippy::all' --warn=unsafe-code '--allow=clippy::needless_return' -C debug-assertions=on --cfg 'feature="default"' --cfg 'feature="dynamic-contour-tracking"' --cfg 'feature="rand"' --cfg 'feature="serde"' --check-cfg 'cfg(docsrs,test)' --check-cfg 'cfg(feature, values("default", "dynamic-contour-tracking", "rand", "serde"))' -C metadata=5a9e0a69f43d7fca -C extra-filename=-2366ab04bb498037 --out-dir /tmp/cargo-mutants-torrust-index-Xjf6Dz.tmp/target/debug/deps -C incremental=/tmp/cargo-mutants-torrust-index-Xjf6Dz.tmp/target/debug/incremental -L dependency=/tmp/cargo-mutants-torrust-index-Xjf6Dz.tmp/target/debug/deps --extern rand_core=/tmp/cargo-mutants-torrust-index-Xjf6Dz.tmp/target/debug/deps/librand_core-b015e9dd1bce5577.rmeta --extern serde=/tmp/cargo-mutants-torrust-index-Xjf6Dz.tmp/target/debug/deps/libserde-1c6754470d6c8879.rmeta --extern tracing=/tmp/cargo-mutants-torrust-index-Xjf6Dz.tmp/target/debug/deps/libtracing-0f09a033a0ba4fd3.rmeta`
error: unused variable: `root`
   --> packages/mudlark/src/decay.rs:203:35
    |
203 |     fn decay_selective(&mut self, root: GNodeId, att: f64, q: f64, is_global: bool) {
    |                                   ^^^^ help: if this is intentional, prefix it with an underscore: `_root`
    |
    = note: `-D unused-variables` implied by `-D unused`
    = help: to override `-D unused` add `#[allow(unused_variables)]`

error: unused variable: `att`
   --> packages/mudlark/src/decay.rs:203:50
    |
203 |     fn decay_selective(&mut self, root: GNodeId, att: f64, q: f64, is_global: bool) {
    |                                                  ^^^ help: if this is intentional, prefix it with an underscore: `_att`

error: unused variable: `q`
   --> packages/mudlark/src/decay.rs:203:60
    |
203 |     fn decay_selective(&mut self, root: GNodeId, att: f64, q: f64, is_global: bool) {
    |                                                            ^ help: if this is intentional, prefix it with an underscore: `_q`

error: unused variable: `is_global`
   --> packages/mudlark/src/decay.rs:203:68
    |
203 |     fn decay_selective(&mut self, root: GNodeId, att: f64, q: f64, is_global: bool) {
    |                                                                    ^^^^^^^^^ help: if this is intentional, prefix it with an underscore: `_is_global`

error: could not compile `torrust-mudlark` (lib) due to 4 previous errors

Caused by:
  process didn't exit successfully: `/home/josecelano/.rustup/toolchains/nightly-x86_64-unknown-linux-gnu/bin/rustc --crate-name torrust_mudlark --edition=2021 packages/mudlark/src/lib.rs --error-format=json --json=diagnostic-rendered-ansi,artifacts,future-incompat --crate-type lib --emit=dep-info,metadata,link -C opt-level=3 -C embed-bitcode=no -C debuginfo=2 --deny=unused --deny=warnings '--deny=clippy::suspicious' '--deny=clippy::style' --warn=rust-2024-compatibility --deny=rust-2021-compatibility --deny=rust-2018-idioms --deny=rust-2018-compatibility '--deny=clippy::perf' '--deny=clippy::pedantic' '--warn=clippy::nursery' --deny=nonstandard-style --deny=let-underscore --deny=future-incompatible --deny=deprecated-safe '--deny=clippy::correctness' '--deny=clippy::complexity' '--deny=clippy::all' --warn=unsafe-code '--allow=clippy::needless_return' -C debug-assertions=on --cfg 'feature="default"' --cfg 'feature="dynamic-contour-tracking"' --cfg 'feature="rand"' --cfg 'feature="serde"' --check-cfg 'cfg(docsrs,test)' --check-cfg 'cfg(feature, values("default", "dynamic-contour-tracking", "rand", "serde"))' -C metadata=5a9e0a69f43d7fca -C extra-filename=-2366ab04bb498037 --out-dir /tmp/cargo-mutants-torrust-index-Xjf6Dz.tmp/target/debug/deps -C incremental=/tmp/cargo-mutants-torrust-index-Xjf6Dz.tmp/target/debug/incremental -L dependency=/tmp/cargo-mutants-torrust-index-Xjf6Dz.tmp/target/debug/deps --extern rand_core=/tmp/cargo-mutants-torrust-index-Xjf6Dz.tmp/target/debug/deps/librand_core-b015e9dd1bce5577.rmeta --extern serde=/tmp/cargo-mutants-torrust-index-Xjf6Dz.tmp/target/debug/deps/libserde-1c6754470d6c8879.rmeta --extern tracing=/tmp/cargo-mutants-torrust-index-Xjf6Dz.tmp/target/debug/deps/libtracing-0f09a033a0ba4fd3.rmeta` (exit status: 1)
warning: build failed, waiting for other jobs to finish...
error: could not compile `torrust-mudlark` (lib test) due to 4 previous errors

Caused by:
  process didn't exit successfully: `/home/josecelano/.rustup/toolchains/nightly-x86_64-unknown-linux-gnu/bin/rustc --crate-name torrust_mudlark --edition=2021 packages/mudlark/src/lib.rs --error-format=json --json=diagnostic-rendered-ansi,artifacts,future-incompat --emit=dep-info,link -C opt-level=3 -C embed-bitcode=no -C debuginfo=2 --deny=unused --deny=warnings '--deny=clippy::suspicious' '--deny=clippy::style' --warn=rust-2024-compatibility --deny=rust-2021-compatibility --deny=rust-2018-idioms --deny=rust-2018-compatibility '--deny=clippy::perf' '--deny=clippy::pedantic' '--warn=clippy::nursery' --deny=nonstandard-style --deny=let-underscore --deny=future-incompatible --deny=deprecated-safe '--deny=clippy::correctness' '--deny=clippy::complexity' '--deny=clippy::all' --warn=unsafe-code '--allow=clippy::needless_return' -C debug-assertions=on --test --cfg 'feature="default"' --cfg 'feature="dynamic-contour-tracking"' --cfg 'feature="rand"' --cfg 'feature="serde"' --check-cfg 'cfg(docsrs,test)' --check-cfg 'cfg(feature, values("default", "dynamic-contour-tracking", "rand", "serde"))' -C metadata=898ed3f7bb09811b -C extra-filename=-d93ef5a1599fb788 --out-dir /tmp/cargo-mutants-torrust-index-Xjf6Dz.tmp/target/debug/deps -C incremental=/tmp/cargo-mutants-torrust-index-Xjf6Dz.tmp/target/debug/incremental -L dependency=/tmp/cargo-mutants-torrust-index-Xjf6Dz.tmp/target/debug/deps --extern criterion=/tmp/cargo-mutants-torrust-index-Xjf6Dz.tmp/target/debug/deps/libcriterion-b84a63839cb37f2c.rlib --extern rand_core=/tmp/cargo-mutants-torrust-index-Xjf6Dz.tmp/target/debug/deps/librand_core-b015e9dd1bce5577.rlib --extern serde=/tmp/cargo-mutants-torrust-index-Xjf6Dz.tmp/target/debug/deps/libserde-1c6754470d6c8879.rlib --extern serde_json=/tmp/cargo-mutants-torrust-index-Xjf6Dz.tmp/target/debug/deps/libserde_json-363d59a4b98be2da.rlib --extern tracing=/tmp/cargo-mutants-torrust-index-Xjf6Dz.tmp/target/debug/deps/libtracing-0f09a033a0ba4fd3.rlib --extern tracing_subscriber=/tmp/cargo-mutants-torrust-index-Xjf6Dz.tmp/target/debug/deps/libtracing_subscriber-fba044b037c0df52.rlib -L native=/tmp/cargo-mutants-torrust-index-Xjf6Dz.tmp/target/debug/build/alloca-85d769ec4bee2a20/out` (exit status: 1)

*** result: Failure(101)
