
*** packages/mudlark/src/plateau.rs:449:5: replace basis_edge_of -> BasisEdge<C> with BasisEdge::new(Default::default())

*** mutation diff:
--- packages/mudlark/src/plateau.rs
+++ replace basis_edge_of -> BasisEdge<C> with BasisEdge::new(Default::default())
@@ -441,24 +441,13 @@
 ///
 /// This helper is used by every mutation path (split, evict) when
 /// creating or updating basis elements.
 pub fn basis_edge_of<C, V>(g: &GNode<C, V>) -> BasisEdge<C>
 where
     C: Coordinate,
     V: Accumulator,
 {
-    match g.state() {
-        GState::Terminal | GState::Internal => BasisEdge(g.lo),
-        GState::SemiInternal => {
-            if g.left.is_some() {
-                // Child on left [l, m) → uncovered half is [m, r)
-                BasisEdge(C::midpoint(g.lo, g.hi))
-            } else {
-                // Child on right [m, r) → uncovered half is [l, m)
-                BasisEdge(g.lo)
-            }
-        }
-    }
+    BasisEdge::new(Default::default()) /* ~ changed by cargo-mutants ~ */
 }
 
 #[cfg(test)]
 mod tests {}


*** /home/josecelano/.rustup/toolchains/nightly-x86_64-unknown-linux-gnu/bin/cargo test --no-run --verbose --package=torrust-mudlark@1.0.0
    Blocking waiting for file lock on package cache
    Blocking waiting for file lock on package cache
       Fresh unicode-ident v1.0.24
       Fresh proc-macro2 v1.0.106
       Fresh quote v1.0.44
       Fresh syn v2.0.116
       Fresh serde_core v1.0.228
       Fresh cfg-if v1.0.4
       Fresh crossbeam-utils v0.8.21
       Fresh serde_derive v1.0.228
       Fresh zerocopy-derive v0.8.39
       Fresh shlex v1.3.0
       Fresh find-msvc-tools v0.1.9
       Fresh autocfg v1.5.0
       Fresh once_cell v1.21.3
       Fresh regex-syntax v0.8.9
       Fresh regex-automata v0.4.14
       Fresh tracing-core v0.1.36
       Fresh cc v1.2.56
       Fresh zerocopy v0.8.39
       Fresh serde v1.0.228
       Fresh crossbeam-epoch v0.9.18
       Fresh either v1.15.0
       Fresh crossbeam-deque v0.8.6
       Fresh half v2.7.1
       Fresh zmij v1.0.21
       Fresh tracing-attributes v0.1.31
       Fresh clap_lex v1.0.0
       Fresh memchr v2.8.0
       Fresh itoa v1.0.17
       Fresh ciborium-io v0.2.2
       Fresh pin-project-lite v0.2.16
       Fresh plotters-backend v0.3.7
       Fresh anstyle v1.0.13
       Fresh clap_builder v4.5.59
       Fresh plotters-svg v0.3.7
       Fresh tracing v0.1.44
       Fresh ciborium-ll v0.2.2
       Fresh serde_json v1.0.149
       Fresh num-traits v0.2.19
       Fresh rayon-core v1.13.0
       Fresh libc v0.2.182
       Fresh itertools v0.13.0
       Fresh cast v0.3.0
       Fresh same-file v1.0.6
       Fresh lazy_static v1.5.0
       Fresh log v0.4.29
       Fresh tracing-log v0.2.0
       Fresh sharded-slab v0.1.7
       Fresh walkdir v2.5.0
       Fresh criterion-plot v0.8.2
       Fresh page_size v0.6.0
       Fresh rayon v1.11.0
       Fresh alloca v0.4.0
       Fresh plotters v0.3.7
       Fresh tinytemplate v1.2.1
       Fresh ciborium v0.2.2
       Fresh clap v4.5.59
       Fresh matchers v0.2.0
       Fresh regex v1.12.3
       Fresh thread_local v1.1.9
       Fresh rand_core v0.10.0
       Fresh oorandom v11.1.5
       Fresh anes v0.1.6
       Fresh smallvec v1.15.1
       Fresh nu-ansi-term v0.50.3
       Fresh tracing-subscriber v0.3.22
       Fresh criterion v0.8.2
       Dirty torrust-mudlark v1.0.0 (/tmp/cargo-mutants-torrust-index-4akUoH.tmp/packages/mudlark): couldn't read metadata for file `target/debug/deps/libtorrust_mudlark-2366ab04bb498037.rlib`
   Compiling torrust-mudlark v1.0.0 (/tmp/cargo-mutants-torrust-index-4akUoH.tmp/packages/mudlark)
     Running `/home/josecelano/.rustup/toolchains/nightly-x86_64-unknown-linux-gnu/bin/rustc --crate-name torrust_mudlark --edition=2021 packages/mudlark/src/lib.rs --error-format=json --json=diagnostic-rendered-ansi,artifacts,future-incompat --crate-type lib --emit=dep-info,metadata,link -C opt-level=3 -C embed-bitcode=no -C debuginfo=2 --deny=unused --deny=warnings '--deny=clippy::suspicious' '--deny=clippy::style' --warn=rust-2024-compatibility --deny=rust-2021-compatibility --deny=rust-2018-idioms --deny=rust-2018-compatibility '--deny=clippy::perf' '--deny=clippy::pedantic' '--warn=clippy::nursery' --deny=nonstandard-style --deny=let-underscore --deny=future-incompatible --deny=deprecated-safe '--deny=clippy::correctness' '--deny=clippy::complexity' '--deny=clippy::all' --warn=unsafe-code '--allow=clippy::needless_return' -C debug-assertions=on --cfg 'feature="default"' --cfg 'feature="dynamic-contour-tracking"' --cfg 'feature="rand"' --cfg 'feature="serde"' --check-cfg 'cfg(docsrs,test)' --check-cfg 'cfg(feature, values("default", "dynamic-contour-tracking", "rand", "serde"))' -C metadata=5a9e0a69f43d7fca -C extra-filename=-2366ab04bb498037 --out-dir /tmp/cargo-mutants-torrust-index-4akUoH.tmp/target/debug/deps -C incremental=/tmp/cargo-mutants-torrust-index-4akUoH.tmp/target/debug/incremental -L dependency=/tmp/cargo-mutants-torrust-index-4akUoH.tmp/target/debug/deps --extern rand_core=/tmp/cargo-mutants-torrust-index-4akUoH.tmp/target/debug/deps/librand_core-b015e9dd1bce5577.rmeta --extern serde=/tmp/cargo-mutants-torrust-index-4akUoH.tmp/target/debug/deps/libserde-1c6754470d6c8879.rmeta --extern tracing=/tmp/cargo-mutants-torrust-index-4akUoH.tmp/target/debug/deps/libtracing-0f09a033a0ba4fd3.rmeta`
error: unused import: `GState`
  --> packages/mudlark/src/plateau.rs:27:27
   |
27 | use crate::gnode::{GNode, GState};
   |                           ^^^^^^
   |
   = note: `-D unused-imports` implied by `-D unused`
   = help: to override `-D unused` add `#[allow(unused_imports)]`

error[E0599]: no function or associated item named `new` found for struct `BasisEdge<C>` in the current scope
   --> packages/mudlark/src/plateau.rs:449:16
    |
 98 | pub struct BasisEdge<C: Coordinate>(pub C);
    | ----------------------------------- function or associated item `new` not found for this struct
...
449 |     BasisEdge::new(Default::default()) /* ~ changed by cargo-mutants ~ */
    |                ^^^ function or associated item not found in `BasisEdge<_>`
    |
help: there is a method `ne` with a similar name
    |
449 -     BasisEdge::new(Default::default()) /* ~ changed by cargo-mutants ~ */
449 +     BasisEdge::ne(Default::default()) /* ~ changed by cargo-mutants ~ */
    |

For more information about this error, try `rustc --explain E0599`.
error: could not compile `torrust-mudlark` (lib) due to 2 previous errors

Caused by:
  process didn't exit successfully: `/home/josecelano/.rustup/toolchains/nightly-x86_64-unknown-linux-gnu/bin/rustc --crate-name torrust_mudlark --edition=2021 packages/mudlark/src/lib.rs --error-format=json --json=diagnostic-rendered-ansi,artifacts,future-incompat --crate-type lib --emit=dep-info,metadata,link -C opt-level=3 -C embed-bitcode=no -C debuginfo=2 --deny=unused --deny=warnings '--deny=clippy::suspicious' '--deny=clippy::style' --warn=rust-2024-compatibility --deny=rust-2021-compatibility --deny=rust-2018-idioms --deny=rust-2018-compatibility '--deny=clippy::perf' '--deny=clippy::pedantic' '--warn=clippy::nursery' --deny=nonstandard-style --deny=let-underscore --deny=future-incompatible --deny=deprecated-safe '--deny=clippy::correctness' '--deny=clippy::complexity' '--deny=clippy::all' --warn=unsafe-code '--allow=clippy::needless_return' -C debug-assertions=on --cfg 'feature="default"' --cfg 'feature="dynamic-contour-tracking"' --cfg 'feature="rand"' --cfg 'feature="serde"' --check-cfg 'cfg(docsrs,test)' --check-cfg 'cfg(feature, values("default", "dynamic-contour-tracking", "rand", "serde"))' -C metadata=5a9e0a69f43d7fca -C extra-filename=-2366ab04bb498037 --out-dir /tmp/cargo-mutants-torrust-index-4akUoH.tmp/target/debug/deps -C incremental=/tmp/cargo-mutants-torrust-index-4akUoH.tmp/target/debug/incremental -L dependency=/tmp/cargo-mutants-torrust-index-4akUoH.tmp/target/debug/deps --extern rand_core=/tmp/cargo-mutants-torrust-index-4akUoH.tmp/target/debug/deps/librand_core-b015e9dd1bce5577.rmeta --extern serde=/tmp/cargo-mutants-torrust-index-4akUoH.tmp/target/debug/deps/libserde-1c6754470d6c8879.rmeta --extern tracing=/tmp/cargo-mutants-torrust-index-4akUoH.tmp/target/debug/deps/libtracing-0f09a033a0ba4fd3.rmeta` (exit status: 1)

*** result: Failure(101)
