
*** packages/mudlark/src/rebalance.rs:233:5: replace contract -> VNodeId with Default::default()

*** mutation diff:
--- packages/mudlark/src/rebalance.rs
+++ replace contract -> VNodeId with Default::default()
@@ -225,95 +225,17 @@
 /// Returns the ID of the newly created merged structural node.
 ///
 /// See §IDEA M-11.3.
 ///
 /// # Panics
 ///
 /// Panics if `p` is not a structural 3-node.
 pub fn contract<V: Accumulator>(vnodes: &mut Arena<VNode<V>>, p: VNodeId) -> VNodeId {
-    let _span = tracing::debug_span!(
-        "contract",
-        p = %Nd(vnodes, p),
-        children = %Ch(vnodes, p),
-    )
-    .entered();
-
-    // Read the 3-node's children.
-    let (heaviest_idx, children_data) = {
-        let node = vnodes.get(p.index());
-        let children = match &node.kind {
-            VKind::Structural { children, .. } => children,
-            VKind::Entry { .. } => panic!("contract: p must be structural"),
-        };
-        assert!(children.len() == 3, "contract: p must be a 3-node");
-        let h = children.heaviest_child_index();
-        let data: [(VNodeId, V); 3] = [children.get(0), children.get(1), children.get(2)];
-        (h, data)
-    };
-
-    // Identify isolate vs merge pair.
-    let isolate = children_data[heaviest_idx];
-    let mut merge = Vec::with_capacity(2);
-    for (i, &child) in children_data.iter().enumerate() {
-        if i != heaviest_idx {
-            merge.push(child);
-        }
-    }
-    let (a_id, a_int) = merge[0];
-    let (b_id, b_int) = merge[1];
-
-    // Compute has_evictable for the merged node.
-    let a_terminal = node_has_evictable(vnodes, a_id);
-    let b_terminal = node_has_evictable(vnodes, b_id);
-
-    // Compute merged node depth (same as p's children, i.e. p_depth + 1)
-    let p_depth = vnodes.get(p.index()).cached_depth.load(Ordering::Relaxed);
-    let m_depth = if p_depth == DEPTH_STALE { DEPTH_STALE } else { p_depth + 1 };
-
-    // Create the merged structural node.
-    let merged = VNode {
-        intensity: V::add(a_int, b_int),
-        parent: Some(p),
-        cached_depth: AtomicU32::new(m_depth),
-        kind: VKind::Structural {
-            children: PackedChildren::new_2((a_id, a_int), (b_id, b_int)),
-            has_evictable: a_terminal || b_terminal,
-        },
-    };
-    let m_id = VNodeId::from_index(vnodes.alloc(merged));
-
-    // Re-parent a and b.
-    vnodes.get_mut(a_id.index()).parent = Some(m_id);
-    vnodes.get_mut(b_id.index()).parent = Some(m_id);
-
-    // Invalidate depth cache for a and b subtrees (they moved down one level)
-    invalidate_depth_subtree(vnodes, a_id);
-    invalidate_depth_subtree(vnodes, b_id);
-
-    // Rewrite p as a 2-node: [isolate, merged].
-    let merged_int = V::add(a_int, b_int);
-    let iso_terminal = node_has_evictable(vnodes, isolate.0);
-    let m_terminal = a_terminal || b_terminal;
-
-    let p_node = vnodes.get_mut(p.index());
-    if let VKind::Structural { children, has_evictable } = &mut p_node.kind {
-        *children = PackedChildren::new_2(isolate, (m_id, merged_int));
-        *has_evictable = iso_terminal || m_terminal;
-    }
-
-    // Propagate terminal flags upward from p.
-    propagate_evictable_flags(vnodes, p);
-
-    tracing::debug!(
-        merged = %Nd(vnodes, m_id),
-        result = %Ch(vnodes, p),
-        "complete",
-    );
-    m_id
+    Default::default() /* ~ changed by cargo-mutants ~ */
 }
 
 // ── Standard Promote (§IDEA M-11.4) ─────────────────────────────────
 
 /// Standard promotion: explode a 2-child structural node `c` into
 /// its parent `p`, turning `p` into a 3-node.
 ///
 /// **Precondition:** `c` is structural with 2 children. `p` is a


*** /home/josecelano/.rustup/toolchains/nightly-x86_64-unknown-linux-gnu/bin/cargo test --no-run --verbose --package=torrust-mudlark@1.0.0
       Fresh unicode-ident v1.0.24
       Fresh proc-macro2 v1.0.106
       Fresh quote v1.0.44
       Fresh syn v2.0.116
       Fresh serde_core v1.0.228
       Fresh cfg-if v1.0.4
       Fresh crossbeam-utils v0.8.21
       Fresh serde_derive v1.0.228
       Fresh zerocopy-derive v0.8.39
       Fresh find-msvc-tools v0.1.9
       Fresh shlex v1.3.0
       Fresh autocfg v1.5.0
       Fresh regex-syntax v0.8.9
       Fresh once_cell v1.21.3
       Fresh tracing-core v0.1.36
       Fresh regex-automata v0.4.14
       Fresh cc v1.2.56
       Fresh zerocopy v0.8.39
       Fresh serde v1.0.228
       Fresh crossbeam-epoch v0.9.18
       Fresh either v1.15.0
       Fresh crossbeam-deque v0.8.6
       Fresh half v2.7.1
       Fresh zmij v1.0.21
       Fresh tracing-attributes v0.1.31
       Fresh anstyle v1.0.13
       Fresh pin-project-lite v0.2.16
       Fresh plotters-backend v0.3.7
       Fresh itoa v1.0.17
       Fresh ciborium-io v0.2.2
       Fresh memchr v2.8.0
       Fresh clap_lex v1.0.0
       Fresh clap_builder v4.5.59
       Fresh serde_json v1.0.149
       Fresh ciborium-ll v0.2.2
       Fresh plotters-svg v0.3.7
       Fresh tracing v0.1.44
       Fresh num-traits v0.2.19
       Fresh rayon-core v1.13.0
       Fresh libc v0.2.182
       Fresh itertools v0.13.0
       Fresh same-file v1.0.6
       Fresh cast v0.3.0
       Fresh lazy_static v1.5.0
       Fresh log v0.4.29
       Fresh tracing-log v0.2.0
       Fresh sharded-slab v0.1.7
       Fresh criterion-plot v0.8.2
       Fresh walkdir v2.5.0
       Fresh page_size v0.6.0
       Fresh rayon v1.11.0
       Fresh alloca v0.4.0
       Fresh plotters v0.3.7
       Fresh ciborium v0.2.2
       Fresh tinytemplate v1.2.1
       Fresh clap v4.5.59
       Fresh matchers v0.2.0
       Fresh regex v1.12.3
       Fresh thread_local v1.1.9
       Fresh rand_core v0.10.0
       Fresh oorandom v11.1.5
       Fresh anes v0.1.6
       Fresh smallvec v1.15.1
       Fresh nu-ansi-term v0.50.3
       Fresh tracing-subscriber v0.3.22
       Fresh criterion v0.8.2
       Dirty torrust-mudlark v1.0.0 (/tmp/cargo-mutants-torrust-index-Xjf6Dz.tmp/packages/mudlark): the file `packages/mudlark/src/rebalance.rs` has changed (1773696721.159483986s, 30s after last build at 1773696691.816353670s)
   Compiling torrust-mudlark v1.0.0 (/tmp/cargo-mutants-torrust-index-Xjf6Dz.tmp/packages/mudlark)
     Running `/home/josecelano/.rustup/toolchains/nightly-x86_64-unknown-linux-gnu/bin/rustc --crate-name torrust_mudlark --edition=2021 packages/mudlark/src/lib.rs --error-format=json --json=diagnostic-rendered-ansi,artifacts,future-incompat --crate-type lib --emit=dep-info,metadata,link -C opt-level=3 -C embed-bitcode=no -C debuginfo=2 --deny=unused --deny=warnings '--deny=clippy::suspicious' '--deny=clippy::style' --warn=rust-2024-compatibility --deny=rust-2021-compatibility --deny=rust-2018-idioms --deny=rust-2018-compatibility '--deny=clippy::perf' '--deny=clippy::pedantic' '--warn=clippy::nursery' --deny=nonstandard-style --deny=let-underscore --deny=future-incompatible --deny=deprecated-safe '--deny=clippy::correctness' '--deny=clippy::complexity' '--deny=clippy::all' --warn=unsafe-code '--allow=clippy::needless_return' -C debug-assertions=on --cfg 'feature="default"' --cfg 'feature="dynamic-contour-tracking"' --cfg 'feature="rand"' --cfg 'feature="serde"' --check-cfg 'cfg(docsrs,test)' --check-cfg 'cfg(feature, values("default", "dynamic-contour-tracking", "rand", "serde"))' -C metadata=5a9e0a69f43d7fca -C extra-filename=-2366ab04bb498037 --out-dir /tmp/cargo-mutants-torrust-index-Xjf6Dz.tmp/target/debug/deps -C incremental=/tmp/cargo-mutants-torrust-index-Xjf6Dz.tmp/target/debug/incremental -L dependency=/tmp/cargo-mutants-torrust-index-Xjf6Dz.tmp/target/debug/deps --extern rand_core=/tmp/cargo-mutants-torrust-index-Xjf6Dz.tmp/target/debug/deps/librand_core-b015e9dd1bce5577.rmeta --extern serde=/tmp/cargo-mutants-torrust-index-Xjf6Dz.tmp/target/debug/deps/libserde-1c6754470d6c8879.rmeta --extern tracing=/tmp/cargo-mutants-torrust-index-Xjf6Dz.tmp/target/debug/deps/libtracing-0f09a033a0ba4fd3.rmeta`
     Running `/home/josecelano/.rustup/toolchains/nightly-x86_64-unknown-linux-gnu/bin/rustc --crate-name torrust_mudlark --edition=2021 packages/mudlark/src/lib.rs --error-format=json --json=diagnostic-rendered-ansi,artifacts,future-incompat --emit=dep-info,link -C opt-level=3 -C embed-bitcode=no -C debuginfo=2 --deny=unused --deny=warnings '--deny=clippy::suspicious' '--deny=clippy::style' --warn=rust-2024-compatibility --deny=rust-2021-compatibility --deny=rust-2018-idioms --deny=rust-2018-compatibility '--deny=clippy::perf' '--deny=clippy::pedantic' '--warn=clippy::nursery' --deny=nonstandard-style --deny=let-underscore --deny=future-incompatible --deny=deprecated-safe '--deny=clippy::correctness' '--deny=clippy::complexity' '--deny=clippy::all' --warn=unsafe-code '--allow=clippy::needless_return' -C debug-assertions=on --test --cfg 'feature="default"' --cfg 'feature="dynamic-contour-tracking"' --cfg 'feature="rand"' --cfg 'feature="serde"' --check-cfg 'cfg(docsrs,test)' --check-cfg 'cfg(feature, values("default", "dynamic-contour-tracking", "rand", "serde"))' -C metadata=898ed3f7bb09811b -C extra-filename=-d93ef5a1599fb788 --out-dir /tmp/cargo-mutants-torrust-index-Xjf6Dz.tmp/target/debug/deps -C incremental=/tmp/cargo-mutants-torrust-index-Xjf6Dz.tmp/target/debug/incremental -L dependency=/tmp/cargo-mutants-torrust-index-Xjf6Dz.tmp/target/debug/deps --extern criterion=/tmp/cargo-mutants-torrust-index-Xjf6Dz.tmp/target/debug/deps/libcriterion-b84a63839cb37f2c.rlib --extern rand_core=/tmp/cargo-mutants-torrust-index-Xjf6Dz.tmp/target/debug/deps/librand_core-b015e9dd1bce5577.rlib --extern serde=/tmp/cargo-mutants-torrust-index-Xjf6Dz.tmp/target/debug/deps/libserde-1c6754470d6c8879.rlib --extern serde_json=/tmp/cargo-mutants-torrust-index-Xjf6Dz.tmp/target/debug/deps/libserde_json-363d59a4b98be2da.rlib --extern tracing=/tmp/cargo-mutants-torrust-index-Xjf6Dz.tmp/target/debug/deps/libtracing-0f09a033a0ba4fd3.rlib --extern tracing_subscriber=/tmp/cargo-mutants-torrust-index-Xjf6Dz.tmp/target/debug/deps/libtracing_subscriber-fba044b037c0df52.rlib -L native=/tmp/cargo-mutants-torrust-index-Xjf6Dz.tmp/target/debug/build/alloca-85d769ec4bee2a20/out`
error[E0277]: the trait bound `VNodeId: Default` is not satisfied
   --> packages/mudlark/src/rebalance.rs:233:5
    |
233 |     Default::default() /* ~ changed by cargo-mutants ~ */
    |     ^^^^^^^^^^^^^^^^^^ unsatisfied trait bound
    |
help: the trait `Default` is not implemented for `VNodeId`
   --> packages/mudlark/src/handle.rs:207:1
    |
207 | pub struct VNodeId(NonZeroU32);
    | ^^^^^^^^^^^^^^^^^^

For more information about this error, try `rustc --explain E0277`.
error: could not compile `torrust-mudlark` (lib) due to 1 previous error

Caused by:
  process didn't exit successfully: `/home/josecelano/.rustup/toolchains/nightly-x86_64-unknown-linux-gnu/bin/rustc --crate-name torrust_mudlark --edition=2021 packages/mudlark/src/lib.rs --error-format=json --json=diagnostic-rendered-ansi,artifacts,future-incompat --crate-type lib --emit=dep-info,metadata,link -C opt-level=3 -C embed-bitcode=no -C debuginfo=2 --deny=unused --deny=warnings '--deny=clippy::suspicious' '--deny=clippy::style' --warn=rust-2024-compatibility --deny=rust-2021-compatibility --deny=rust-2018-idioms --deny=rust-2018-compatibility '--deny=clippy::perf' '--deny=clippy::pedantic' '--warn=clippy::nursery' --deny=nonstandard-style --deny=let-underscore --deny=future-incompatible --deny=deprecated-safe '--deny=clippy::correctness' '--deny=clippy::complexity' '--deny=clippy::all' --warn=unsafe-code '--allow=clippy::needless_return' -C debug-assertions=on --cfg 'feature="default"' --cfg 'feature="dynamic-contour-tracking"' --cfg 'feature="rand"' --cfg 'feature="serde"' --check-cfg 'cfg(docsrs,test)' --check-cfg 'cfg(feature, values("default", "dynamic-contour-tracking", "rand", "serde"))' -C metadata=5a9e0a69f43d7fca -C extra-filename=-2366ab04bb498037 --out-dir /tmp/cargo-mutants-torrust-index-Xjf6Dz.tmp/target/debug/deps -C incremental=/tmp/cargo-mutants-torrust-index-Xjf6Dz.tmp/target/debug/incremental -L dependency=/tmp/cargo-mutants-torrust-index-Xjf6Dz.tmp/target/debug/deps --extern rand_core=/tmp/cargo-mutants-torrust-index-Xjf6Dz.tmp/target/debug/deps/librand_core-b015e9dd1bce5577.rmeta --extern serde=/tmp/cargo-mutants-torrust-index-Xjf6Dz.tmp/target/debug/deps/libserde-1c6754470d6c8879.rmeta --extern tracing=/tmp/cargo-mutants-torrust-index-Xjf6Dz.tmp/target/debug/deps/libtracing-0f09a033a0ba4fd3.rmeta` (exit status: 1)
warning: build failed, waiting for other jobs to finish...
error: could not compile `torrust-mudlark` (lib test) due to 1 previous error

Caused by:
  process didn't exit successfully: `/home/josecelano/.rustup/toolchains/nightly-x86_64-unknown-linux-gnu/bin/rustc --crate-name torrust_mudlark --edition=2021 packages/mudlark/src/lib.rs --error-format=json --json=diagnostic-rendered-ansi,artifacts,future-incompat --emit=dep-info,link -C opt-level=3 -C embed-bitcode=no -C debuginfo=2 --deny=unused --deny=warnings '--deny=clippy::suspicious' '--deny=clippy::style' --warn=rust-2024-compatibility --deny=rust-2021-compatibility --deny=rust-2018-idioms --deny=rust-2018-compatibility '--deny=clippy::perf' '--deny=clippy::pedantic' '--warn=clippy::nursery' --deny=nonstandard-style --deny=let-underscore --deny=future-incompatible --deny=deprecated-safe '--deny=clippy::correctness' '--deny=clippy::complexity' '--deny=clippy::all' --warn=unsafe-code '--allow=clippy::needless_return' -C debug-assertions=on --test --cfg 'feature="default"' --cfg 'feature="dynamic-contour-tracking"' --cfg 'feature="rand"' --cfg 'feature="serde"' --check-cfg 'cfg(docsrs,test)' --check-cfg 'cfg(feature, values("default", "dynamic-contour-tracking", "rand", "serde"))' -C metadata=898ed3f7bb09811b -C extra-filename=-d93ef5a1599fb788 --out-dir /tmp/cargo-mutants-torrust-index-Xjf6Dz.tmp/target/debug/deps -C incremental=/tmp/cargo-mutants-torrust-index-Xjf6Dz.tmp/target/debug/incremental -L dependency=/tmp/cargo-mutants-torrust-index-Xjf6Dz.tmp/target/debug/deps --extern criterion=/tmp/cargo-mutants-torrust-index-Xjf6Dz.tmp/target/debug/deps/libcriterion-b84a63839cb37f2c.rlib --extern rand_core=/tmp/cargo-mutants-torrust-index-Xjf6Dz.tmp/target/debug/deps/librand_core-b015e9dd1bce5577.rlib --extern serde=/tmp/cargo-mutants-torrust-index-Xjf6Dz.tmp/target/debug/deps/libserde-1c6754470d6c8879.rlib --extern serde_json=/tmp/cargo-mutants-torrust-index-Xjf6Dz.tmp/target/debug/deps/libserde_json-363d59a4b98be2da.rlib --extern tracing=/tmp/cargo-mutants-torrust-index-Xjf6Dz.tmp/target/debug/deps/libtracing-0f09a033a0ba4fd3.rlib --extern tracing_subscriber=/tmp/cargo-mutants-torrust-index-Xjf6Dz.tmp/target/debug/deps/libtracing_subscriber-fba044b037c0df52.rlib -L native=/tmp/cargo-mutants-torrust-index-Xjf6Dz.tmp/target/debug/build/alloca-85d769ec4bee2a20/out` (exit status: 1)

*** result: Failure(101)
