
*** packages/mudlark/src/evict.rs:329:5: replace plateau_after_evict with ()

*** mutation diff:
--- packages/mudlark/src/evict.rs
+++ replace plateau_after_evict with ()
@@ -321,229 +321,17 @@
 fn plateau_after_evict<C: Coordinate, V: Accumulator + Inspectable, const N: u32>(
     graph: &mut GvGraph<C, V, N>,
     gnode_id: crate::handle::GNodeId,
     parent_id: crate::handle::GNodeId,
     parent_state_after: GState,
     parent_lo: C,
     parent_hi: C,
 ) {
-    let _span = tracing::debug_span!(
-        "plateau_after_evict",
-        gnode = gnode_id.index(),
-        parent = parent_id.index(),
-        ?parent_state_after,
-    )
-    .entered();
-
-    // Step 1 — Remove evicted child from basis (if present).
-    // NOTE: we defer fixup_plateau until AFTER the ancestor walk
-    // so the BTreeMap tile structure remains stable for the
-    // tile coverage check.
-    let evicted_key = graph.plateau_basis.remove(gnode_id);
-
-    // Step 2 — Find the covering basis element for the parent's
-    // region. Collect displaced nodes (thatched elements that
-    // need their own basis membership).
-    let mut displaced: Vec<crate::handle::GNodeId> = Vec::new();
-    let mut displaced_extra: Vec<(crate::handle::GNodeId, u32)> = Vec::new();
-
-    let ancestor_key = if let Some(key) = graph.plateau_basis.remove(parent_id) {
-        // Case (a): parent was the basis element.
-
-        // If parent was Internal → SemiInternal, the surviving
-        // child was covered by the parent and needs its own
-        // basis element.
-        if parent_state_after == GState::SemiInternal {
-            let g = graph.gnodes.get(parent_id.index());
-            if let Some(sib) = g.left.or(g.right) {
-                // Remove from current plateau if already a basis element.
-                if let Some(ok) = graph.plateau_basis.remove(sib) {
-                    graph.fixup_plateau(ok);
-                }
-                displaced.push(sib);
-            }
-        }
-
-        Some(key)
-    } else {
-        // Walk up from parent to find the ancestor basis element
-        // whose plateau tile actually covers the parent's region.
-        let mut path: Vec<crate::handle::GNodeId> = vec![parent_id];
-        let mut cur = graph.gnodes.get(parent_id.index()).parent;
-        let mut found = None;
-
-        // The parent's plateau key (where it wants to live).
-        let parent_key = {
-            let pg = graph.gnodes.get(parent_id.index());
-            crate::plateau::basis_edge_of(pg)
-        };
-
-        while let Some(anc) = cur {
-            if let Some(&anc_key) = graph.plateau_basis.plateau_key(anc).as_ref() {
-                // Candidate ancestor found. Check if its tile
-                // actually covers the parent's basis edge:
-                // tile = [anc_key, next_key_in_btreemap)
-                let next_key = graph
-                    .plateaus
-                    .range((std::ops::Bound::Excluded(anc_key), std::ops::Bound::Unbounded))
-                    .next()
-                    .map(|(&k, _)| k);
-                let tile_covers = parent_key >= anc_key && next_key.map_or(true, |nk| parent_key < nk);
-
-                if tile_covers {
-                    // Case (b): ancestor's tile covers parent.
-                    // Now remove it and decompose.
-                    graph.plateau_basis.remove(anc);
-
-                    // Surviving child at parent level.
-                    if parent_state_after == GState::SemiInternal {
-                        let g = graph.gnodes.get(parent_id.index());
-                        if let Some(sib) = g.left.or(g.right) {
-                            if let Some(ok) = graph.plateau_basis.remove(sib) {
-                                graph.fixup_plateau(ok);
-                            }
-                            displaced.push(sib);
-                        }
-                    }
-
-                    // Siblings along the walk path (parent → ancestor).
-                    for &path_node in &path {
-                        let par = graph
-                            .gnodes
-                            .get(path_node.index())
-                            .parent
-                            .expect("path node must have a parent");
-                        let pg = graph.gnodes.get(par.index());
-                        let sibling = if pg.left == Some(path_node) { pg.right } else { pg.left };
-                        if let Some(sib_id) = sibling {
-                            if displaced.contains(&sib_id) {
-                                continue;
-                            }
-                            if let Some(ok) = graph.plateau_basis.remove(sib_id) {
-                                graph.fixup_plateau(ok);
-                            }
-                            displaced.push(sib_id);
-                        }
-                    }
-
-                    found = Some(anc_key);
-                    break;
-                }
-                // Ancestor is a basis element but its tile doesn't
-                // cover the parent → skip, continue walking.
-            }
-            path.push(anc);
-            cur = graph.gnodes.get(anc.index()).parent;
-        }
-
-        // Case (c): no covering ancestor found — descendant-covered.
-        found
-    };
-
-    // Step 3 — Fixup: now that the ancestor walk is complete, we
-    // can safely fix up the evicted child's old plateau AND the
-    // ancestor's old plateau (if found).
-    if let Some(ek) = evicted_key {
-        graph.fixup_plateau(ek);
-    }
-    if let Some(ak) = ancestor_key {
-        // Don't double-fixup if the ancestor was the same plateau.
-        if evicted_key != Some(ak) {
-            graph.fixup_plateau(ak);
-        }
-    }
-
-    // Step 4+5 combined — Merge parent into displaced list, collect
-    // all basis elements, sort by BasisEdge, place left-to-right
-    // (ADR-M-031 §3a).
-    //
-    // Before placing, evacuate any existing basis elements whose
-    // plateau is a right-neighbour of the parent at the same depth.
-    // Without this, `place_basis_element` can merge the parent with
-    // an existing right-neighbour before deeper displaced elements
-    // (which belong *between* them) have been placed — producing a
-    // plateau that `build_plateaus`'s strict sorted sweep would
-    // never create.
-    let parent_depth = match parent_state_after {
-        GState::Terminal | GState::SemiInternal => crate::gtree::gnode_depth_from_interval(parent_lo, parent_hi, N),
-        GState::Internal => {
-            unreachable!("evict_tip: parent cannot remain Internal after eviction")
-        }
-    };
-
-    let parent_be = crate::plateau::BasisEdge(parent_lo);
-
-    // Evacuate right-adjacent same-depth plateaus that could be
-    // incorrectly merged with the parent during sorted placement.
-    // We look for plateaus whose BasisEdge is in [parent_hi, ...) and
-    // at the same depth, that are spatially adjacent (start <= parent_hi).
-    {
-        let right_keys: Vec<crate::plateau::BasisEdge<C>> = graph
-            .plateaus
-            .range(crate::plateau::BasisEdge(parent_hi)..)
-            .take_while(|(_, p)| p.start.total_cmp(&parent_hi) != std::cmp::Ordering::Greater)
-            .filter(|(_, p)| p.depth == parent_depth)
-            .map(|(&k, _)| k)
-            .collect();
-        for rk in right_keys {
-            let members: Vec<crate::handle::GNodeId> = graph.plateau_basis.basis_elements(&rk).iter().copied().collect();
-            if !members.is_empty() {
-                tracing::trace!(
-                    ?rk,
-                    parent_depth,
-                    members = ?members.iter().map(|g| g.index()).collect::<Vec<_>>(),
-                    "evacuating right-adjacent same-depth plateau for evict placement",
-                );
-                for &m in &members {
-                    graph.plateau_basis.remove(m);
-                }
-                graph.plateaus.remove(&rk);
-                for &m in &members {
-                    graph.collect_subtree_basis_elements(m, &mut displaced_extra);
-                }
-            }
-        }
-
-        // Also evacuate left-adjacent same-depth plateaus.
-        let left_keys: Vec<crate::plateau::BasisEdge<C>> = graph
-            .plateaus
-            .range(..parent_be)
-            .rev()
-            .take_while(|(_, p)| p.end.total_cmp(&parent_lo) != std::cmp::Ordering::Less)
-            .filter(|(_, p)| p.depth == parent_depth)
-            .map(|(&k, _)| k)
-            .collect();
-        for lk in left_keys {
-            let members: Vec<crate::handle::GNodeId> = graph.plateau_basis.basis_elements(&lk).iter().copied().collect();
-            if !members.is_empty() {
-                tracing::trace!(
-                    ?lk,
-                    parent_depth,
-                    members = ?members.iter().map(|g| g.index()).collect::<Vec<_>>(),
-                    "evacuating left-adjacent same-depth plateau for evict placement",
-                );
-                for &m in &members {
-                    graph.plateau_basis.remove(m);
-                }
-                graph.plateaus.remove(&lk);
-                for &m in &members {
-                    graph.collect_subtree_basis_elements(m, &mut displaced_extra);
-                }
-            }
-        }
-    }
-
-    let mut to_place = Vec::new();
-    to_place.push((parent_id, parent_depth));
-    for &sib_id in &displaced {
-        graph.collect_subtree_basis_elements(sib_id, &mut to_place);
-    }
-    to_place.extend(displaced_extra);
-    graph.place_sorted(&mut to_place);
+    () /* ~ changed by cargo-mutants ~ */
 }
 
 /// Scan the V-Tree for eviction candidates (ADR-M-013, ADR-M-015).
 ///
 /// Pre-order DFS from the V-root. Prunes subtrees where
 /// `has_evictable == false`. Collects eligible `VNodeId`s:
 /// entries with `depth_V > D_evict`, `is_evictable == true`,
 /// and backing G-node ≠ G-root.


*** /home/josecelano/.rustup/toolchains/nightly-x86_64-unknown-linux-gnu/bin/cargo test --no-run --verbose --package=torrust-mudlark@1.0.0
       Fresh unicode-ident v1.0.24
       Fresh proc-macro2 v1.0.106
       Fresh quote v1.0.44
       Fresh syn v2.0.116
       Fresh serde_core v1.0.228
       Fresh cfg-if v1.0.4
       Fresh crossbeam-utils v0.8.21
       Fresh zerocopy-derive v0.8.39
       Fresh serde_derive v1.0.228
       Fresh shlex v1.3.0
       Fresh once_cell v1.21.3
       Fresh autocfg v1.5.0
       Fresh find-msvc-tools v0.1.9
       Fresh regex-syntax v0.8.9
       Fresh regex-automata v0.4.14
       Fresh cc v1.2.56
       Fresh tracing-core v0.1.36
       Fresh serde v1.0.228
       Fresh zerocopy v0.8.39
       Fresh crossbeam-epoch v0.9.18
       Fresh either v1.15.0
       Fresh crossbeam-deque v0.8.6
       Fresh half v2.7.1
       Fresh zmij v1.0.21
       Fresh tracing-attributes v0.1.31
       Fresh clap_lex v1.0.0
       Fresh itoa v1.0.17
       Fresh ciborium-io v0.2.2
       Fresh pin-project-lite v0.2.16
       Fresh anstyle v1.0.13
       Fresh plotters-backend v0.3.7
       Fresh memchr v2.8.0
       Fresh serde_json v1.0.149
       Fresh plotters-svg v0.3.7
       Fresh clap_builder v4.5.59
       Fresh tracing v0.1.44
       Fresh ciborium-ll v0.2.2
       Fresh num-traits v0.2.19
       Fresh rayon-core v1.13.0
       Fresh libc v0.2.182
       Fresh itertools v0.13.0
       Fresh lazy_static v1.5.0
       Fresh same-file v1.0.6
       Fresh log v0.4.29
       Fresh cast v0.3.0
       Fresh criterion-plot v0.8.2
       Fresh tracing-log v0.2.0
       Fresh walkdir v2.5.0
       Fresh sharded-slab v0.1.7
       Fresh page_size v0.6.0
       Fresh rayon v1.11.0
       Fresh plotters v0.3.7
       Fresh alloca v0.4.0
       Fresh ciborium v0.2.2
       Fresh clap v4.5.59
       Fresh tinytemplate v1.2.1
       Fresh regex v1.12.3
       Fresh matchers v0.2.0
       Fresh thread_local v1.1.9
       Fresh rand_core v0.10.0
       Fresh nu-ansi-term v0.50.3
       Fresh anes v0.1.6
       Fresh oorandom v11.1.5
       Fresh smallvec v1.15.1
       Fresh tracing-subscriber v0.3.22
       Fresh criterion v0.8.2
       Dirty torrust-mudlark v1.0.0 (/tmp/cargo-mutants-torrust-index-4akUoH.tmp/packages/mudlark): the file `packages/mudlark/src/evict.rs` has changed (1773695604.206428392s, 11s after last build at 1773695593.764485427s)
   Compiling torrust-mudlark v1.0.0 (/tmp/cargo-mutants-torrust-index-4akUoH.tmp/packages/mudlark)
     Running `/home/josecelano/.rustup/toolchains/nightly-x86_64-unknown-linux-gnu/bin/rustc --crate-name torrust_mudlark --edition=2021 packages/mudlark/src/lib.rs --error-format=json --json=diagnostic-rendered-ansi,artifacts,future-incompat --crate-type lib --emit=dep-info,metadata,link -C opt-level=3 -C embed-bitcode=no -C debuginfo=2 --deny=unused --deny=warnings '--deny=clippy::suspicious' '--deny=clippy::style' --warn=rust-2024-compatibility --deny=rust-2021-compatibility --deny=rust-2018-idioms --deny=rust-2018-compatibility '--deny=clippy::perf' '--deny=clippy::pedantic' '--warn=clippy::nursery' --deny=nonstandard-style --deny=let-underscore --deny=future-incompatible --deny=deprecated-safe '--deny=clippy::correctness' '--deny=clippy::complexity' '--deny=clippy::all' --warn=unsafe-code '--allow=clippy::needless_return' -C debug-assertions=on --cfg 'feature="default"' --cfg 'feature="dynamic-contour-tracking"' --cfg 'feature="rand"' --cfg 'feature="serde"' --check-cfg 'cfg(docsrs,test)' --check-cfg 'cfg(feature, values("default", "dynamic-contour-tracking", "rand", "serde"))' -C metadata=5a9e0a69f43d7fca -C extra-filename=-2366ab04bb498037 --out-dir /tmp/cargo-mutants-torrust-index-4akUoH.tmp/target/debug/deps -C incremental=/tmp/cargo-mutants-torrust-index-4akUoH.tmp/target/debug/incremental -L dependency=/tmp/cargo-mutants-torrust-index-4akUoH.tmp/target/debug/deps --extern rand_core=/tmp/cargo-mutants-torrust-index-4akUoH.tmp/target/debug/deps/librand_core-b015e9dd1bce5577.rmeta --extern serde=/tmp/cargo-mutants-torrust-index-4akUoH.tmp/target/debug/deps/libserde-1c6754470d6c8879.rmeta --extern tracing=/tmp/cargo-mutants-torrust-index-4akUoH.tmp/target/debug/deps/libtracing-0f09a033a0ba4fd3.rmeta`
error: unused variable: `graph`
   --> packages/mudlark/src/evict.rs:322:5
    |
322 |     graph: &mut GvGraph<C, V, N>,
    |     ^^^^^ help: if this is intentional, prefix it with an underscore: `_graph`
    |
    = note: `-D unused-variables` implied by `-D unused`
    = help: to override `-D unused` add `#[allow(unused_variables)]`

error: unused variable: `gnode_id`
   --> packages/mudlark/src/evict.rs:323:5
    |
323 |     gnode_id: crate::handle::GNodeId,
    |     ^^^^^^^^ help: if this is intentional, prefix it with an underscore: `_gnode_id`

error: unused variable: `parent_id`
   --> packages/mudlark/src/evict.rs:324:5
    |
324 |     parent_id: crate::handle::GNodeId,
    |     ^^^^^^^^^ help: if this is intentional, prefix it with an underscore: `_parent_id`

error: unused variable: `parent_state_after`
   --> packages/mudlark/src/evict.rs:325:5
    |
325 |     parent_state_after: GState,
    |     ^^^^^^^^^^^^^^^^^^ help: if this is intentional, prefix it with an underscore: `_parent_state_after`

error: unused variable: `parent_lo`
   --> packages/mudlark/src/evict.rs:326:5
    |
326 |     parent_lo: C,
    |     ^^^^^^^^^ help: if this is intentional, prefix it with an underscore: `_parent_lo`

error: unused variable: `parent_hi`
   --> packages/mudlark/src/evict.rs:327:5
    |
327 |     parent_hi: C,
    |     ^^^^^^^^^ help: if this is intentional, prefix it with an underscore: `_parent_hi`

error: could not compile `torrust-mudlark` (lib) due to 6 previous errors

Caused by:
  process didn't exit successfully: `/home/josecelano/.rustup/toolchains/nightly-x86_64-unknown-linux-gnu/bin/rustc --crate-name torrust_mudlark --edition=2021 packages/mudlark/src/lib.rs --error-format=json --json=diagnostic-rendered-ansi,artifacts,future-incompat --crate-type lib --emit=dep-info,metadata,link -C opt-level=3 -C embed-bitcode=no -C debuginfo=2 --deny=unused --deny=warnings '--deny=clippy::suspicious' '--deny=clippy::style' --warn=rust-2024-compatibility --deny=rust-2021-compatibility --deny=rust-2018-idioms --deny=rust-2018-compatibility '--deny=clippy::perf' '--deny=clippy::pedantic' '--warn=clippy::nursery' --deny=nonstandard-style --deny=let-underscore --deny=future-incompatible --deny=deprecated-safe '--deny=clippy::correctness' '--deny=clippy::complexity' '--deny=clippy::all' --warn=unsafe-code '--allow=clippy::needless_return' -C debug-assertions=on --cfg 'feature="default"' --cfg 'feature="dynamic-contour-tracking"' --cfg 'feature="rand"' --cfg 'feature="serde"' --check-cfg 'cfg(docsrs,test)' --check-cfg 'cfg(feature, values("default", "dynamic-contour-tracking", "rand", "serde"))' -C metadata=5a9e0a69f43d7fca -C extra-filename=-2366ab04bb498037 --out-dir /tmp/cargo-mutants-torrust-index-4akUoH.tmp/target/debug/deps -C incremental=/tmp/cargo-mutants-torrust-index-4akUoH.tmp/target/debug/incremental -L dependency=/tmp/cargo-mutants-torrust-index-4akUoH.tmp/target/debug/deps --extern rand_core=/tmp/cargo-mutants-torrust-index-4akUoH.tmp/target/debug/deps/librand_core-b015e9dd1bce5577.rmeta --extern serde=/tmp/cargo-mutants-torrust-index-4akUoH.tmp/target/debug/deps/libserde-1c6754470d6c8879.rmeta --extern tracing=/tmp/cargo-mutants-torrust-index-4akUoH.tmp/target/debug/deps/libtracing-0f09a033a0ba4fd3.rmeta` (exit status: 1)

*** result: Failure(101)
