
*** packages/mudlark/src/rebalance.rs:1340:5: replace rebalance -> Vec<GNodeId> with vec![]

*** mutation diff:
--- packages/mudlark/src/rebalance.rs
+++ replace rebalance -> Vec<GNodeId> with vec![]
@@ -1332,128 +1332,17 @@
 /// `depth_evict` is the current live $D_{\text{evict}}$, forwarded to
 /// [`resolve`] for the legacy-promotion depth gate (§IDEA M-11.9).
 pub fn rebalance<C: Coordinate, V: Accumulator + Inspectable>(
     vnodes: &mut Arena<VNode<V>>,
     gnodes: &mut Arena<GNode<C, V>>,
     violations: &mut Vec<VNodeId>,
     depth_evict: u32,
 ) -> Vec<GNodeId> {
-    let mut new_gnodes = Vec::new();
-    // Safety-net ceiling — proportional to tree size so that large
-    // but valid workloads are never rejected.  Each resolve() pushes
-    // O(1) side-effect entries, so total iterations are bounded by a
-    // constant factor of the arena population.  The 10 000 floor
-    // keeps small trees protected.
-    let max_iterations: u32 = vnodes.count().saturating_mul(20).max(10_000);
-    let mut iterations: u32 = 0;
-    let mut resolved: u32 = 0;
-
-    let _span = tracing::debug_span!("rebalance", queue = violations.len()).entered();
-
-    // Pre-rebalance audit: detect violations not in the queue.
-    if tracing::enabled!(tracing::Level::DEBUG) {
-        crate::diagnostic::audit_violations(vnodes, violations, "PRE-REBALANCE");
-    }
-
-    while let Some(c) = violations.pop() {
-        iterations += 1;
-        if iterations > max_iterations {
-            tracing::error!(
-                iterations,
-                max_iterations,
-                resolved,
-                queue = violations.len(),
-                current = c.index(),
-                "rebalance safety-net exceeded — dumping queue tail",
-            );
-            let tail = violations.len().saturating_sub(20);
-            for (i, v) in violations[tail..].iter().enumerate() {
-                if vnodes.is_occupied(v.index()) {
-                    tracing::error!(idx = tail + i, entry = %Ctx(vnodes, *v));
-                } else {
-                    tracing::error!(idx = tail + i, node = v.index(), "DEAD");
-                }
-            }
-            // In debug builds: crash immediately (it's a bug).
-            // In release builds: break out and log — avoids taking
-            // down a production process for what may be an edge-case
-            // in side-effect accounting rather than a true loop.
-            #[cfg(debug_assertions)]
-            panic!(
-                "rebalance: exceeded {max_iterations} iterations \
-                 (queue={}, node=v{}, resolved={resolved})",
-                violations.len(),
-                c.index(),
-            );
-            #[cfg(not(debug_assertions))]
-            {
-                tracing::error!(
-                    "breaking out of rebalance loop — \
-                     possible bug in violation resolution",
-                );
-                break;
-            }
-        }
-
-        // Guard: node may have been destroyed by a prior resolution.
-        if !vnodes.is_occupied(c.index()) {
-            tracing::trace!(node = c.index(), "skip destroyed");
-            continue;
-        }
-        // Guard: violation may have been resolved as a side effect.
-        if !is_violated(vnodes, c) {
-            tracing::trace!(node = c.index(), "skip already resolved");
-            continue;
-        }
-
-        resolved += 1;
-        tracing::debug!(
-            iter = iterations,
-            resolved,
-            queue = violations.len(),
-            node = %Ctx(vnodes, c),
-            "resolving violation",
-        );
-        if let Some(gid) = resolve(vnodes, gnodes, c, violations, depth_evict) {
-            new_gnodes.push(gid);
-        }
-
-        // Post-resolve diagnostic: log if the node is still violated.
-        if vnodes.is_occupied(c.index()) && is_violated(vnodes, c) {
-            tracing::warn!(
-                iter = iterations,
-                node = %Ctx(vnodes, c),
-                "node STILL violated after resolve",
-            );
-        }
-
-        // Post-resolve full scan: detect violations created by resolve
-        // that weren't enqueued.
-        if tracing::enabled!(tracing::Level::DEBUG) {
-            crate::diagnostic::audit_violations(vnodes, violations, "POST-RESOLVE");
-        }
-    }
-
-    tracing::debug!(iterations, resolved, "rebalance complete");
-
-    // Full-tree audit: verify the queue-based loop left no violations
-    // behind.  O(n) scan — guarded by tracing level.
-    // The O(n) scan always runs in debug builds (ensures the assert
-    // fires during `cargo test`) and optionally in release when a
-    // tracing subscriber is active at DEBUG.
-    if cfg!(debug_assertions) || tracing::enabled!(tracing::Level::DEBUG) {
-        let remaining = crate::diagnostic::audit_violations(vnodes, violations, "RESIDUAL");
-        assert!(
-            remaining.is_empty(),
-            "rebalance finished with residual violations: {remaining:?}"
-        );
-    }
-
-    new_gnodes
+    vec![] /* ~ changed by cargo-mutants ~ */
 }
 
 // ── Full-tree violation audit (§IDEA M-11.8) ───────────────────────
 
 /// Full-tree scan for violated nodes, returned deepest-first.
 ///
 /// This is the spec's §IDEA M-11.8 audit function — `O(n)` per call.
 /// Used by the `debug_assert!` at the end of [`rebalance`] to confirm


*** /home/josecelano/.rustup/toolchains/nightly-x86_64-unknown-linux-gnu/bin/cargo test --no-run --verbose --package=torrust-mudlark@1.0.0
       Fresh unicode-ident v1.0.24
       Fresh proc-macro2 v1.0.106
       Fresh quote v1.0.44
       Fresh syn v2.0.116
       Fresh serde_core v1.0.228
       Fresh cfg-if v1.0.4
       Fresh crossbeam-utils v0.8.21
       Fresh zerocopy-derive v0.8.39
       Fresh serde_derive v1.0.228
       Fresh once_cell v1.21.3
       Fresh find-msvc-tools v0.1.9
       Fresh autocfg v1.5.0
       Fresh shlex v1.3.0
       Fresh regex-syntax v0.8.9
       Fresh regex-automata v0.4.14
       Fresh cc v1.2.56
       Fresh tracing-core v0.1.36
       Fresh serde v1.0.228
       Fresh zerocopy v0.8.39
       Fresh crossbeam-epoch v0.9.18
       Fresh either v1.15.0
       Fresh crossbeam-deque v0.8.6
       Fresh half v2.7.1
       Fresh zmij v1.0.21
       Fresh tracing-attributes v0.1.31
       Fresh anstyle v1.0.13
       Fresh clap_lex v1.0.0
       Fresh ciborium-io v0.2.2
       Fresh itoa v1.0.17
       Fresh plotters-backend v0.3.7
       Fresh pin-project-lite v0.2.16
       Fresh memchr v2.8.0
       Fresh serde_json v1.0.149
       Fresh tracing v0.1.44
       Fresh plotters-svg v0.3.7
       Fresh ciborium-ll v0.2.2
       Fresh clap_builder v4.5.59
       Fresh num-traits v0.2.19
       Fresh rayon-core v1.13.0
       Fresh libc v0.2.182
       Fresh itertools v0.13.0
       Fresh lazy_static v1.5.0
       Fresh log v0.4.29
       Fresh same-file v1.0.6
       Fresh cast v0.3.0
       Fresh criterion-plot v0.8.2
       Fresh walkdir v2.5.0
       Fresh tracing-log v0.2.0
       Fresh sharded-slab v0.1.7
       Fresh page_size v0.6.0
       Fresh rayon v1.11.0
       Fresh plotters v0.3.7
       Fresh alloca v0.4.0
       Fresh clap v4.5.59
       Fresh ciborium v0.2.2
       Fresh tinytemplate v1.2.1
       Fresh matchers v0.2.0
       Fresh regex v1.12.3
       Fresh thread_local v1.1.9
       Fresh rand_core v0.10.0
       Fresh oorandom v11.1.5
       Fresh smallvec v1.15.1
       Fresh anes v0.1.6
       Fresh nu-ansi-term v0.50.3
       Fresh tracing-subscriber v0.3.22
       Fresh criterion v0.8.2
       Dirty torrust-mudlark v1.0.0 (/tmp/cargo-mutants-torrust-index-4akUoH.tmp/packages/mudlark): the file `packages/mudlark/src/rebalance.rs` has changed (1773697043.202524558s, 21s after last build at 1773697022.846475810s)
   Compiling torrust-mudlark v1.0.0 (/tmp/cargo-mutants-torrust-index-4akUoH.tmp/packages/mudlark)
     Running `/home/josecelano/.rustup/toolchains/nightly-x86_64-unknown-linux-gnu/bin/rustc --crate-name torrust_mudlark --edition=2021 packages/mudlark/src/lib.rs --error-format=json --json=diagnostic-rendered-ansi,artifacts,future-incompat --crate-type lib --emit=dep-info,metadata,link -C opt-level=3 -C embed-bitcode=no -C debuginfo=2 --deny=unused --deny=warnings '--deny=clippy::suspicious' '--deny=clippy::style' --warn=rust-2024-compatibility --deny=rust-2021-compatibility --deny=rust-2018-idioms --deny=rust-2018-compatibility '--deny=clippy::perf' '--deny=clippy::pedantic' '--warn=clippy::nursery' --deny=nonstandard-style --deny=let-underscore --deny=future-incompatible --deny=deprecated-safe '--deny=clippy::correctness' '--deny=clippy::complexity' '--deny=clippy::all' --warn=unsafe-code '--allow=clippy::needless_return' -C debug-assertions=on --cfg 'feature="default"' --cfg 'feature="dynamic-contour-tracking"' --cfg 'feature="rand"' --cfg 'feature="serde"' --check-cfg 'cfg(docsrs,test)' --check-cfg 'cfg(feature, values("default", "dynamic-contour-tracking", "rand", "serde"))' -C metadata=5a9e0a69f43d7fca -C extra-filename=-2366ab04bb498037 --out-dir /tmp/cargo-mutants-torrust-index-4akUoH.tmp/target/debug/deps -C incremental=/tmp/cargo-mutants-torrust-index-4akUoH.tmp/target/debug/incremental -L dependency=/tmp/cargo-mutants-torrust-index-4akUoH.tmp/target/debug/deps --extern rand_core=/tmp/cargo-mutants-torrust-index-4akUoH.tmp/target/debug/deps/librand_core-b015e9dd1bce5577.rmeta --extern serde=/tmp/cargo-mutants-torrust-index-4akUoH.tmp/target/debug/deps/libserde-1c6754470d6c8879.rmeta --extern tracing=/tmp/cargo-mutants-torrust-index-4akUoH.tmp/target/debug/deps/libtracing-0f09a033a0ba4fd3.rmeta`
     Running `/home/josecelano/.rustup/toolchains/nightly-x86_64-unknown-linux-gnu/bin/rustc --crate-name torrust_mudlark --edition=2021 packages/mudlark/src/lib.rs --error-format=json --json=diagnostic-rendered-ansi,artifacts,future-incompat --emit=dep-info,link -C opt-level=3 -C embed-bitcode=no -C debuginfo=2 --deny=unused --deny=warnings '--deny=clippy::suspicious' '--deny=clippy::style' --warn=rust-2024-compatibility --deny=rust-2021-compatibility --deny=rust-2018-idioms --deny=rust-2018-compatibility '--deny=clippy::perf' '--deny=clippy::pedantic' '--warn=clippy::nursery' --deny=nonstandard-style --deny=let-underscore --deny=future-incompatible --deny=deprecated-safe '--deny=clippy::correctness' '--deny=clippy::complexity' '--deny=clippy::all' --warn=unsafe-code '--allow=clippy::needless_return' -C debug-assertions=on --test --cfg 'feature="default"' --cfg 'feature="dynamic-contour-tracking"' --cfg 'feature="rand"' --cfg 'feature="serde"' --check-cfg 'cfg(docsrs,test)' --check-cfg 'cfg(feature, values("default", "dynamic-contour-tracking", "rand", "serde"))' -C metadata=898ed3f7bb09811b -C extra-filename=-d93ef5a1599fb788 --out-dir /tmp/cargo-mutants-torrust-index-4akUoH.tmp/target/debug/deps -C incremental=/tmp/cargo-mutants-torrust-index-4akUoH.tmp/target/debug/incremental -L dependency=/tmp/cargo-mutants-torrust-index-4akUoH.tmp/target/debug/deps --extern criterion=/tmp/cargo-mutants-torrust-index-4akUoH.tmp/target/debug/deps/libcriterion-b84a63839cb37f2c.rlib --extern rand_core=/tmp/cargo-mutants-torrust-index-4akUoH.tmp/target/debug/deps/librand_core-b015e9dd1bce5577.rlib --extern serde=/tmp/cargo-mutants-torrust-index-4akUoH.tmp/target/debug/deps/libserde-1c6754470d6c8879.rlib --extern serde_json=/tmp/cargo-mutants-torrust-index-4akUoH.tmp/target/debug/deps/libserde_json-363d59a4b98be2da.rlib --extern tracing=/tmp/cargo-mutants-torrust-index-4akUoH.tmp/target/debug/deps/libtracing-0f09a033a0ba4fd3.rlib --extern tracing_subscriber=/tmp/cargo-mutants-torrust-index-4akUoH.tmp/target/debug/deps/libtracing_subscriber-fba044b037c0df52.rlib -L native=/tmp/cargo-mutants-torrust-index-4akUoH.tmp/target/debug/build/alloca-85d769ec4bee2a20/out`
error: unused variable: `vnodes`
    --> packages/mudlark/src/rebalance.rs:1335:5
     |
1335 |     vnodes: &mut Arena<VNode<V>>,
     |     ^^^^^^ help: if this is intentional, prefix it with an underscore: `_vnodes`
     |
     = note: `-D unused-variables` implied by `-D unused`
     = help: to override `-D unused` add `#[allow(unused_variables)]`

error: unused variable: `gnodes`
    --> packages/mudlark/src/rebalance.rs:1336:5
     |
1336 |     gnodes: &mut Arena<GNode<C, V>>,
     |     ^^^^^^ help: if this is intentional, prefix it with an underscore: `_gnodes`

error: unused variable: `violations`
    --> packages/mudlark/src/rebalance.rs:1337:5
     |
1337 |     violations: &mut Vec<VNodeId>,
     |     ^^^^^^^^^^ help: if this is intentional, prefix it with an underscore: `_violations`

error: unused variable: `depth_evict`
    --> packages/mudlark/src/rebalance.rs:1338:5
     |
1338 |     depth_evict: u32,
     |     ^^^^^^^^^^^ help: if this is intentional, prefix it with an underscore: `_depth_evict`

error: method `is_semi_internal` is never used
   --> packages/mudlark/src/gnode.rs:156:18
    |
125 | impl<C, V> GNode<C, V> {
    | ---------------------- method in this implementation
...
156 |     pub const fn is_semi_internal(&self) -> bool {
    |                  ^^^^^^^^^^^^^^^^
    |
    = note: `-D dead-code` implied by `-D unused`
    = help: to override `-D unused` add `#[expect(dead_code)]` or `#[allow(dead_code)]`

error: field `source_10_g_contraction_promotion` is never read
  --> packages/mudlark/src/rebalance.rs:84:9
   |
70 | pub struct ViolationSources {
   |            ---------------- field in this struct
...
84 |     pub source_10_g_contraction_promotion: bool,
   |         ^^^^^^^^^^^^^^^^^^^^^^^^^^^^^^^^^
   |
   = note: `ViolationSources` has derived impls for the traits `Clone` and `Debug`, but these are intentionally ignored during dead code analysis

error: function `standard_promote` is never used
   --> packages/mudlark/src/rebalance.rs:327:8
    |
327 | pub fn standard_promote<V: Accumulator>(vnodes: &mut Arena<VNode<V>>, c: VNodeId) {
    |        ^^^^^^^^^^^^^^^^

error: function `skip_promote` is never used
   --> packages/mudlark/src/rebalance.rs:411:8
    |
411 | pub fn skip_promote<V: Accumulator>(vnodes: &mut Arena<VNode<V>>, c: VNodeId) -> Option<VNodeId> {
    |        ^^^^^^^^^^^^

error: function `sibling_of` is never used
   --> packages/mudlark/src/rebalance.rs:503:4
    |
503 | fn sibling_of<V: Accumulator>(vnodes: &Arena<VNode<V>>, parent: VNodeId, child: VNodeId) -> (VNodeId, V) {
    |    ^^^^^^^^^^

error: function `legacy_promote` is never used
   --> packages/mudlark/src/rebalance.rs:537:8
    |
537 | pub fn legacy_promote<C: Coordinate, V: Accumulator>(
    |        ^^^^^^^^^^^^^^

error: function `push_source_10_violations` is never used
   --> packages/mudlark/src/rebalance.rs:695:8
    |
695 | pub fn push_source_10_violations<V: Accumulator>(vnodes: &Arena<VNode<V>>, node: VNodeId, violations: &mut Vec<VNodeId>) {
    |        ^^^^^^^^^^^^^^^^^^^^^^^^^

error: function `push_source_10_violations_with_config` is never used
   --> packages/mudlark/src/rebalance.rs:701:8
    |
701 | pub fn push_source_10_violations_with_config<V: Accumulator>(
    |        ^^^^^^^^^^^^^^^^^^^^^^^^^^^^^^^^^^^^^

error: function `push_contraction_child_violations` is never used
   --> packages/mudlark/src/rebalance.rs:771:8
    |
771 | pub fn push_contraction_child_violations<V: Accumulator>(
    |        ^^^^^^^^^^^^^^^^^^^^^^^^^^^^^^^^^

error: function `structural_child_count` is never used
    --> packages/mudlark/src/rebalance.rs:1069:4
     |
1069 | fn structural_child_count<V: Accumulator>(vnodes: &Arena<VNode<V>>, id: VNodeId) -> usize {
     |    ^^^^^^^^^^^^^^^^^^^^^^

error: function `any_child_violated` is never used
    --> packages/mudlark/src/rebalance.rs:1082:4
     |
1082 | fn any_child_violated<V: Accumulator>(vnodes: &Arena<VNode<V>>, node: VNodeId) -> bool {
     |    ^^^^^^^^^^^^^^^^^^

error: function `escalate_after_promote` is never used
    --> packages/mudlark/src/rebalance.rs:1110:4
     |
1110 | fn escalate_after_promote<V: Accumulator>(vnodes: &mut Arena<VNode<V>>, p: VNodeId, violations: &mut Vec<VNodeId>) {
     |    ^^^^^^^^^^^^^^^^^^^^^^

error: function `resolve` is never used
    --> packages/mudlark/src/rebalance.rs:1197:8
     |
1197 | pub fn resolve<C: Coordinate, V: Accumulator>(
     |        ^^^^^^^

error: associated function `new_3` is never used
   --> packages/mudlark/src/vnode.rs:123:18
    |
110 | impl<V: Copy + Default + PartialOrd> PackedChildren<V> {
    | ------------------------------------------------------ associated function in this implementation
...
123 |     pub const fn new_3(a: (VNodeId, V), b: (VNodeId, V), c: (VNodeId, V)) -> Self {
    |                  ^^^^^

error: could not compile `torrust-mudlark` (lib) due to 18 previous errors

Caused by:
  process didn't exit successfully: `/home/josecelano/.rustup/toolchains/nightly-x86_64-unknown-linux-gnu/bin/rustc --crate-name torrust_mudlark --edition=2021 packages/mudlark/src/lib.rs --error-format=json --json=diagnostic-rendered-ansi,artifacts,future-incompat --crate-type lib --emit=dep-info,metadata,link -C opt-level=3 -C embed-bitcode=no -C debuginfo=2 --deny=unused --deny=warnings '--deny=clippy::suspicious' '--deny=clippy::style' --warn=rust-2024-compatibility --deny=rust-2021-compatibility --deny=rust-2018-idioms --deny=rust-2018-compatibility '--deny=clippy::perf' '--deny=clippy::pedantic' '--warn=clippy::nursery' --deny=nonstandard-style --deny=let-underscore --deny=future-incompatible --deny=deprecated-safe '--deny=clippy::correctness' '--deny=clippy::complexity' '--deny=clippy::all' --warn=unsafe-code '--allow=clippy::needless_return' -C debug-assertions=on --cfg 'feature="default"' --cfg 'feature="dynamic-contour-tracking"' --cfg 'feature="rand"' --cfg 'feature="serde"' --check-cfg 'cfg(docsrs,test)' --check-cfg 'cfg(feature, values("default", "dynamic-contour-tracking", "rand", "serde"))' -C metadata=5a9e0a69f43d7fca -C extra-filename=-2366ab04bb498037 --out-dir /tmp/cargo-mutants-torrust-index-4akUoH.tmp/target/debug/deps -C incremental=/tmp/cargo-mutants-torrust-index-4akUoH.tmp/target/debug/incremental -L dependency=/tmp/cargo-mutants-torrust-index-4akUoH.tmp/target/debug/deps --extern rand_core=/tmp/cargo-mutants-torrust-index-4akUoH.tmp/target/debug/deps/librand_core-b015e9dd1bce5577.rmeta --extern serde=/tmp/cargo-mutants-torrust-index-4akUoH.tmp/target/debug/deps/libserde-1c6754470d6c8879.rmeta --extern tracing=/tmp/cargo-mutants-torrust-index-4akUoH.tmp/target/debug/deps/libtracing-0f09a033a0ba4fd3.rmeta` (exit status: 1)
warning: build failed, waiting for other jobs to finish...
error: function `sibling_of` is never used
   --> packages/mudlark/src/rebalance.rs:503:4
    |
503 | fn sibling_of<V: Accumulator>(vnodes: &Arena<VNode<V>>, parent: VNodeId, child: VNodeId) -> (VNodeId, V) {
    |    ^^^^^^^^^^
    |
    = note: `-D dead-code` implied by `-D unused`
    = help: to override `-D unused` add `#[expect(dead_code)]` or `#[allow(dead_code)]`

error: could not compile `torrust-mudlark` (lib test) due to 11 previous errors

Caused by:
  process didn't exit successfully: `/home/josecelano/.rustup/toolchains/nightly-x86_64-unknown-linux-gnu/bin/rustc --crate-name torrust_mudlark --edition=2021 packages/mudlark/src/lib.rs --error-format=json --json=diagnostic-rendered-ansi,artifacts,future-incompat --emit=dep-info,link -C opt-level=3 -C embed-bitcode=no -C debuginfo=2 --deny=unused --deny=warnings '--deny=clippy::suspicious' '--deny=clippy::style' --warn=rust-2024-compatibility --deny=rust-2021-compatibility --deny=rust-2018-idioms --deny=rust-2018-compatibility '--deny=clippy::perf' '--deny=clippy::pedantic' '--warn=clippy::nursery' --deny=nonstandard-style --deny=let-underscore --deny=future-incompatible --deny=deprecated-safe '--deny=clippy::correctness' '--deny=clippy::complexity' '--deny=clippy::all' --warn=unsafe-code '--allow=clippy::needless_return' -C debug-assertions=on --test --cfg 'feature="default"' --cfg 'feature="dynamic-contour-tracking"' --cfg 'feature="rand"' --cfg 'feature="serde"' --check-cfg 'cfg(docsrs,test)' --check-cfg 'cfg(feature, values("default", "dynamic-contour-tracking", "rand", "serde"))' -C metadata=898ed3f7bb09811b -C extra-filename=-d93ef5a1599fb788 --out-dir /tmp/cargo-mutants-torrust-index-4akUoH.tmp/target/debug/deps -C incremental=/tmp/cargo-mutants-torrust-index-4akUoH.tmp/target/debug/incremental -L dependency=/tmp/cargo-mutants-torrust-index-4akUoH.tmp/target/debug/deps --extern criterion=/tmp/cargo-mutants-torrust-index-4akUoH.tmp/target/debug/deps/libcriterion-b84a63839cb37f2c.rlib --extern rand_core=/tmp/cargo-mutants-torrust-index-4akUoH.tmp/target/debug/deps/librand_core-b015e9dd1bce5577.rlib --extern serde=/tmp/cargo-mutants-torrust-index-4akUoH.tmp/target/debug/deps/libserde-1c6754470d6c8879.rlib --extern serde_json=/tmp/cargo-mutants-torrust-index-4akUoH.tmp/target/debug/deps/libserde_json-363d59a4b98be2da.rlib --extern tracing=/tmp/cargo-mutants-torrust-index-4akUoH.tmp/target/debug/deps/libtracing-0f09a033a0ba4fd3.rlib --extern tracing_subscriber=/tmp/cargo-mutants-torrust-index-4akUoH.tmp/target/debug/deps/libtracing_subscriber-fba044b037c0df52.rlib -L native=/tmp/cargo-mutants-torrust-index-4akUoH.tmp/target/debug/build/alloca-85d769ec4bee2a20/out` (exit status: 1)

*** result: Failure(101)
