
*** packages/mudlark/src/split.rs:38:5: replace attempt_split with ()

*** mutation diff:
--- packages/mudlark/src/split.rs
+++ replace attempt_split with ()
@@ -30,69 +30,17 @@
 /// 6. Preprocessing: contract 3-node parent if needed
 /// 7. Depth gate: `v_depth(entry) <= D_create`
 ///
 /// # Panics
 ///
 /// Panics if the entry's V-parent link is inconsistent (the parent
 /// was confirmed to exist but is `None` after the bootstrap check).
 pub fn attempt_split<C: Coordinate, V: Accumulator + Inspectable, const N: u32>(graph: &mut GvGraph<C, V, N>, g_id: GNodeId) {
-    let g = graph.gnodes.get(g_id.index());
-
-    // Guard: must be terminal (no G-children).
-    if g.left.is_some() || g.right.is_some() {
-        return;
-    }
-
-    // Guard: interval must be divisible.
-    let mid = C::midpoint(g.lo, g.hi);
-    if mid.partial_cmp(&g.lo) != Some(std::cmp::Ordering::Greater) {
-        return;
-    }
-
-    // Guard: sum must exceed split threshold θ.
-    if g.sum.partial_cmp(&graph.config.split_threshold) != Some(std::cmp::Ordering::Greater) {
-        return;
-    }
-
-    // Guard: entry must exist.
-    let Some(entry_id) = g.entry else {
-        return;
-    };
-
-    // Bootstrap case: entry is V-root with no parent.
-    if graph.vnodes.get(entry_id.index()).parent.is_none() {
-        bootstrap_split(graph, g_id);
-        return;
-    }
-
-    // Preprocessing: if V-parent is 3-node, contract first.
-    let p_id = graph.vnodes.get(entry_id.index()).parent.unwrap();
-    if let VKind::Structural { children, .. } = &graph.vnodes.get(p_id.index()).kind {
-        if children.len() == 3 {
-            let _span = tracing::debug_span!(
-                "split_preprocess",
-                p = %Nd(&graph.vnodes, p_id),
-            )
-            .entered();
-            let merged = contract(&mut graph.vnodes, p_id);
-            push_side_effect_violations(&graph.vnodes, p_id, &mut graph.violations);
-            push_side_effect_violations(&graph.vnodes, merged, &mut graph.violations);
-            push_promoted_violations(&graph.vnodes, p_id, &mut graph.violations);
-        }
-    }
-
-    // Depth gate (checked against post-contraction position).
-    // Re-read entry_id — the G-node's entry link is unchanged by contraction.
-    let entry_id = graph.gnodes.get(g_id.index()).entry.unwrap();
-    if v_depth(&graph.vnodes, entry_id) > graph.live_depth_create {
-        return;
-    }
-
-    catalytic_split(graph, g_id);
+    () /* ~ changed by cargo-mutants ~ */
 }
 
 /// Bootstrap split: first split when V-root is a lone entry.
 ///
 /// Creates:
 /// - 2 G-children `[lo, mid)` and `[mid, hi)`
 /// - 2 V-entries (intensity 0, exposed)
 /// - 1 child structural (2-node wrapping the entries)


*** /home/josecelano/.rustup/toolchains/nightly-x86_64-unknown-linux-gnu/bin/cargo test --no-run --verbose --package=torrust-mudlark@1.0.0
       Fresh unicode-ident v1.0.24
       Fresh proc-macro2 v1.0.106
       Fresh quote v1.0.44
       Fresh syn v2.0.116
       Fresh serde_core v1.0.228
       Fresh cfg-if v1.0.4
       Fresh crossbeam-utils v0.8.21
       Fresh serde_derive v1.0.228
       Fresh zerocopy-derive v0.8.39
       Fresh autocfg v1.5.0
       Fresh find-msvc-tools v0.1.9
       Fresh regex-syntax v0.8.9
       Fresh shlex v1.3.0
       Fresh once_cell v1.21.3
       Fresh tracing-core v0.1.36
       Fresh cc v1.2.56
       Fresh regex-automata v0.4.14
       Fresh zerocopy v0.8.39
       Fresh serde v1.0.228
       Fresh crossbeam-epoch v0.9.18
       Fresh either v1.15.0
       Fresh crossbeam-deque v0.8.6
       Fresh half v2.7.1
       Fresh zmij v1.0.21
       Fresh tracing-attributes v0.1.31
       Fresh itoa v1.0.17
       Fresh anstyle v1.0.13
       Fresh memchr v2.8.0
       Fresh pin-project-lite v0.2.16
       Fresh plotters-backend v0.3.7
       Fresh clap_lex v1.0.0
       Fresh ciborium-io v0.2.2
       Fresh ciborium-ll v0.2.2
       Fresh clap_builder v4.5.59
       Fresh plotters-svg v0.3.7
       Fresh tracing v0.1.44
       Fresh serde_json v1.0.149
       Fresh num-traits v0.2.19
       Fresh rayon-core v1.13.0
       Fresh libc v0.2.182
       Fresh itertools v0.13.0
       Fresh log v0.4.29
       Fresh cast v0.3.0
       Fresh lazy_static v1.5.0
       Fresh same-file v1.0.6
       Fresh walkdir v2.5.0
       Fresh sharded-slab v0.1.7
       Fresh criterion-plot v0.8.2
       Fresh tracing-log v0.2.0
       Fresh page_size v0.6.0
       Fresh rayon v1.11.0
       Fresh plotters v0.3.7
       Fresh alloca v0.4.0
       Fresh tinytemplate v1.2.1
       Fresh clap v4.5.59
       Fresh ciborium v0.2.2
       Fresh regex v1.12.3
       Fresh matchers v0.2.0
       Fresh thread_local v1.1.9
       Fresh smallvec v1.15.1
       Fresh nu-ansi-term v0.50.3
       Fresh rand_core v0.10.0
       Fresh anes v0.1.6
       Fresh oorandom v11.1.5
       Fresh criterion v0.8.2
       Fresh tracing-subscriber v0.3.22
       Dirty torrust-mudlark v1.0.0 (/tmp/cargo-mutants-torrust-index-UHwX9Z.tmp/packages/mudlark): couldn't read metadata for file `target/debug/deps/libtorrust_mudlark-2366ab04bb498037.rlib`
   Compiling torrust-mudlark v1.0.0 (/tmp/cargo-mutants-torrust-index-UHwX9Z.tmp/packages/mudlark)
     Running `/home/josecelano/.rustup/toolchains/nightly-x86_64-unknown-linux-gnu/bin/rustc --crate-name torrust_mudlark --edition=2021 packages/mudlark/src/lib.rs --error-format=json --json=diagnostic-rendered-ansi,artifacts,future-incompat --crate-type lib --emit=dep-info,metadata,link -C opt-level=3 -C embed-bitcode=no -C debuginfo=2 --deny=unused --deny=warnings '--deny=clippy::suspicious' '--deny=clippy::style' --warn=rust-2024-compatibility --deny=rust-2021-compatibility --deny=rust-2018-idioms --deny=rust-2018-compatibility '--deny=clippy::perf' '--deny=clippy::pedantic' '--warn=clippy::nursery' --deny=nonstandard-style --deny=let-underscore --deny=future-incompatible --deny=deprecated-safe '--deny=clippy::correctness' '--deny=clippy::complexity' '--deny=clippy::all' --warn=unsafe-code '--allow=clippy::needless_return' -C debug-assertions=on --cfg 'feature="default"' --cfg 'feature="dynamic-contour-tracking"' --cfg 'feature="rand"' --cfg 'feature="serde"' --check-cfg 'cfg(docsrs,test)' --check-cfg 'cfg(feature, values("default", "dynamic-contour-tracking", "rand", "serde"))' -C metadata=5a9e0a69f43d7fca -C extra-filename=-2366ab04bb498037 --out-dir /tmp/cargo-mutants-torrust-index-UHwX9Z.tmp/target/debug/deps -C incremental=/tmp/cargo-mutants-torrust-index-UHwX9Z.tmp/target/debug/incremental -L dependency=/tmp/cargo-mutants-torrust-index-UHwX9Z.tmp/target/debug/deps --extern rand_core=/tmp/cargo-mutants-torrust-index-UHwX9Z.tmp/target/debug/deps/librand_core-b015e9dd1bce5577.rmeta --extern serde=/tmp/cargo-mutants-torrust-index-UHwX9Z.tmp/target/debug/deps/libserde-1c6754470d6c8879.rmeta --extern tracing=/tmp/cargo-mutants-torrust-index-UHwX9Z.tmp/target/debug/deps/libtracing-0f09a033a0ba4fd3.rmeta`
error: unused imports: `Nd`, `contract`, `push_promoted_violations`, and `push_side_effect_violations`
  --> packages/mudlark/src/split.rs:17:24
   |
17 | use crate::rebalance::{contract, push_promoted_violations, push_side_effect_violations, Nd};
   |                        ^^^^^^^^  ^^^^^^^^^^^^^^^^^^^^^^^^  ^^^^^^^^^^^^^^^^^^^^^^^^^^^  ^^
   |
   = note: `-D unused-imports` implied by `-D unused`
   = help: to override `-D unused` add `#[allow(unused_imports)]`

error: unused import: `v_depth`
  --> packages/mudlark/src/split.rs:20:47
   |
20 | use crate::vtree::{propagate_evictable_flags, v_depth};
   |                                               ^^^^^^^

error: unused variable: `graph`
  --> packages/mudlark/src/split.rs:37:81
   |
37 | pub fn attempt_split<C: Coordinate, V: Accumulator + Inspectable, const N: u32>(graph: &mut GvGraph<C, V, N>, g_id: GNodeId) {
   |                                                                                 ^^^^^ help: if this is intentional, prefix it with an underscore: `_graph`
   |
   = note: `-D unused-variables` implied by `-D unused`
   = help: to override `-D unused` add `#[allow(unused_variables)]`

error: unused variable: `g_id`
  --> packages/mudlark/src/split.rs:37:111
   |
37 | pub fn attempt_split<C: Coordinate, V: Accumulator + Inspectable, const N: u32>(graph: &mut GvGraph<C, V, N>, g_id: GNodeId) {
   |                                                                                                               ^^^^ help: if this is intentional, prefix it with an underscore: `_g_id`

error: methods `plateau_after_bootstrap_split` and `plateau_after_catalytic_split` are never used
    --> packages/mudlark/src/graph_plateau.rs:1409:19
     |
  24 | impl<C: Coordinate, V: Accumulator + Inspectable, const N: u32> GvGraph<C, V, N> {
     | -------------------------------------------------------------------------------- methods in this implementation
...
1409 |     pub(crate) fn plateau_after_bootstrap_split(&mut self, g_id: GNodeId, left_id: GNodeId) {
     |                   ^^^^^^^^^^^^^^^^^^^^^^^^^^^^^
...
1466 |     pub(crate) fn plateau_after_catalytic_split(&mut self, g_id: GNodeId, left_id: GNodeId) {
     |                   ^^^^^^^^^^^^^^^^^^^^^^^^^^^^^
     |
     = note: `-D dead-code` implied by `-D unused`
     = help: to override `-D unused` add `#[expect(dead_code)]` or `#[allow(dead_code)]`

error: function `bootstrap_split` is never used
  --> packages/mudlark/src/split.rs:52:4
   |
52 | fn bootstrap_split<C: Coordinate, V: Accumulator + Inspectable, const N: u32>(graph: &mut GvGraph<C, V, N>, g_id: GNodeId) {
   |    ^^^^^^^^^^^^^^^

error: function `catalytic_split` is never used
   --> packages/mudlark/src/split.rs:133:4
    |
133 | fn catalytic_split<C: Coordinate, V: Accumulator + Inspectable, const N: u32>(graph: &mut GvGraph<C, V, N>, g_id: GNodeId) {
    |    ^^^^^^^^^^^^^^^

error: function `alloc_g_child` is never used
   --> packages/mudlark/src/split.rs:223:4
    |
223 | fn alloc_g_child<C: Coordinate, V: Accumulator>(gnodes: &mut Arena<GNode<C, V>>, lo: C, hi: C, parent: GNodeId) -> GNodeId {
    |    ^^^^^^^^^^^^^

error: function `alloc_v_entry` is never used
   --> packages/mudlark/src/split.rs:238:4
    |
238 | fn alloc_v_entry<C: Coordinate, V: Accumulator>(
    |    ^^^^^^^^^^^^^

error: function `alloc_v_structural_2` is never used
   --> packages/mudlark/src/split.rs:259:4
    |
259 | fn alloc_v_structural_2<V: Accumulator>(vnodes: &mut Arena<VNode<V>>, a: VNodeId, b: VNodeId) -> VNodeId {
    |    ^^^^^^^^^^^^^^^^^^^^

error: method `add_child` is never used
   --> packages/mudlark/src/vnode.rs:202:12
    |
110 | impl<V: Copy + Default + PartialOrd> PackedChildren<V> {
    | ------------------------------------------------------ method in this implementation
...
202 |     pub fn add_child(&mut self, id: VNodeId, intensity: V) {
    |            ^^^^^^^^^

error: could not compile `torrust-mudlark` (lib) due to 11 previous errors

Caused by:
  process didn't exit successfully: `/home/josecelano/.rustup/toolchains/nightly-x86_64-unknown-linux-gnu/bin/rustc --crate-name torrust_mudlark --edition=2021 packages/mudlark/src/lib.rs --error-format=json --json=diagnostic-rendered-ansi,artifacts,future-incompat --crate-type lib --emit=dep-info,metadata,link -C opt-level=3 -C embed-bitcode=no -C debuginfo=2 --deny=unused --deny=warnings '--deny=clippy::suspicious' '--deny=clippy::style' --warn=rust-2024-compatibility --deny=rust-2021-compatibility --deny=rust-2018-idioms --deny=rust-2018-compatibility '--deny=clippy::perf' '--deny=clippy::pedantic' '--warn=clippy::nursery' --deny=nonstandard-style --deny=let-underscore --deny=future-incompatible --deny=deprecated-safe '--deny=clippy::correctness' '--deny=clippy::complexity' '--deny=clippy::all' --warn=unsafe-code '--allow=clippy::needless_return' -C debug-assertions=on --cfg 'feature="default"' --cfg 'feature="dynamic-contour-tracking"' --cfg 'feature="rand"' --cfg 'feature="serde"' --check-cfg 'cfg(docsrs,test)' --check-cfg 'cfg(feature, values("default", "dynamic-contour-tracking", "rand", "serde"))' -C metadata=5a9e0a69f43d7fca -C extra-filename=-2366ab04bb498037 --out-dir /tmp/cargo-mutants-torrust-index-UHwX9Z.tmp/target/debug/deps -C incremental=/tmp/cargo-mutants-torrust-index-UHwX9Z.tmp/target/debug/incremental -L dependency=/tmp/cargo-mutants-torrust-index-UHwX9Z.tmp/target/debug/deps --extern rand_core=/tmp/cargo-mutants-torrust-index-UHwX9Z.tmp/target/debug/deps/librand_core-b015e9dd1bce5577.rmeta --extern serde=/tmp/cargo-mutants-torrust-index-UHwX9Z.tmp/target/debug/deps/libserde-1c6754470d6c8879.rmeta --extern tracing=/tmp/cargo-mutants-torrust-index-UHwX9Z.tmp/target/debug/deps/libtracing-0f09a033a0ba4fd3.rmeta` (exit status: 1)

*** result: Failure(101)
