
*** packages/mudlark/src/rebalance.rs:1204:5: replace resolve -> Option<GNodeId> with None

*** mutation diff:
--- packages/mudlark/src/rebalance.rs
+++ replace resolve -> Option<GNodeId> with None
@@ -1196,125 +1196,17 @@
 /// and be immediately eligible for eviction (§IDEA M-11.7, §IDEA M-11.9).
 pub fn resolve<C: Coordinate, V: Accumulator>(
     vnodes: &mut Arena<VNode<V>>,
     gnodes: &mut Arena<GNode<C, V>>,
     c: VNodeId,
     violations: &mut Vec<VNodeId>,
     depth_evict: u32,
 ) -> Option<GNodeId> {
-    let _span = tracing::debug_span!("resolve", node = c.index()).entered();
-    tracing::debug!(ctx = %Ctx(vnodes, c), "begin");
-
-    let Some(p) = vnodes.get(c.index()).parent else {
-        tracing::trace!("no parent — nothing to resolve");
-        return None;
-    };
-
-    // ── Phase 1: ensure p is a 2-node ───────────────────────────
-    if structural_child_count(vnodes, p) == 3 {
-        tracing::debug!(p = %Nd(vnodes, p), "phase 1: contracting 3-node parent");
-        let merged = contract(vnodes, p);
-        push_side_effect_violations(vnodes, p, violations);
-        push_side_effect_violations(vnodes, merged, violations);
-        push_contraction_child_violations(vnodes, p, c, violations);
-        if !is_violated(vnodes, c) {
-            tracing::debug!("phase 1: resolved by contraction");
-            return None;
-        }
-    }
-
-    let is_c_structural_2 = matches!(
-        &vnodes.get(c.index()).kind,
-        VKind::Structural { children, .. } if children.len() == 2
-    );
-
-    let mut result = None;
-
-    // ── Phase 2: promote c ──────────────────────────────────────
-    if is_c_structural_2 {
-        tracing::debug!("phase 2: standard promote");
-        standard_promote(vnodes, c);
-        push_side_effect_violations(vnodes, p, violations);
-        push_promoted_violations(vnodes, p, violations);
-        escalate_after_promote(vnodes, p, violations);
-    } else {
-        tracing::debug!("phase 2: skip promote path");
-        let Some(g) = vnodes.get(p.index()).parent else {
-            tracing::trace!("no grandparent — cannot skip-promote");
-            return None;
-        };
-
-        // Ensure g is a 2-node.
-        let g_merged = if structural_child_count(vnodes, g) == 3 {
-            let merged = contract(vnodes, g);
-            push_side_effect_violations(vnodes, g, violations);
-            push_side_effect_violations(vnodes, merged, violations);
-            push_promoted_violations(vnodes, g, violations);
-            if !is_violated(vnodes, c) {
-                tracing::debug!("phase 2: resolved by g-contraction");
-                return None;
-            }
-            Some(merged)
-        } else {
-            None
-        };
-
-        // Re-read grandparent after possible contraction.
-        if let Some(g_id) = vnodes.get(p.index()).parent {
-            // §IDEA M-11.7: Check for semi-internal dispatch + depth gate.
-            let is_semi = matches!(
-                &vnodes.get(c.index()).kind,
-                VKind::Entry { gnode, .. }
-                    if gnodes.get(gnode.index()).is_semi_internal()
-            );
-
-            if is_semi && v_depth(vnodes, c) <= depth_evict {
-                tracing::debug!("phase 2: legacy promote (semi-internal entry)");
-                let new_g = legacy_promote(vnodes, gnodes, c);
-                result = Some(new_g);
-                // Legacy promote replaces c (high intensity) with ne
-                // (zero intensity) inside p. This collapses the uncle
-                // shield for s's children: they used to have uncle = c,
-                // now uncle = ne = 0. Scan p's grandchildren to catch
-                // these newly created violations that
-                // push_side_effect_violations(g) would miss (they're
-                // great-grandchildren of g, one level too deep).
-                push_side_effect_violations(vnodes, p, violations);
-            } else {
-                skip_promote(vnodes, c);
-            }
-            push_side_effect_violations(vnodes, g_id, violations);
-            push_promoted_violations(vnodes, g_id, violations);
-
-            // Source 10 (§IDEA M-11.12): When g-contraction created an
-            // intermediate node (merged_g), promotion disperses the
-            // aggregate at that level.  Grandchildren of merged_g
-            // (depth 3 below g) face a weakened uncle context that
-            // push_side_effect_violations(g) cannot reach.
-            if let Some(merged) = g_merged {
-                push_source_10_violations(vnodes, merged, violations);
-            }
-        } else {
-            tracing::warn!(
-                node = %Ctx(vnodes, c),
-                "skip-promote path: no grandparent after g-contraction — resolve incomplete",
-            );
-        }
-    }
-
-    // Post-resolve check: if c is still alive and violated, warn.
-    if vnodes.is_occupied(c.index()) && is_violated(vnodes, c) {
-        tracing::warn!(
-            node = %Ctx(vnodes, c),
-            "resolve() returning with node STILL violated",
-        );
-    }
-
-    result
+    None /* ~ changed by cargo-mutants ~ */
 }
 
 // ── Rebalance loop (§IDEA M-11.8) ──────────────────────────────────
 
 /// Drain the violations queue, resolving each violation.
 ///
 /// Guards against stale/destroyed nodes and already-resolved
 /// violations.  The queue is empty when this function returns.


*** /home/josecelano/.rustup/toolchains/nightly-x86_64-unknown-linux-gnu/bin/cargo test --no-run --verbose --package=torrust-mudlark@1.0.0
    Blocking waiting for file lock on package cache
    Blocking waiting for file lock on package cache
       Fresh unicode-ident v1.0.24
       Fresh proc-macro2 v1.0.106
       Fresh quote v1.0.44
       Fresh syn v2.0.116
       Fresh serde_core v1.0.228
       Fresh cfg-if v1.0.4
       Fresh crossbeam-utils v0.8.21
       Fresh serde_derive v1.0.228
       Fresh zerocopy-derive v0.8.39
       Fresh find-msvc-tools v0.1.9
       Fresh shlex v1.3.0
       Fresh regex-syntax v0.8.9
       Fresh once_cell v1.21.3
       Fresh autocfg v1.5.0
       Fresh tracing-core v0.1.36
       Fresh regex-automata v0.4.14
       Fresh cc v1.2.56
       Fresh zerocopy v0.8.39
       Fresh serde v1.0.228
       Fresh crossbeam-epoch v0.9.18
       Fresh either v1.15.0
       Fresh crossbeam-deque v0.8.6
       Fresh half v2.7.1
       Fresh zmij v1.0.21
       Fresh tracing-attributes v0.1.31
       Fresh ciborium-io v0.2.2
       Fresh clap_lex v1.0.0
       Fresh memchr v2.8.0
       Fresh anstyle v1.0.13
       Fresh plotters-backend v0.3.7
       Fresh itoa v1.0.17
       Fresh pin-project-lite v0.2.16
       Fresh tracing v0.1.44
       Fresh serde_json v1.0.149
       Fresh clap_builder v4.5.59
       Fresh plotters-svg v0.3.7
       Fresh ciborium-ll v0.2.2
       Fresh num-traits v0.2.19
       Fresh libc v0.2.182
       Fresh rayon-core v1.13.0
       Fresh itertools v0.13.0
       Fresh lazy_static v1.5.0
       Fresh log v0.4.29
       Fresh cast v0.3.0
       Fresh same-file v1.0.6
       Fresh tinytemplate v1.2.1
       Fresh ciborium v0.2.2
       Fresh criterion-plot v0.8.2
       Fresh sharded-slab v0.1.7
       Fresh rayon v1.11.0
       Fresh tracing-log v0.2.0
       Fresh walkdir v2.5.0
       Fresh plotters v0.3.7
       Fresh alloca v0.4.0
       Fresh page_size v0.6.0
       Fresh clap v4.5.59
       Fresh regex v1.12.3
       Fresh matchers v0.2.0
       Fresh thread_local v1.1.9
       Fresh nu-ansi-term v0.50.3
       Fresh rand_core v0.10.0
       Fresh anes v0.1.6
       Fresh smallvec v1.15.1
       Fresh oorandom v11.1.5
       Fresh tracing-subscriber v0.3.22
       Dirty torrust-mudlark v1.0.0 (/tmp/cargo-mutants-torrust-index-4akUoH.tmp/packages/mudlark): the file `packages/mudlark/src/rebalance.rs` has changed (1773697000.048418963s, 26s after last build at 1773696974.198351496s)
   Compiling torrust-mudlark v1.0.0 (/tmp/cargo-mutants-torrust-index-4akUoH.tmp/packages/mudlark)
       Fresh criterion v0.8.2
     Running `/home/josecelano/.rustup/toolchains/nightly-x86_64-unknown-linux-gnu/bin/rustc --crate-name torrust_mudlark --edition=2021 packages/mudlark/src/lib.rs --error-format=json --json=diagnostic-rendered-ansi,artifacts,future-incompat --emit=dep-info,link -C opt-level=3 -C embed-bitcode=no -C debuginfo=2 --deny=unused --deny=warnings '--deny=clippy::suspicious' '--deny=clippy::style' --warn=rust-2024-compatibility --deny=rust-2021-compatibility --deny=rust-2018-idioms --deny=rust-2018-compatibility '--deny=clippy::perf' '--deny=clippy::pedantic' '--warn=clippy::nursery' --deny=nonstandard-style --deny=let-underscore --deny=future-incompatible --deny=deprecated-safe '--deny=clippy::correctness' '--deny=clippy::complexity' '--deny=clippy::all' --warn=unsafe-code '--allow=clippy::needless_return' -C debug-assertions=on --test --cfg 'feature="default"' --cfg 'feature="dynamic-contour-tracking"' --cfg 'feature="rand"' --cfg 'feature="serde"' --check-cfg 'cfg(docsrs,test)' --check-cfg 'cfg(feature, values("default", "dynamic-contour-tracking", "rand", "serde"))' -C metadata=898ed3f7bb09811b -C extra-filename=-d93ef5a1599fb788 --out-dir /tmp/cargo-mutants-torrust-index-4akUoH.tmp/target/debug/deps -C incremental=/tmp/cargo-mutants-torrust-index-4akUoH.tmp/target/debug/incremental -L dependency=/tmp/cargo-mutants-torrust-index-4akUoH.tmp/target/debug/deps --extern criterion=/tmp/cargo-mutants-torrust-index-4akUoH.tmp/target/debug/deps/libcriterion-b84a63839cb37f2c.rlib --extern rand_core=/tmp/cargo-mutants-torrust-index-4akUoH.tmp/target/debug/deps/librand_core-b015e9dd1bce5577.rlib --extern serde=/tmp/cargo-mutants-torrust-index-4akUoH.tmp/target/debug/deps/libserde-1c6754470d6c8879.rlib --extern serde_json=/tmp/cargo-mutants-torrust-index-4akUoH.tmp/target/debug/deps/libserde_json-363d59a4b98be2da.rlib --extern tracing=/tmp/cargo-mutants-torrust-index-4akUoH.tmp/target/debug/deps/libtracing-0f09a033a0ba4fd3.rlib --extern tracing_subscriber=/tmp/cargo-mutants-torrust-index-4akUoH.tmp/target/debug/deps/libtracing_subscriber-fba044b037c0df52.rlib -L native=/tmp/cargo-mutants-torrust-index-4akUoH.tmp/target/debug/build/alloca-85d769ec4bee2a20/out`
     Running `/home/josecelano/.rustup/toolchains/nightly-x86_64-unknown-linux-gnu/bin/rustc --crate-name torrust_mudlark --edition=2021 packages/mudlark/src/lib.rs --error-format=json --json=diagnostic-rendered-ansi,artifacts,future-incompat --crate-type lib --emit=dep-info,metadata,link -C opt-level=3 -C embed-bitcode=no -C debuginfo=2 --deny=unused --deny=warnings '--deny=clippy::suspicious' '--deny=clippy::style' --warn=rust-2024-compatibility --deny=rust-2021-compatibility --deny=rust-2018-idioms --deny=rust-2018-compatibility '--deny=clippy::perf' '--deny=clippy::pedantic' '--warn=clippy::nursery' --deny=nonstandard-style --deny=let-underscore --deny=future-incompatible --deny=deprecated-safe '--deny=clippy::correctness' '--deny=clippy::complexity' '--deny=clippy::all' --warn=unsafe-code '--allow=clippy::needless_return' -C debug-assertions=on --cfg 'feature="default"' --cfg 'feature="dynamic-contour-tracking"' --cfg 'feature="rand"' --cfg 'feature="serde"' --check-cfg 'cfg(docsrs,test)' --check-cfg 'cfg(feature, values("default", "dynamic-contour-tracking", "rand", "serde"))' -C metadata=5a9e0a69f43d7fca -C extra-filename=-2366ab04bb498037 --out-dir /tmp/cargo-mutants-torrust-index-4akUoH.tmp/target/debug/deps -C incremental=/tmp/cargo-mutants-torrust-index-4akUoH.tmp/target/debug/incremental -L dependency=/tmp/cargo-mutants-torrust-index-4akUoH.tmp/target/debug/deps --extern rand_core=/tmp/cargo-mutants-torrust-index-4akUoH.tmp/target/debug/deps/librand_core-b015e9dd1bce5577.rmeta --extern serde=/tmp/cargo-mutants-torrust-index-4akUoH.tmp/target/debug/deps/libserde-1c6754470d6c8879.rmeta --extern tracing=/tmp/cargo-mutants-torrust-index-4akUoH.tmp/target/debug/deps/libtracing-0f09a033a0ba4fd3.rmeta`
error: unused variable: `vnodes`
    --> packages/mudlark/src/rebalance.rs:1198:5
     |
1198 |     vnodes: &mut Arena<VNode<V>>,
     |     ^^^^^^ help: if this is intentional, prefix it with an underscore: `_vnodes`
     |
     = note: `-D unused-variables` implied by `-D unused`
     = help: to override `-D unused` add `#[allow(unused_variables)]`

error: unused variable: `gnodes`
    --> packages/mudlark/src/rebalance.rs:1199:5
     |
1199 |     gnodes: &mut Arena<GNode<C, V>>,
     |     ^^^^^^ help: if this is intentional, prefix it with an underscore: `_gnodes`

error: unused variable: `c`
    --> packages/mudlark/src/rebalance.rs:1200:5
     |
1200 |     c: VNodeId,
     |     ^ help: if this is intentional, prefix it with an underscore: `_c`

error: unused variable: `violations`
    --> packages/mudlark/src/rebalance.rs:1201:5
     |
1201 |     violations: &mut Vec<VNodeId>,
     |     ^^^^^^^^^^ help: if this is intentional, prefix it with an underscore: `_violations`

error: unused variable: `depth_evict`
    --> packages/mudlark/src/rebalance.rs:1202:5
     |
1202 |     depth_evict: u32,
     |     ^^^^^^^^^^^ help: if this is intentional, prefix it with an underscore: `_depth_evict`

error: method `is_semi_internal` is never used
   --> packages/mudlark/src/gnode.rs:156:18
    |
125 | impl<C, V> GNode<C, V> {
    | ---------------------- method in this implementation
...
156 |     pub const fn is_semi_internal(&self) -> bool {
    |                  ^^^^^^^^^^^^^^^^
    |
    = note: `-D dead-code` implied by `-D unused`
    = help: to override `-D unused` add `#[expect(dead_code)]` or `#[allow(dead_code)]`

error: field `source_10_g_contraction_promotion` is never read
  --> packages/mudlark/src/rebalance.rs:84:9
   |
70 | pub struct ViolationSources {
   |            ---------------- field in this struct
...
84 |     pub source_10_g_contraction_promotion: bool,
   |         ^^^^^^^^^^^^^^^^^^^^^^^^^^^^^^^^^
   |
   = note: `ViolationSources` has derived impls for the traits `Clone` and `Debug`, but these are intentionally ignored during dead code analysis

error: function `standard_promote` is never used
   --> packages/mudlark/src/rebalance.rs:327:8
    |
327 | pub fn standard_promote<V: Accumulator>(vnodes: &mut Arena<VNode<V>>, c: VNodeId) {
    |        ^^^^^^^^^^^^^^^^

error: function `skip_promote` is never used
   --> packages/mudlark/src/rebalance.rs:411:8
    |
411 | pub fn skip_promote<V: Accumulator>(vnodes: &mut Arena<VNode<V>>, c: VNodeId) -> Option<VNodeId> {
    |        ^^^^^^^^^^^^

error: function `sibling_of` is never used
   --> packages/mudlark/src/rebalance.rs:503:4
    |
503 | fn sibling_of<V: Accumulator>(vnodes: &Arena<VNode<V>>, parent: VNodeId, child: VNodeId) -> (VNodeId, V) {
    |    ^^^^^^^^^^

error: function `legacy_promote` is never used
   --> packages/mudlark/src/rebalance.rs:537:8
    |
537 | pub fn legacy_promote<C: Coordinate, V: Accumulator>(
    |        ^^^^^^^^^^^^^^

error: function `push_source_10_violations` is never used
   --> packages/mudlark/src/rebalance.rs:695:8
    |
695 | pub fn push_source_10_violations<V: Accumulator>(vnodes: &Arena<VNode<V>>, node: VNodeId, violations: &mut Vec<VNodeId>) {
    |        ^^^^^^^^^^^^^^^^^^^^^^^^^

error: function `push_source_10_violations_with_config` is never used
   --> packages/mudlark/src/rebalance.rs:701:8
    |
701 | pub fn push_source_10_violations_with_config<V: Accumulator>(
    |        ^^^^^^^^^^^^^^^^^^^^^^^^^^^^^^^^^^^^^

error: function `push_contraction_child_violations` is never used
   --> packages/mudlark/src/rebalance.rs:771:8
    |
771 | pub fn push_contraction_child_violations<V: Accumulator>(
    |        ^^^^^^^^^^^^^^^^^^^^^^^^^^^^^^^^^

error: function `structural_child_count` is never used
    --> packages/mudlark/src/rebalance.rs:1069:4
     |
1069 | fn structural_child_count<V: Accumulator>(vnodes: &Arena<VNode<V>>, id: VNodeId) -> usize {
     |    ^^^^^^^^^^^^^^^^^^^^^^

error: function `any_child_violated` is never used
    --> packages/mudlark/src/rebalance.rs:1082:4
     |
1082 | fn any_child_violated<V: Accumulator>(vnodes: &Arena<VNode<V>>, node: VNodeId) -> bool {
     |    ^^^^^^^^^^^^^^^^^^

error: function `escalate_after_promote` is never used
    --> packages/mudlark/src/rebalance.rs:1110:4
     |
1110 | fn escalate_after_promote<V: Accumulator>(vnodes: &mut Arena<VNode<V>>, p: VNodeId, violations: &mut Vec<VNodeId>) {
     |    ^^^^^^^^^^^^^^^^^^^^^^

error: associated function `new_3` is never used
   --> packages/mudlark/src/vnode.rs:123:18
    |
110 | impl<V: Copy + Default + PartialOrd> PackedChildren<V> {
    | ------------------------------------------------------ associated function in this implementation
...
123 |     pub const fn new_3(a: (VNodeId, V), b: (VNodeId, V), c: (VNodeId, V)) -> Self {
    |                  ^^^^^

error: could not compile `torrust-mudlark` (lib) due to 18 previous errors

Caused by:
  process didn't exit successfully: `/home/josecelano/.rustup/toolchains/nightly-x86_64-unknown-linux-gnu/bin/rustc --crate-name torrust_mudlark --edition=2021 packages/mudlark/src/lib.rs --error-format=json --json=diagnostic-rendered-ansi,artifacts,future-incompat --crate-type lib --emit=dep-info,metadata,link -C opt-level=3 -C embed-bitcode=no -C debuginfo=2 --deny=unused --deny=warnings '--deny=clippy::suspicious' '--deny=clippy::style' --warn=rust-2024-compatibility --deny=rust-2021-compatibility --deny=rust-2018-idioms --deny=rust-2018-compatibility '--deny=clippy::perf' '--deny=clippy::pedantic' '--warn=clippy::nursery' --deny=nonstandard-style --deny=let-underscore --deny=future-incompatible --deny=deprecated-safe '--deny=clippy::correctness' '--deny=clippy::complexity' '--deny=clippy::all' --warn=unsafe-code '--allow=clippy::needless_return' -C debug-assertions=on --cfg 'feature="default"' --cfg 'feature="dynamic-contour-tracking"' --cfg 'feature="rand"' --cfg 'feature="serde"' --check-cfg 'cfg(docsrs,test)' --check-cfg 'cfg(feature, values("default", "dynamic-contour-tracking", "rand", "serde"))' -C metadata=5a9e0a69f43d7fca -C extra-filename=-2366ab04bb498037 --out-dir /tmp/cargo-mutants-torrust-index-4akUoH.tmp/target/debug/deps -C incremental=/tmp/cargo-mutants-torrust-index-4akUoH.tmp/target/debug/incremental -L dependency=/tmp/cargo-mutants-torrust-index-4akUoH.tmp/target/debug/deps --extern rand_core=/tmp/cargo-mutants-torrust-index-4akUoH.tmp/target/debug/deps/librand_core-b015e9dd1bce5577.rmeta --extern serde=/tmp/cargo-mutants-torrust-index-4akUoH.tmp/target/debug/deps/libserde-1c6754470d6c8879.rmeta --extern tracing=/tmp/cargo-mutants-torrust-index-4akUoH.tmp/target/debug/deps/libtracing-0f09a033a0ba4fd3.rmeta` (exit status: 1)
warning: build failed, waiting for other jobs to finish...
error: function `sibling_of` is never used
   --> packages/mudlark/src/rebalance.rs:503:4
    |
503 | fn sibling_of<V: Accumulator>(vnodes: &Arena<VNode<V>>, parent: VNodeId, child: VNodeId) -> (VNodeId, V) {
    |    ^^^^^^^^^^
    |
    = note: `-D dead-code` implied by `-D unused`
    = help: to override `-D unused` add `#[expect(dead_code)]` or `#[allow(dead_code)]`

error: could not compile `torrust-mudlark` (lib test) due to 11 previous errors

Caused by:
  process didn't exit successfully: `/home/josecelano/.rustup/toolchains/nightly-x86_64-unknown-linux-gnu/bin/rustc --crate-name torrust_mudlark --edition=2021 packages/mudlark/src/lib.rs --error-format=json --json=diagnostic-rendered-ansi,artifacts,future-incompat --emit=dep-info,link -C opt-level=3 -C embed-bitcode=no -C debuginfo=2 --deny=unused --deny=warnings '--deny=clippy::suspicious' '--deny=clippy::style' --warn=rust-2024-compatibility --deny=rust-2021-compatibility --deny=rust-2018-idioms --deny=rust-2018-compatibility '--deny=clippy::perf' '--deny=clippy::pedantic' '--warn=clippy::nursery' --deny=nonstandard-style --deny=let-underscore --deny=future-incompatible --deny=deprecated-safe '--deny=clippy::correctness' '--deny=clippy::complexity' '--deny=clippy::all' --warn=unsafe-code '--allow=clippy::needless_return' -C debug-assertions=on --test --cfg 'feature="default"' --cfg 'feature="dynamic-contour-tracking"' --cfg 'feature="rand"' --cfg 'feature="serde"' --check-cfg 'cfg(docsrs,test)' --check-cfg 'cfg(feature, values("default", "dynamic-contour-tracking", "rand", "serde"))' -C metadata=898ed3f7bb09811b -C extra-filename=-d93ef5a1599fb788 --out-dir /tmp/cargo-mutants-torrust-index-4akUoH.tmp/target/debug/deps -C incremental=/tmp/cargo-mutants-torrust-index-4akUoH.tmp/target/debug/incremental -L dependency=/tmp/cargo-mutants-torrust-index-4akUoH.tmp/target/debug/deps --extern criterion=/tmp/cargo-mutants-torrust-index-4akUoH.tmp/target/debug/deps/libcriterion-b84a63839cb37f2c.rlib --extern rand_core=/tmp/cargo-mutants-torrust-index-4akUoH.tmp/target/debug/deps/librand_core-b015e9dd1bce5577.rlib --extern serde=/tmp/cargo-mutants-torrust-index-4akUoH.tmp/target/debug/deps/libserde-1c6754470d6c8879.rlib --extern serde_json=/tmp/cargo-mutants-torrust-index-4akUoH.tmp/target/debug/deps/libserde_json-363d59a4b98be2da.rlib --extern tracing=/tmp/cargo-mutants-torrust-index-4akUoH.tmp/target/debug/deps/libtracing-0f09a033a0ba4fd3.rlib --extern tracing_subscriber=/tmp/cargo-mutants-torrust-index-4akUoH.tmp/target/debug/deps/libtracing_subscriber-fba044b037c0df52.rlib -L native=/tmp/cargo-mutants-torrust-index-4akUoH.tmp/target/debug/build/alloca-85d769ec4bee2a20/out` (exit status: 1)

*** result: Failure(101)
