
*** packages/mudlark/src/pewei.rs:497:5: replace descend with ()

*** mutation diff:
--- packages/mudlark/src/pewei.rs
+++ replace descend with ()
@@ -489,95 +489,17 @@
     lookup: &RegionLookup<C>,
     layers: &[Layer<C, V>],
     start: C,
     end: C,
     g_depth: usize,
     accumulated: V,
     output: &mut Vec<Span<C, V>>,
 ) {
-    match lookup.get(start, g_depth) {
-        None => {
-            // Gap — no PEWEI node here. Emit background only.
-            // Use the current G-depth so consumers see the resolution
-            // at which the gap was discovered, consistent with the
-            // truncated-child spans inside the Transition arm.
-            #[allow(clippy::cast_possible_truncation)]
-            output.push(Span {
-                start,
-                end,
-                intensity: accumulated,
-                depth: g_depth as u32,
-            });
-        }
-        Some(NodeRef::Terminal { layer, idx }) => {
-            let t = &layers[layer as usize].terminals[idx as usize];
-            output.push(Span {
-                start,
-                end,
-                intensity: V::add(accumulated, t.intensity),
-                depth: t.depth,
-            });
-        }
-        Some(NodeRef::Transition { layer, idx }) => {
-            let tr = &layers[layer as usize].transitions[idx as usize];
-            let baseline = tr.baseline;
-            let total = tr.total;
-            let depth = tr.depth;
-
-            let mid = C::midpoint(start, end);
-            let total_bg = V::add(accumulated, baseline);
-            let half_bg = total_bg.prorate(1, 2);
-            let child_depth = g_depth + 1;
-
-            let left_ref = lookup.get(start, child_depth);
-            let right_ref = lookup.get(mid, child_depth);
-
-            match (left_ref, right_ref) {
-                (Some(_), Some(_)) => {
-                    // Both children visible — recurse into each half.
-                    descend(lookup, layers, start, mid, child_depth, half_bg, output);
-                    descend(lookup, layers, mid, end, child_depth, half_bg, output);
-                }
-                (Some(left_nr), None) => {
-                    // Left visible, right invisible.
-                    descend(lookup, layers, start, mid, child_depth, half_bg, output);
-                    let left_total = node_total(layers, left_nr);
-                    let remainder = V::sub(V::sub(total, baseline), left_total);
-                    output.push(Span {
-                        start: mid,
-                        end,
-                        intensity: V::add(half_bg, remainder),
-                        depth,
-                    });
-                }
-                (None, Some(right_nr)) => {
-                    // Left invisible, right visible.
-                    let right_total = node_total(layers, right_nr);
-                    let remainder = V::sub(V::sub(total, baseline), right_total);
-                    output.push(Span {
-                        start,
-                        end: mid,
-                        intensity: V::add(half_bg, remainder),
-                        depth,
-                    });
-                    descend(lookup, layers, mid, end, child_depth, half_bg, output);
-                }
-                (None, None) => {
-                    // Fully truncated — emit total.
-                    output.push(Span {
-                        start,
-                        end,
-                        intensity: V::add(accumulated, total),
-                        depth,
-                    });
-                }
-            }
-        }
-    }
+    () /* ~ changed by cargo-mutants ~ */
 }
 
 // ── Layer ────────────────────────────────────────────────────────────
 
 /// One depth-level of the significance hierarchy
 ///
 /// Layer 0 contains the dominant energy structures — the most
 /// significant regions the index has identified. Each subsequent


*** /home/josecelano/.rustup/toolchains/nightly-x86_64-unknown-linux-gnu/bin/cargo test --no-run --verbose --package=torrust-mudlark@1.0.0
       Fresh unicode-ident v1.0.24
       Fresh cfg-if v1.0.4
       Fresh once_cell v1.21.3
       Fresh find-msvc-tools v0.1.9
       Fresh autocfg v1.5.0
       Fresh regex-syntax v0.8.9
       Fresh shlex v1.3.0
       Fresh either v1.15.0
       Fresh itoa v1.0.17
       Fresh anstyle v1.0.13
       Fresh pin-project-lite v0.2.16
       Fresh memchr v2.8.0
       Fresh plotters-backend v0.3.7
       Fresh clap_lex v1.0.0
       Fresh ciborium-io v0.2.2
       Fresh cast v0.3.0
       Fresh same-file v1.0.6
       Fresh log v0.4.29
       Fresh lazy_static v1.5.0
       Fresh anes v0.1.6
       Fresh nu-ansi-term v0.50.3
       Fresh oorandom v11.1.5
       Fresh rand_core v0.10.0
       Fresh proc-macro2 v1.0.106
       Fresh regex-automata v0.4.14
       Fresh tracing-core v0.1.36
       Fresh cc v1.2.56
       Fresh clap_builder v4.5.59
       Fresh plotters-svg v0.3.7
       Fresh itertools v0.13.0
       Fresh walkdir v2.5.0
       Fresh sharded-slab v0.1.7
       Fresh thread_local v1.1.9
       Fresh smallvec v1.15.1
       Fresh quote v1.0.44
       Fresh serde_core v1.0.228
       Fresh crossbeam-utils v0.8.21
       Fresh zmij v1.0.21
       Fresh libc v0.2.182
       Fresh tracing-log v0.2.0
       Fresh regex v1.12.3
       Fresh criterion-plot v0.8.2
       Fresh matchers v0.2.0
       Fresh clap v4.5.59
       Fresh syn v2.0.116
       Fresh crossbeam-epoch v0.9.18
       Fresh serde_json v1.0.149
       Fresh num-traits v0.2.19
       Fresh page_size v0.6.0
       Fresh zerocopy-derive v0.8.39
       Fresh serde_derive v1.0.228
       Fresh tracing-attributes v0.1.31
       Fresh crossbeam-deque v0.8.6
       Fresh alloca v0.4.0
       Fresh plotters v0.3.7
       Fresh zerocopy v0.8.39
       Fresh serde v1.0.228
       Fresh rayon-core v1.13.0
       Fresh tracing v0.1.44
       Fresh half v2.7.1
       Fresh tinytemplate v1.2.1
       Fresh rayon v1.11.0
       Fresh tracing-subscriber v0.3.22
       Dirty torrust-mudlark v1.0.0 (/tmp/cargo-mutants-torrust-index-Xjf6Dz.tmp/packages/mudlark): couldn't read metadata for file `target/debug/deps/libtorrust_mudlark-2366ab04bb498037.rlib`
   Compiling torrust-mudlark v1.0.0 (/tmp/cargo-mutants-torrust-index-Xjf6Dz.tmp/packages/mudlark)
       Fresh ciborium-ll v0.2.2
       Fresh ciborium v0.2.2
     Running `/home/josecelano/.rustup/toolchains/nightly-x86_64-unknown-linux-gnu/bin/rustc --crate-name torrust_mudlark --edition=2021 packages/mudlark/src/lib.rs --error-format=json --json=diagnostic-rendered-ansi,artifacts,future-incompat --crate-type lib --emit=dep-info,metadata,link -C opt-level=3 -C embed-bitcode=no -C debuginfo=2 --deny=unused --deny=warnings '--deny=clippy::suspicious' '--deny=clippy::style' --warn=rust-2024-compatibility --deny=rust-2021-compatibility --deny=rust-2018-idioms --deny=rust-2018-compatibility '--deny=clippy::perf' '--deny=clippy::pedantic' '--warn=clippy::nursery' --deny=nonstandard-style --deny=let-underscore --deny=future-incompatible --deny=deprecated-safe '--deny=clippy::correctness' '--deny=clippy::complexity' '--deny=clippy::all' --warn=unsafe-code '--allow=clippy::needless_return' -C debug-assertions=on --cfg 'feature="default"' --cfg 'feature="dynamic-contour-tracking"' --cfg 'feature="rand"' --cfg 'feature="serde"' --check-cfg 'cfg(docsrs,test)' --check-cfg 'cfg(feature, values("default", "dynamic-contour-tracking", "rand", "serde"))' -C metadata=5a9e0a69f43d7fca -C extra-filename=-2366ab04bb498037 --out-dir /tmp/cargo-mutants-torrust-index-Xjf6Dz.tmp/target/debug/deps -C incremental=/tmp/cargo-mutants-torrust-index-Xjf6Dz.tmp/target/debug/incremental -L dependency=/tmp/cargo-mutants-torrust-index-Xjf6Dz.tmp/target/debug/deps --extern rand_core=/tmp/cargo-mutants-torrust-index-Xjf6Dz.tmp/target/debug/deps/librand_core-b015e9dd1bce5577.rmeta --extern serde=/tmp/cargo-mutants-torrust-index-Xjf6Dz.tmp/target/debug/deps/libserde-1c6754470d6c8879.rmeta --extern tracing=/tmp/cargo-mutants-torrust-index-Xjf6Dz.tmp/target/debug/deps/libtracing-0f09a033a0ba4fd3.rmeta`
       Fresh criterion v0.8.2
     Running `/home/josecelano/.rustup/toolchains/nightly-x86_64-unknown-linux-gnu/bin/rustc --crate-name torrust_mudlark --edition=2021 packages/mudlark/src/lib.rs --error-format=json --json=diagnostic-rendered-ansi,artifacts,future-incompat --emit=dep-info,link -C opt-level=3 -C embed-bitcode=no -C debuginfo=2 --deny=unused --deny=warnings '--deny=clippy::suspicious' '--deny=clippy::style' --warn=rust-2024-compatibility --deny=rust-2021-compatibility --deny=rust-2018-idioms --deny=rust-2018-compatibility '--deny=clippy::perf' '--deny=clippy::pedantic' '--warn=clippy::nursery' --deny=nonstandard-style --deny=let-underscore --deny=future-incompatible --deny=deprecated-safe '--deny=clippy::correctness' '--deny=clippy::complexity' '--deny=clippy::all' --warn=unsafe-code '--allow=clippy::needless_return' -C debug-assertions=on --test --cfg 'feature="default"' --cfg 'feature="dynamic-contour-tracking"' --cfg 'feature="rand"' --cfg 'feature="serde"' --check-cfg 'cfg(docsrs,test)' --check-cfg 'cfg(feature, values("default", "dynamic-contour-tracking", "rand", "serde"))' -C metadata=898ed3f7bb09811b -C extra-filename=-d93ef5a1599fb788 --out-dir /tmp/cargo-mutants-torrust-index-Xjf6Dz.tmp/target/debug/deps -C incremental=/tmp/cargo-mutants-torrust-index-Xjf6Dz.tmp/target/debug/incremental -L dependency=/tmp/cargo-mutants-torrust-index-Xjf6Dz.tmp/target/debug/deps --extern criterion=/tmp/cargo-mutants-torrust-index-Xjf6Dz.tmp/target/debug/deps/libcriterion-b84a63839cb37f2c.rlib --extern rand_core=/tmp/cargo-mutants-torrust-index-Xjf6Dz.tmp/target/debug/deps/librand_core-b015e9dd1bce5577.rlib --extern serde=/tmp/cargo-mutants-torrust-index-Xjf6Dz.tmp/target/debug/deps/libserde-1c6754470d6c8879.rlib --extern serde_json=/tmp/cargo-mutants-torrust-index-Xjf6Dz.tmp/target/debug/deps/libserde_json-363d59a4b98be2da.rlib --extern tracing=/tmp/cargo-mutants-torrust-index-Xjf6Dz.tmp/target/debug/deps/libtracing-0f09a033a0ba4fd3.rlib --extern tracing_subscriber=/tmp/cargo-mutants-torrust-index-Xjf6Dz.tmp/target/debug/deps/libtracing_subscriber-fba044b037c0df52.rlib -L native=/tmp/cargo-mutants-torrust-index-Xjf6Dz.tmp/target/debug/build/alloca-85d769ec4bee2a20/out`
error: unused variable: `lookup`
   --> packages/mudlark/src/pewei.rs:489:5
    |
489 |     lookup: &RegionLookup<C>,
    |     ^^^^^^ help: if this is intentional, prefix it with an underscore: `_lookup`
    |
    = note: `-D unused-variables` implied by `-D unused`
    = help: to override `-D unused` add `#[allow(unused_variables)]`

error: unused variable: `layers`
   --> packages/mudlark/src/pewei.rs:490:5
    |
490 |     layers: &[Layer<C, V>],
    |     ^^^^^^ help: if this is intentional, prefix it with an underscore: `_layers`

error: unused variable: `start`
   --> packages/mudlark/src/pewei.rs:491:5
    |
491 |     start: C,
    |     ^^^^^ help: if this is intentional, prefix it with an underscore: `_start`

error: unused variable: `end`
   --> packages/mudlark/src/pewei.rs:492:5
    |
492 |     end: C,
    |     ^^^ help: if this is intentional, prefix it with an underscore: `_end`

error: unused variable: `g_depth`
   --> packages/mudlark/src/pewei.rs:493:5
    |
493 |     g_depth: usize,
    |     ^^^^^^^ help: if this is intentional, prefix it with an underscore: `_g_depth`

error: unused variable: `accumulated`
   --> packages/mudlark/src/pewei.rs:494:5
    |
494 |     accumulated: V,
    |     ^^^^^^^^^^^ help: if this is intentional, prefix it with an underscore: `_accumulated`

error: unused variable: `output`
   --> packages/mudlark/src/pewei.rs:495:5
    |
495 |     output: &mut Vec<Span<C, V>>,
    |     ^^^^^^ help: if this is intentional, prefix it with an underscore: `_output`

error: fields `layer` and `idx` are never read
   --> packages/mudlark/src/pewei.rs:365:18
    |
365 |     Transition { layer: u32, idx: u32 },
    |     ----------   ^^^^^       ^^^
    |     |
    |     fields in this variant
    |
    = note: `NodeRef` has derived impls for the traits `Clone` and `Debug`, but these are intentionally ignored during dead code analysis
    = note: `-D dead-code` implied by `-D unused`
    = help: to override `-D unused` add `#[expect(dead_code)]` or `#[allow(dead_code)]`

error: fields `layer` and `idx` are never read
   --> packages/mudlark/src/pewei.rs:366:16
    |
366 |     Terminal { layer: u32, idx: u32 },
    |     --------   ^^^^^       ^^^
    |     |
    |     fields in this variant
    |
    = note: `NodeRef` has derived impls for the traits `Clone` and `Debug`, but these are intentionally ignored during dead code analysis

error: fields `starts` and `nodes` are never read
   --> packages/mudlark/src/pewei.rs:379:5
    |
378 | struct DepthBucket<C: Coordinate> {
    |        ----------- fields in this struct
379 |     starts: Vec<C>,
    |     ^^^^^^
380 |     nodes: Vec<NodeRef>,
    |     ^^^^^

error: field `by_depth` is never read
   --> packages/mudlark/src/pewei.rs:393:5
    |
392 | struct RegionLookup<C: Coordinate> {
    |        ------------ field in this struct
393 |     by_depth: Vec<DepthBucket<C>>,
    |     ^^^^^^^^

error: method `get` is never used
   --> packages/mudlark/src/pewei.rs:461:8
    |
396 | impl<C: Coordinate> RegionLookup<C> {
    | ----------------------------------- method in this implementation
...
461 |     fn get(&self, start: C, g_depth: usize) -> Option<NodeRef> {
    |        ^^^

error: function `node_total` is never used
   --> packages/mudlark/src/pewei.rs:474:4
    |
474 | fn node_total<C: Coordinate, V: Accumulator>(layers: &[Layer<C, V>], nr: NodeRef) -> V {
    |    ^^^^^^^^^^

error: could not compile `torrust-mudlark` (lib) due to 13 previous errors

Caused by:
  process didn't exit successfully: `/home/josecelano/.rustup/toolchains/nightly-x86_64-unknown-linux-gnu/bin/rustc --crate-name torrust_mudlark --edition=2021 packages/mudlark/src/lib.rs --error-format=json --json=diagnostic-rendered-ansi,artifacts,future-incompat --crate-type lib --emit=dep-info,metadata,link -C opt-level=3 -C embed-bitcode=no -C debuginfo=2 --deny=unused --deny=warnings '--deny=clippy::suspicious' '--deny=clippy::style' --warn=rust-2024-compatibility --deny=rust-2021-compatibility --deny=rust-2018-idioms --deny=rust-2018-compatibility '--deny=clippy::perf' '--deny=clippy::pedantic' '--warn=clippy::nursery' --deny=nonstandard-style --deny=let-underscore --deny=future-incompatible --deny=deprecated-safe '--deny=clippy::correctness' '--deny=clippy::complexity' '--deny=clippy::all' --warn=unsafe-code '--allow=clippy::needless_return' -C debug-assertions=on --cfg 'feature="default"' --cfg 'feature="dynamic-contour-tracking"' --cfg 'feature="rand"' --cfg 'feature="serde"' --check-cfg 'cfg(docsrs,test)' --check-cfg 'cfg(feature, values("default", "dynamic-contour-tracking", "rand", "serde"))' -C metadata=5a9e0a69f43d7fca -C extra-filename=-2366ab04bb498037 --out-dir /tmp/cargo-mutants-torrust-index-Xjf6Dz.tmp/target/debug/deps -C incremental=/tmp/cargo-mutants-torrust-index-Xjf6Dz.tmp/target/debug/incremental -L dependency=/tmp/cargo-mutants-torrust-index-Xjf6Dz.tmp/target/debug/deps --extern rand_core=/tmp/cargo-mutants-torrust-index-Xjf6Dz.tmp/target/debug/deps/librand_core-b015e9dd1bce5577.rmeta --extern serde=/tmp/cargo-mutants-torrust-index-Xjf6Dz.tmp/target/debug/deps/libserde-1c6754470d6c8879.rmeta --extern tracing=/tmp/cargo-mutants-torrust-index-Xjf6Dz.tmp/target/debug/deps/libtracing-0f09a033a0ba4fd3.rmeta` (exit status: 1)
warning: build failed, waiting for other jobs to finish...
error: could not compile `torrust-mudlark` (lib test) due to 13 previous errors

Caused by:
  process didn't exit successfully: `/home/josecelano/.rustup/toolchains/nightly-x86_64-unknown-linux-gnu/bin/rustc --crate-name torrust_mudlark --edition=2021 packages/mudlark/src/lib.rs --error-format=json --json=diagnostic-rendered-ansi,artifacts,future-incompat --emit=dep-info,link -C opt-level=3 -C embed-bitcode=no -C debuginfo=2 --deny=unused --deny=warnings '--deny=clippy::suspicious' '--deny=clippy::style' --warn=rust-2024-compatibility --deny=rust-2021-compatibility --deny=rust-2018-idioms --deny=rust-2018-compatibility '--deny=clippy::perf' '--deny=clippy::pedantic' '--warn=clippy::nursery' --deny=nonstandard-style --deny=let-underscore --deny=future-incompatible --deny=deprecated-safe '--deny=clippy::correctness' '--deny=clippy::complexity' '--deny=clippy::all' --warn=unsafe-code '--allow=clippy::needless_return' -C debug-assertions=on --test --cfg 'feature="default"' --cfg 'feature="dynamic-contour-tracking"' --cfg 'feature="rand"' --cfg 'feature="serde"' --check-cfg 'cfg(docsrs,test)' --check-cfg 'cfg(feature, values("default", "dynamic-contour-tracking", "rand", "serde"))' -C metadata=898ed3f7bb09811b -C extra-filename=-d93ef5a1599fb788 --out-dir /tmp/cargo-mutants-torrust-index-Xjf6Dz.tmp/target/debug/deps -C incremental=/tmp/cargo-mutants-torrust-index-Xjf6Dz.tmp/target/debug/incremental -L dependency=/tmp/cargo-mutants-torrust-index-Xjf6Dz.tmp/target/debug/deps --extern criterion=/tmp/cargo-mutants-torrust-index-Xjf6Dz.tmp/target/debug/deps/libcriterion-b84a63839cb37f2c.rlib --extern rand_core=/tmp/cargo-mutants-torrust-index-Xjf6Dz.tmp/target/debug/deps/librand_core-b015e9dd1bce5577.rlib --extern serde=/tmp/cargo-mutants-torrust-index-Xjf6Dz.tmp/target/debug/deps/libserde-1c6754470d6c8879.rlib --extern serde_json=/tmp/cargo-mutants-torrust-index-Xjf6Dz.tmp/target/debug/deps/libserde_json-363d59a4b98be2da.rlib --extern tracing=/tmp/cargo-mutants-torrust-index-Xjf6Dz.tmp/target/debug/deps/libtracing-0f09a033a0ba4fd3.rlib --extern tracing_subscriber=/tmp/cargo-mutants-torrust-index-Xjf6Dz.tmp/target/debug/deps/libtracing_subscriber-fba044b037c0df52.rlib -L native=/tmp/cargo-mutants-torrust-index-Xjf6Dz.tmp/target/debug/build/alloca-85d769ec4bee2a20/out` (exit status: 1)

*** result: Failure(101)
