
*** packages/mudlark/src/invariants.rs:1119:5: replace check_p_i1_ii_tile_contiguity with ()

*** mutation diff:
--- packages/mudlark/src/invariants.rs
+++ replace check_p_i1_ii_tile_contiguity with ()
@@ -1111,77 +1111,17 @@
 ///
 /// The union of `tile(R)` over a plateau's basis elements must equal
 /// `[key, next_key)` — the contour run assigned to this plateau.
 #[cfg(feature = "dynamic-contour-tracking")]
 fn check_p_i1_ii_tile_contiguity<C: Coordinate, V: Accumulator + Inspectable, const N: u32>(
     graph: &GvGraph<C, V, N>,
     errors: &mut Vec<String>,
 ) {
-    let plateaus = &graph.plateaus;
-    let pb = graph.plateau_basis();
-    let keys: Vec<BasisEdge<C>> = plateaus.keys().copied().collect();
-    let domain_max = C::domain_max(N);
-
-    for (i, &key) in keys.iter().enumerate() {
-        let next_start = if i + 1 < keys.len() { keys[i + 1].0 } else { domain_max };
-
-        let elements = pb.basis_elements(&key);
-        if elements.is_empty() {
-            errors.push(format!("P-I1(ii): plateau {key:?} has no basis elements"));
-            continue;
-        }
-
-        // Collect tile intervals and sort.
-        let mut tiles: Vec<(f64, f64)> = Vec::new();
-        for &gid in elements {
-            if !graph.gnodes().is_occupied(gid.index()) {
-                continue;
-            }
-            let g = graph.gnodes().get(gid.index());
-            let (tlo, thi) = tile_of(g);
-            tiles.push((tlo.to_f64(), thi.to_f64()));
-        }
-        tiles.sort_by(|a, b| a.0.total_cmp(&b.0));
-
-        // Union must be [key.0, next_start).
-        let expected_lo = key.0.to_f64();
-        let expected_hi = next_start.to_f64();
-
-        if tiles.is_empty() {
-            errors.push(format!("P-I1(ii): plateau {key:?}: no live basis tiles"));
-            continue;
-        }
-
-        // Check left boundary.
-        if (tiles[0].0 - expected_lo).abs() > 1e-12 {
-            errors.push(format!(
-                "P-I1(ii): plateau {key:?}: tile union starts at {}, expected {expected_lo}",
-                tiles[0].0
-            ));
-        }
-
-        // Check right boundary.
-        let last_hi = tiles.last().unwrap().1;
-        if (last_hi - expected_hi).abs() > 1e-12 {
-            errors.push(format!(
-                "P-I1(ii): plateau {key:?}: tile union ends at {last_hi}, expected {expected_hi}"
-            ));
-        }
-
-        // Check no internal gaps (tiles must be contiguous).
-        for w in tiles.windows(2) {
-            if w[1].0 - w[0].1 > 1e-12 {
-                errors.push(format!(
-                    "P-I1(ii): plateau {key:?}: gap in tiles between {} and {}",
-                    w[0].1, w[1].0
-                ));
-            }
-        }
-    }
+    () /* ~ changed by cargo-mutants ~ */
 }
 
 /// **P-I1(iii): Run = basis span union ⊇ tile range.**
 ///
 /// `plateau.start` = min(R.lo), `plateau.end` = max(R.hi) over basis
 /// elements. The run `[start, end)` must contain `[key, next_key)`.
 #[cfg(feature = "dynamic-contour-tracking")]
 fn check_p_i1_iii_run_contains_tile<C: Coordinate, V: Accumulator + Inspectable, const N: u32>(


*** /home/josecelano/.rustup/toolchains/nightly-x86_64-unknown-linux-gnu/bin/cargo test --no-run --verbose --package=torrust-mudlark@1.0.0
       Fresh unicode-ident v1.0.24
       Fresh proc-macro2 v1.0.106
       Fresh cfg-if v1.0.4
       Fresh quote v1.0.44
       Fresh serde_core v1.0.228
       Fresh crossbeam-utils v0.8.21
       Fresh regex-syntax v0.8.9
       Fresh once_cell v1.21.3
       Fresh shlex v1.3.0
       Fresh find-msvc-tools v0.1.9
       Fresh syn v2.0.116
       Fresh autocfg v1.5.0
       Fresh tracing-core v0.1.36
       Fresh regex-automata v0.4.14
       Fresh crossbeam-epoch v0.9.18
       Fresh cc v1.2.56
       Fresh serde_derive v1.0.228
       Fresh zerocopy-derive v0.8.39
       Fresh either v1.15.0
       Fresh zerocopy v0.8.39
       Fresh serde v1.0.228
       Fresh zmij v1.0.21
       Fresh tracing-attributes v0.1.31
       Fresh half v2.7.1
       Fresh crossbeam-deque v0.8.6
       Fresh itoa v1.0.17
       Fresh memchr v2.8.0
       Fresh pin-project-lite v0.2.16
       Fresh clap_lex v1.0.0
       Fresh ciborium-io v0.2.2
       Fresh plotters-backend v0.3.7
       Fresh anstyle v1.0.13
       Fresh serde_json v1.0.149
       Fresh ciborium-ll v0.2.2
       Fresh plotters-svg v0.3.7
       Fresh tracing v0.1.44
       Fresh rayon-core v1.13.0
       Fresh libc v0.2.182
       Fresh num-traits v0.2.19
       Fresh clap_builder v4.5.59
       Fresh itertools v0.13.0
       Fresh same-file v1.0.6
       Fresh log v0.4.29
       Fresh lazy_static v1.5.0
       Fresh cast v0.3.0
       Fresh ciborium v0.2.2
       Fresh walkdir v2.5.0
       Fresh criterion-plot v0.8.2
       Fresh alloca v0.4.0
       Fresh clap v4.5.59
       Fresh sharded-slab v0.1.7
       Fresh tracing-log v0.2.0
       Fresh page_size v0.6.0
       Fresh rayon v1.11.0
       Fresh plotters v0.3.7
       Fresh tinytemplate v1.2.1
       Fresh regex v1.12.3
       Fresh matchers v0.2.0
       Fresh thread_local v1.1.9
       Fresh oorandom v11.1.5
       Fresh anes v0.1.6
       Fresh rand_core v0.10.0
       Fresh nu-ansi-term v0.50.3
       Fresh smallvec v1.15.1
       Fresh criterion v0.8.2
       Dirty torrust-mudlark v1.0.0 (/tmp/cargo-mutants-torrust-index-UHwX9Z.tmp/packages/mudlark): the file `packages/mudlark/src/invariants.rs` has changed (1773697639.894377683s, 13s after last build at 1773697626.831367065s)
   Compiling torrust-mudlark v1.0.0 (/tmp/cargo-mutants-torrust-index-UHwX9Z.tmp/packages/mudlark)
       Fresh tracing-subscriber v0.3.22
     Running `/home/josecelano/.rustup/toolchains/nightly-x86_64-unknown-linux-gnu/bin/rustc --crate-name torrust_mudlark --edition=2021 packages/mudlark/src/lib.rs --error-format=json --json=diagnostic-rendered-ansi,artifacts,future-incompat --emit=dep-info,link -C opt-level=3 -C embed-bitcode=no -C debuginfo=2 --deny=unused --deny=warnings '--deny=clippy::suspicious' '--deny=clippy::style' --warn=rust-2024-compatibility --deny=rust-2021-compatibility --deny=rust-2018-idioms --deny=rust-2018-compatibility '--deny=clippy::perf' '--deny=clippy::pedantic' '--warn=clippy::nursery' --deny=nonstandard-style --deny=let-underscore --deny=future-incompatible --deny=deprecated-safe '--deny=clippy::correctness' '--deny=clippy::complexity' '--deny=clippy::all' --warn=unsafe-code '--allow=clippy::needless_return' -C debug-assertions=on --test --cfg 'feature="default"' --cfg 'feature="dynamic-contour-tracking"' --cfg 'feature="rand"' --cfg 'feature="serde"' --check-cfg 'cfg(docsrs,test)' --check-cfg 'cfg(feature, values("default", "dynamic-contour-tracking", "rand", "serde"))' -C metadata=898ed3f7bb09811b -C extra-filename=-d93ef5a1599fb788 --out-dir /tmp/cargo-mutants-torrust-index-UHwX9Z.tmp/target/debug/deps -C incremental=/tmp/cargo-mutants-torrust-index-UHwX9Z.tmp/target/debug/incremental -L dependency=/tmp/cargo-mutants-torrust-index-UHwX9Z.tmp/target/debug/deps --extern criterion=/tmp/cargo-mutants-torrust-index-UHwX9Z.tmp/target/debug/deps/libcriterion-b84a63839cb37f2c.rlib --extern rand_core=/tmp/cargo-mutants-torrust-index-UHwX9Z.tmp/target/debug/deps/librand_core-b015e9dd1bce5577.rlib --extern serde=/tmp/cargo-mutants-torrust-index-UHwX9Z.tmp/target/debug/deps/libserde-1c6754470d6c8879.rlib --extern serde_json=/tmp/cargo-mutants-torrust-index-UHwX9Z.tmp/target/debug/deps/libserde_json-363d59a4b98be2da.rlib --extern tracing=/tmp/cargo-mutants-torrust-index-UHwX9Z.tmp/target/debug/deps/libtracing-0f09a033a0ba4fd3.rlib --extern tracing_subscriber=/tmp/cargo-mutants-torrust-index-UHwX9Z.tmp/target/debug/deps/libtracing_subscriber-fba044b037c0df52.rlib -L native=/tmp/cargo-mutants-torrust-index-UHwX9Z.tmp/target/debug/build/alloca-85d769ec4bee2a20/out`
     Running `/home/josecelano/.rustup/toolchains/nightly-x86_64-unknown-linux-gnu/bin/rustc --crate-name torrust_mudlark --edition=2021 packages/mudlark/src/lib.rs --error-format=json --json=diagnostic-rendered-ansi,artifacts,future-incompat --crate-type lib --emit=dep-info,metadata,link -C opt-level=3 -C embed-bitcode=no -C debuginfo=2 --deny=unused --deny=warnings '--deny=clippy::suspicious' '--deny=clippy::style' --warn=rust-2024-compatibility --deny=rust-2021-compatibility --deny=rust-2018-idioms --deny=rust-2018-compatibility '--deny=clippy::perf' '--deny=clippy::pedantic' '--warn=clippy::nursery' --deny=nonstandard-style --deny=let-underscore --deny=future-incompatible --deny=deprecated-safe '--deny=clippy::correctness' '--deny=clippy::complexity' '--deny=clippy::all' --warn=unsafe-code '--allow=clippy::needless_return' -C debug-assertions=on --cfg 'feature="default"' --cfg 'feature="dynamic-contour-tracking"' --cfg 'feature="rand"' --cfg 'feature="serde"' --check-cfg 'cfg(docsrs,test)' --check-cfg 'cfg(feature, values("default", "dynamic-contour-tracking", "rand", "serde"))' -C metadata=5a9e0a69f43d7fca -C extra-filename=-2366ab04bb498037 --out-dir /tmp/cargo-mutants-torrust-index-UHwX9Z.tmp/target/debug/deps -C incremental=/tmp/cargo-mutants-torrust-index-UHwX9Z.tmp/target/debug/incremental -L dependency=/tmp/cargo-mutants-torrust-index-UHwX9Z.tmp/target/debug/deps --extern rand_core=/tmp/cargo-mutants-torrust-index-UHwX9Z.tmp/target/debug/deps/librand_core-b015e9dd1bce5577.rmeta --extern serde=/tmp/cargo-mutants-torrust-index-UHwX9Z.tmp/target/debug/deps/libserde-1c6754470d6c8879.rmeta --extern tracing=/tmp/cargo-mutants-torrust-index-UHwX9Z.tmp/target/debug/deps/libtracing-0f09a033a0ba4fd3.rmeta`
error: unused variable: `graph`
    --> packages/mudlark/src/invariants.rs:1116:5
     |
1116 |     graph: &GvGraph<C, V, N>,
     |     ^^^^^ help: if this is intentional, prefix it with an underscore: `_graph`
     |
     = note: `-D unused-variables` implied by `-D unused`
     = help: to override `-D unused` add `#[allow(unused_variables)]`

error: unused variable: `errors`
    --> packages/mudlark/src/invariants.rs:1117:5
     |
1117 |     errors: &mut Vec<String>,
     |     ^^^^^^ help: if this is intentional, prefix it with an underscore: `_errors`

error: could not compile `torrust-mudlark` (lib) due to 2 previous errors

Caused by:
  process didn't exit successfully: `/home/josecelano/.rustup/toolchains/nightly-x86_64-unknown-linux-gnu/bin/rustc --crate-name torrust_mudlark --edition=2021 packages/mudlark/src/lib.rs --error-format=json --json=diagnostic-rendered-ansi,artifacts,future-incompat --crate-type lib --emit=dep-info,metadata,link -C opt-level=3 -C embed-bitcode=no -C debuginfo=2 --deny=unused --deny=warnings '--deny=clippy::suspicious' '--deny=clippy::style' --warn=rust-2024-compatibility --deny=rust-2021-compatibility --deny=rust-2018-idioms --deny=rust-2018-compatibility '--deny=clippy::perf' '--deny=clippy::pedantic' '--warn=clippy::nursery' --deny=nonstandard-style --deny=let-underscore --deny=future-incompatible --deny=deprecated-safe '--deny=clippy::correctness' '--deny=clippy::complexity' '--deny=clippy::all' --warn=unsafe-code '--allow=clippy::needless_return' -C debug-assertions=on --cfg 'feature="default"' --cfg 'feature="dynamic-contour-tracking"' --cfg 'feature="rand"' --cfg 'feature="serde"' --check-cfg 'cfg(docsrs,test)' --check-cfg 'cfg(feature, values("default", "dynamic-contour-tracking", "rand", "serde"))' -C metadata=5a9e0a69f43d7fca -C extra-filename=-2366ab04bb498037 --out-dir /tmp/cargo-mutants-torrust-index-UHwX9Z.tmp/target/debug/deps -C incremental=/tmp/cargo-mutants-torrust-index-UHwX9Z.tmp/target/debug/incremental -L dependency=/tmp/cargo-mutants-torrust-index-UHwX9Z.tmp/target/debug/deps --extern rand_core=/tmp/cargo-mutants-torrust-index-UHwX9Z.tmp/target/debug/deps/librand_core-b015e9dd1bce5577.rmeta --extern serde=/tmp/cargo-mutants-torrust-index-UHwX9Z.tmp/target/debug/deps/libserde-1c6754470d6c8879.rmeta --extern tracing=/tmp/cargo-mutants-torrust-index-UHwX9Z.tmp/target/debug/deps/libtracing-0f09a033a0ba4fd3.rmeta` (exit status: 1)
warning: build failed, waiting for other jobs to finish...
error: could not compile `torrust-mudlark` (lib test) due to 2 previous errors

Caused by:
  process didn't exit successfully: `/home/josecelano/.rustup/toolchains/nightly-x86_64-unknown-linux-gnu/bin/rustc --crate-name torrust_mudlark --edition=2021 packages/mudlark/src/lib.rs --error-format=json --json=diagnostic-rendered-ansi,artifacts,future-incompat --emit=dep-info,link -C opt-level=3 -C embed-bitcode=no -C debuginfo=2 --deny=unused --deny=warnings '--deny=clippy::suspicious' '--deny=clippy::style' --warn=rust-2024-compatibility --deny=rust-2021-compatibility --deny=rust-2018-idioms --deny=rust-2018-compatibility '--deny=clippy::perf' '--deny=clippy::pedantic' '--warn=clippy::nursery' --deny=nonstandard-style --deny=let-underscore --deny=future-incompatible --deny=deprecated-safe '--deny=clippy::correctness' '--deny=clippy::complexity' '--deny=clippy::all' --warn=unsafe-code '--allow=clippy::needless_return' -C debug-assertions=on --test --cfg 'feature="default"' --cfg 'feature="dynamic-contour-tracking"' --cfg 'feature="rand"' --cfg 'feature="serde"' --check-cfg 'cfg(docsrs,test)' --check-cfg 'cfg(feature, values("default", "dynamic-contour-tracking", "rand", "serde"))' -C metadata=898ed3f7bb09811b -C extra-filename=-d93ef5a1599fb788 --out-dir /tmp/cargo-mutants-torrust-index-UHwX9Z.tmp/target/debug/deps -C incremental=/tmp/cargo-mutants-torrust-index-UHwX9Z.tmp/target/debug/incremental -L dependency=/tmp/cargo-mutants-torrust-index-UHwX9Z.tmp/target/debug/deps --extern criterion=/tmp/cargo-mutants-torrust-index-UHwX9Z.tmp/target/debug/deps/libcriterion-b84a63839cb37f2c.rlib --extern rand_core=/tmp/cargo-mutants-torrust-index-UHwX9Z.tmp/target/debug/deps/librand_core-b015e9dd1bce5577.rlib --extern serde=/tmp/cargo-mutants-torrust-index-UHwX9Z.tmp/target/debug/deps/libserde-1c6754470d6c8879.rlib --extern serde_json=/tmp/cargo-mutants-torrust-index-UHwX9Z.tmp/target/debug/deps/libserde_json-363d59a4b98be2da.rlib --extern tracing=/tmp/cargo-mutants-torrust-index-UHwX9Z.tmp/target/debug/deps/libtracing-0f09a033a0ba4fd3.rlib --extern tracing_subscriber=/tmp/cargo-mutants-torrust-index-UHwX9Z.tmp/target/debug/deps/libtracing_subscriber-fba044b037c0df52.rlib -L native=/tmp/cargo-mutants-torrust-index-UHwX9Z.tmp/target/debug/build/alloca-85d769ec4bee2a20/out` (exit status: 1)

*** result: Failure(101)
