
*** packages/mudlark/src/invariants.rs:105:5: replace semi_internal_lineage -> String with String::new()

*** mutation diff:
--- packages/mudlark/src/invariants.rs
+++ replace semi_internal_lineage -> String with String::new()
@@ -97,53 +97,17 @@
 
 /// Describe this node's semi-internal lineage (is it a child of a
 /// semi-internal, or does it have a grandparent that is a semi-internal
 /// child, etc.).
 fn semi_internal_lineage<C: Coordinate, V: Accumulator + Inspectable, const N: u32>(
     graph: &GvGraph<C, V, N>,
     gnode: GNodeId,
 ) -> String {
-    let mut parts = Vec::new();
-
-    // Check if this node is a child of a semi-internal.
-    let g = graph.gnodes().get(gnode.index());
-    if let Some(parent_id) = g.parent {
-        let parent = graph.gnodes().get(parent_id.index());
-        if parent.state() == GState::SemiInternal {
-            parts.push(format!("SI-child (par=G({}))", parent_id.index()));
-        }
-    }
-
-    // Walk ancestors: for each, if THEY are a child of a semi-internal,
-    // that means this node has an ancestor who is an SI-child.
-    let mut cur = g.parent;
-    let mut depth = 1; // 1=parent, 2=grandparent, etc.
-    while let Some(anc_id) = cur {
-        let anc = graph.gnodes().get(anc_id.index());
-        if let Some(anc_parent_id) = anc.parent {
-            let anc_parent = graph.gnodes().get(anc_parent_id.index());
-            if anc_parent.state() == GState::SemiInternal {
-                parts.push(format!(
-                    "{} is SI-child (G({}) under G({}))",
-                    ancestor_name(depth),
-                    anc_id.index(),
-                    anc_parent_id.index()
-                ));
-            }
-        }
-        cur = anc.parent;
-        depth += 1;
-    }
-
-    if parts.is_empty() {
-        String::new()
-    } else {
-        format!("  [{}]", parts.join("; "))
-    }
+    String::new() /* ~ changed by cargo-mutants ~ */
 }
 
 /// Dump the full G-tree structure to a `String` for debugging.
 ///
 /// Shows each G-node with its interval, state, parent, children,
 /// sum, own, V-entry, and basis membership. The tree is printed
 /// in arena-allocation order (by gnode index).
 #[allow(dead_code)]


*** /home/josecelano/.rustup/toolchains/nightly-x86_64-unknown-linux-gnu/bin/cargo test --no-run --verbose --package=torrust-mudlark@1.0.0
    Blocking waiting for file lock on package cache
    Blocking waiting for file lock on package cache
       Fresh unicode-ident v1.0.24
       Fresh proc-macro2 v1.0.106
       Fresh quote v1.0.44
       Fresh syn v2.0.116
       Fresh serde_core v1.0.228
       Fresh cfg-if v1.0.4
       Fresh crossbeam-utils v0.8.21
       Fresh zerocopy-derive v0.8.39
       Fresh serde_derive v1.0.228
       Fresh autocfg v1.5.0
       Fresh regex-syntax v0.8.9
       Fresh once_cell v1.21.3
       Fresh shlex v1.3.0
       Fresh find-msvc-tools v0.1.9
       Fresh cc v1.2.56
       Fresh tracing-core v0.1.36
       Fresh regex-automata v0.4.14
       Fresh serde v1.0.228
       Fresh zerocopy v0.8.39
       Fresh crossbeam-epoch v0.9.18
       Fresh either v1.15.0
       Fresh crossbeam-deque v0.8.6
       Fresh half v2.7.1
       Fresh zmij v1.0.21
       Fresh tracing-attributes v0.1.31
       Fresh itoa v1.0.17
       Fresh anstyle v1.0.13
       Fresh memchr v2.8.0
       Fresh plotters-backend v0.3.7
       Fresh clap_lex v1.0.0
       Fresh pin-project-lite v0.2.16
       Fresh ciborium-io v0.2.2
       Fresh ciborium-ll v0.2.2
       Fresh tracing v0.1.44
       Fresh clap_builder v4.5.59
       Fresh plotters-svg v0.3.7
       Fresh serde_json v1.0.149
       Fresh num-traits v0.2.19
       Fresh rayon-core v1.13.0
       Fresh libc v0.2.182
       Fresh itertools v0.13.0
       Fresh log v0.4.29
       Fresh same-file v1.0.6
       Fresh cast v0.3.0
       Fresh lazy_static v1.5.0
       Fresh sharded-slab v0.1.7
       Fresh criterion-plot v0.8.2
       Fresh walkdir v2.5.0
       Fresh tracing-log v0.2.0
       Fresh page_size v0.6.0
       Fresh rayon v1.11.0
       Fresh plotters v0.3.7
       Fresh alloca v0.4.0
       Fresh tinytemplate v1.2.1
       Fresh clap v4.5.59
       Fresh ciborium v0.2.2
       Fresh matchers v0.2.0
       Fresh regex v1.12.3
       Fresh thread_local v1.1.9
       Fresh rand_core v0.10.0
       Fresh smallvec v1.15.1
       Fresh nu-ansi-term v0.50.3
       Fresh anes v0.1.6
       Fresh oorandom v11.1.5
       Fresh criterion v0.8.2
       Fresh tracing-subscriber v0.3.22
       Dirty torrust-mudlark v1.0.0 (/tmp/cargo-mutants-torrust-index-wj9SvP.tmp/packages/mudlark): the file `packages/mudlark/src/invariants.rs` has changed (1773697280.902976242s, 6s after last build at 1773697274.930967144s)
   Compiling torrust-mudlark v1.0.0 (/tmp/cargo-mutants-torrust-index-wj9SvP.tmp/packages/mudlark)
     Running `/home/josecelano/.rustup/toolchains/nightly-x86_64-unknown-linux-gnu/bin/rustc --crate-name torrust_mudlark --edition=2021 packages/mudlark/src/lib.rs --error-format=json --json=diagnostic-rendered-ansi,artifacts,future-incompat --crate-type lib --emit=dep-info,metadata,link -C opt-level=3 -C embed-bitcode=no -C debuginfo=2 --deny=unused --deny=warnings '--deny=clippy::suspicious' '--deny=clippy::style' --warn=rust-2024-compatibility --deny=rust-2021-compatibility --deny=rust-2018-idioms --deny=rust-2018-compatibility '--deny=clippy::perf' '--deny=clippy::pedantic' '--warn=clippy::nursery' --deny=nonstandard-style --deny=let-underscore --deny=future-incompatible --deny=deprecated-safe '--deny=clippy::correctness' '--deny=clippy::complexity' '--deny=clippy::all' --warn=unsafe-code '--allow=clippy::needless_return' -C debug-assertions=on --cfg 'feature="default"' --cfg 'feature="dynamic-contour-tracking"' --cfg 'feature="rand"' --cfg 'feature="serde"' --check-cfg 'cfg(docsrs,test)' --check-cfg 'cfg(feature, values("default", "dynamic-contour-tracking", "rand", "serde"))' -C metadata=5a9e0a69f43d7fca -C extra-filename=-2366ab04bb498037 --out-dir /tmp/cargo-mutants-torrust-index-wj9SvP.tmp/target/debug/deps -C incremental=/tmp/cargo-mutants-torrust-index-wj9SvP.tmp/target/debug/incremental -L dependency=/tmp/cargo-mutants-torrust-index-wj9SvP.tmp/target/debug/deps --extern rand_core=/tmp/cargo-mutants-torrust-index-wj9SvP.tmp/target/debug/deps/librand_core-b015e9dd1bce5577.rmeta --extern serde=/tmp/cargo-mutants-torrust-index-wj9SvP.tmp/target/debug/deps/libserde-1c6754470d6c8879.rmeta --extern tracing=/tmp/cargo-mutants-torrust-index-wj9SvP.tmp/target/debug/deps/libtracing-0f09a033a0ba4fd3.rmeta`
     Running `/home/josecelano/.rustup/toolchains/nightly-x86_64-unknown-linux-gnu/bin/rustc --crate-name torrust_mudlark --edition=2021 packages/mudlark/src/lib.rs --error-format=json --json=diagnostic-rendered-ansi,artifacts,future-incompat --emit=dep-info,link -C opt-level=3 -C embed-bitcode=no -C debuginfo=2 --deny=unused --deny=warnings '--deny=clippy::suspicious' '--deny=clippy::style' --warn=rust-2024-compatibility --deny=rust-2021-compatibility --deny=rust-2018-idioms --deny=rust-2018-compatibility '--deny=clippy::perf' '--deny=clippy::pedantic' '--warn=clippy::nursery' --deny=nonstandard-style --deny=let-underscore --deny=future-incompatible --deny=deprecated-safe '--deny=clippy::correctness' '--deny=clippy::complexity' '--deny=clippy::all' --warn=unsafe-code '--allow=clippy::needless_return' -C debug-assertions=on --test --cfg 'feature="default"' --cfg 'feature="dynamic-contour-tracking"' --cfg 'feature="rand"' --cfg 'feature="serde"' --check-cfg 'cfg(docsrs,test)' --check-cfg 'cfg(feature, values("default", "dynamic-contour-tracking", "rand", "serde"))' -C metadata=898ed3f7bb09811b -C extra-filename=-d93ef5a1599fb788 --out-dir /tmp/cargo-mutants-torrust-index-wj9SvP.tmp/target/debug/deps -C incremental=/tmp/cargo-mutants-torrust-index-wj9SvP.tmp/target/debug/incremental -L dependency=/tmp/cargo-mutants-torrust-index-wj9SvP.tmp/target/debug/deps --extern criterion=/tmp/cargo-mutants-torrust-index-wj9SvP.tmp/target/debug/deps/libcriterion-b84a63839cb37f2c.rlib --extern rand_core=/tmp/cargo-mutants-torrust-index-wj9SvP.tmp/target/debug/deps/librand_core-b015e9dd1bce5577.rlib --extern serde=/tmp/cargo-mutants-torrust-index-wj9SvP.tmp/target/debug/deps/libserde-1c6754470d6c8879.rlib --extern serde_json=/tmp/cargo-mutants-torrust-index-wj9SvP.tmp/target/debug/deps/libserde_json-363d59a4b98be2da.rlib --extern tracing=/tmp/cargo-mutants-torrust-index-wj9SvP.tmp/target/debug/deps/libtracing-0f09a033a0ba4fd3.rlib --extern tracing_subscriber=/tmp/cargo-mutants-torrust-index-wj9SvP.tmp/target/debug/deps/libtracing_subscriber-fba044b037c0df52.rlib -L native=/tmp/cargo-mutants-torrust-index-wj9SvP.tmp/target/debug/build/alloca-85d769ec4bee2a20/out`
error: unused variable: `graph`
   --> packages/mudlark/src/invariants.rs:102:5
    |
102 |     graph: &GvGraph<C, V, N>,
    |     ^^^^^ help: if this is intentional, prefix it with an underscore: `_graph`
    |
    = note: `-D unused-variables` implied by `-D unused`
    = help: to override `-D unused` add `#[allow(unused_variables)]`

error: unused variable: `gnode`
   --> packages/mudlark/src/invariants.rs:103:5
    |
103 |     gnode: GNodeId,
    |     ^^^^^ help: if this is intentional, prefix it with an underscore: `_gnode`

error: function `ancestor_name` is never used
  --> packages/mudlark/src/invariants.rs:41:4
   |
41 | fn ancestor_name(depth: usize) -> String {
   |    ^^^^^^^^^^^^^
   |
   = note: `-D dead-code` implied by `-D unused`
   = help: to override `-D unused` add `#[expect(dead_code)]` or `#[allow(dead_code)]`

error: could not compile `torrust-mudlark` (lib) due to 3 previous errors

Caused by:
  process didn't exit successfully: `/home/josecelano/.rustup/toolchains/nightly-x86_64-unknown-linux-gnu/bin/rustc --crate-name torrust_mudlark --edition=2021 packages/mudlark/src/lib.rs --error-format=json --json=diagnostic-rendered-ansi,artifacts,future-incompat --crate-type lib --emit=dep-info,metadata,link -C opt-level=3 -C embed-bitcode=no -C debuginfo=2 --deny=unused --deny=warnings '--deny=clippy::suspicious' '--deny=clippy::style' --warn=rust-2024-compatibility --deny=rust-2021-compatibility --deny=rust-2018-idioms --deny=rust-2018-compatibility '--deny=clippy::perf' '--deny=clippy::pedantic' '--warn=clippy::nursery' --deny=nonstandard-style --deny=let-underscore --deny=future-incompatible --deny=deprecated-safe '--deny=clippy::correctness' '--deny=clippy::complexity' '--deny=clippy::all' --warn=unsafe-code '--allow=clippy::needless_return' -C debug-assertions=on --cfg 'feature="default"' --cfg 'feature="dynamic-contour-tracking"' --cfg 'feature="rand"' --cfg 'feature="serde"' --check-cfg 'cfg(docsrs,test)' --check-cfg 'cfg(feature, values("default", "dynamic-contour-tracking", "rand", "serde"))' -C metadata=5a9e0a69f43d7fca -C extra-filename=-2366ab04bb498037 --out-dir /tmp/cargo-mutants-torrust-index-wj9SvP.tmp/target/debug/deps -C incremental=/tmp/cargo-mutants-torrust-index-wj9SvP.tmp/target/debug/incremental -L dependency=/tmp/cargo-mutants-torrust-index-wj9SvP.tmp/target/debug/deps --extern rand_core=/tmp/cargo-mutants-torrust-index-wj9SvP.tmp/target/debug/deps/librand_core-b015e9dd1bce5577.rmeta --extern serde=/tmp/cargo-mutants-torrust-index-wj9SvP.tmp/target/debug/deps/libserde-1c6754470d6c8879.rmeta --extern tracing=/tmp/cargo-mutants-torrust-index-wj9SvP.tmp/target/debug/deps/libtracing-0f09a033a0ba4fd3.rmeta` (exit status: 1)
warning: build failed, waiting for other jobs to finish...
error: could not compile `torrust-mudlark` (lib test) due to 3 previous errors

Caused by:
  process didn't exit successfully: `/home/josecelano/.rustup/toolchains/nightly-x86_64-unknown-linux-gnu/bin/rustc --crate-name torrust_mudlark --edition=2021 packages/mudlark/src/lib.rs --error-format=json --json=diagnostic-rendered-ansi,artifacts,future-incompat --emit=dep-info,link -C opt-level=3 -C embed-bitcode=no -C debuginfo=2 --deny=unused --deny=warnings '--deny=clippy::suspicious' '--deny=clippy::style' --warn=rust-2024-compatibility --deny=rust-2021-compatibility --deny=rust-2018-idioms --deny=rust-2018-compatibility '--deny=clippy::perf' '--deny=clippy::pedantic' '--warn=clippy::nursery' --deny=nonstandard-style --deny=let-underscore --deny=future-incompatible --deny=deprecated-safe '--deny=clippy::correctness' '--deny=clippy::complexity' '--deny=clippy::all' --warn=unsafe-code '--allow=clippy::needless_return' -C debug-assertions=on --test --cfg 'feature="default"' --cfg 'feature="dynamic-contour-tracking"' --cfg 'feature="rand"' --cfg 'feature="serde"' --check-cfg 'cfg(docsrs,test)' --check-cfg 'cfg(feature, values("default", "dynamic-contour-tracking", "rand", "serde"))' -C metadata=898ed3f7bb09811b -C extra-filename=-d93ef5a1599fb788 --out-dir /tmp/cargo-mutants-torrust-index-wj9SvP.tmp/target/debug/deps -C incremental=/tmp/cargo-mutants-torrust-index-wj9SvP.tmp/target/debug/incremental -L dependency=/tmp/cargo-mutants-torrust-index-wj9SvP.tmp/target/debug/deps --extern criterion=/tmp/cargo-mutants-torrust-index-wj9SvP.tmp/target/debug/deps/libcriterion-b84a63839cb37f2c.rlib --extern rand_core=/tmp/cargo-mutants-torrust-index-wj9SvP.tmp/target/debug/deps/librand_core-b015e9dd1bce5577.rlib --extern serde=/tmp/cargo-mutants-torrust-index-wj9SvP.tmp/target/debug/deps/libserde-1c6754470d6c8879.rlib --extern serde_json=/tmp/cargo-mutants-torrust-index-wj9SvP.tmp/target/debug/deps/libserde_json-363d59a4b98be2da.rlib --extern tracing=/tmp/cargo-mutants-torrust-index-wj9SvP.tmp/target/debug/deps/libtracing-0f09a033a0ba4fd3.rlib --extern tracing_subscriber=/tmp/cargo-mutants-torrust-index-wj9SvP.tmp/target/debug/deps/libtracing_subscriber-fba044b037c0df52.rlib -L native=/tmp/cargo-mutants-torrust-index-wj9SvP.tmp/target/debug/build/alloca-85d769ec4bee2a20/out` (exit status: 1)

*** result: Failure(101)
