
*** packages/mudlark/src/rebalance.rs:328:5: replace standard_promote with ()

*** mutation diff:
--- packages/mudlark/src/rebalance.rs
+++ replace standard_promote with ()
@@ -320,83 +320,17 @@
 /// 2-node. `c` is a child of `p`.
 ///
 /// See §IDEA M-11.4.
 ///
 /// # Panics
 ///
 /// Panics if `c` is not a structural 2-node, or if `c` has no parent.
 pub fn standard_promote<V: Accumulator>(vnodes: &mut Arena<VNode<V>>, c: VNodeId) {
-    let p = vnodes.get(c.index()).parent.expect("standard_promote: c must have a parent");
-    let _span = tracing::debug_span!(
-        "standard_promote",
-        c = %Nd(vnodes, c),
-        children = %Ch(vnodes, c),
-    )
-    .entered();
-
-    // Read c's two children.
-    let (c1_id, c1_int, c2_id, c2_int) = {
-        let node = vnodes.get(c.index());
-        match &node.kind {
-            VKind::Structural { children, .. } => {
-                assert!(children.len() == 2, "standard_promote: c must be a 2-node");
-                let (id1, int1) = children.get(0);
-                let (id2, int2) = children.get(1);
-                (id1, int1, id2, int2)
-            }
-            VKind::Entry { .. } => panic!("standard_promote: c must be structural"),
-        }
-    };
-
-    // Find the sibling of c in p.
-    let sibling_id = {
-        let p_node = vnodes.get(p.index());
-        match &p_node.kind {
-            VKind::Structural { children, .. } => {
-                let mut sib = None;
-                for i in 0..children.len() {
-                    let (id, _) = children.get(i);
-                    if id != c {
-                        sib = Some(children.get(i));
-                        break;
-                    }
-                }
-                sib.expect("standard_promote: sibling not found")
-            }
-            VKind::Entry { .. } => panic!("standard_promote: parent must be structural"),
-        }
-    };
-
-    // Rewrite p as a 3-node: [c1, c2, sibling].
-    let sib_terminal = node_has_evictable(vnodes, sibling_id.0);
-    let c1_terminal = node_has_evictable(vnodes, c1_id);
-    let c2_terminal = node_has_evictable(vnodes, c2_id);
-
-    let p_node = vnodes.get_mut(p.index());
-    if let VKind::Structural { children, has_evictable } = &mut p_node.kind {
-        *children = PackedChildren::new_3((c1_id, c1_int), (c2_id, c2_int), sibling_id);
-        *has_evictable = c1_terminal || c2_terminal || sib_terminal;
-    }
-
-    // Re-parent c1, c2 to p.
-    vnodes.get_mut(c1_id.index()).parent = Some(p);
-    vnodes.get_mut(c2_id.index()).parent = Some(p);
-
-    // Invalidate depth cache for c1 and c2 subtrees (they moved up one level)
-    invalidate_depth_subtree(vnodes, c1_id);
-    invalidate_depth_subtree(vnodes, c2_id);
-
-    // Destroy c.
-    vnodes.dealloc(c.index());
-
-    // Propagate terminal flags upward from p.
-    propagate_evictable_flags(vnodes, p);
-
-    tracing::debug!(result = %Ch(vnodes, p), "c destroyed, p is 3-node");
+    () /* ~ changed by cargo-mutants ~ */
 }
 
 // ── Skip Promote (§IDEA M-11.5) ─────────────────────────────────────
 
 /// Skip promotion: elevate node `c` by destroying its parent `p`
 /// and installing `c` and its sibling as direct children of
 /// grandparent `g`. `g` becomes a 3-node.
 ///


*** /home/josecelano/.rustup/toolchains/nightly-x86_64-unknown-linux-gnu/bin/cargo test --no-run --verbose --package=torrust-mudlark@1.0.0
       Fresh unicode-ident v1.0.24
       Fresh proc-macro2 v1.0.106
       Fresh quote v1.0.44
       Fresh syn v2.0.116
       Fresh serde_core v1.0.228
       Fresh cfg-if v1.0.4
       Fresh crossbeam-utils v0.8.21
       Fresh zerocopy-derive v0.8.39
       Fresh serde_derive v1.0.228
       Fresh autocfg v1.5.0
       Fresh shlex v1.3.0
       Fresh find-msvc-tools v0.1.9
       Fresh once_cell v1.21.3
       Fresh regex-syntax v0.8.9
       Fresh regex-automata v0.4.14
       Fresh tracing-core v0.1.36
       Fresh cc v1.2.56
       Fresh serde v1.0.228
       Fresh zerocopy v0.8.39
       Fresh crossbeam-epoch v0.9.18
       Fresh either v1.15.0
       Fresh crossbeam-deque v0.8.6
       Fresh half v2.7.1
       Fresh zmij v1.0.21
       Fresh tracing-attributes v0.1.31
       Fresh itoa v1.0.17
       Fresh clap_lex v1.0.0
       Fresh plotters-backend v0.3.7
       Fresh anstyle v1.0.13
       Fresh pin-project-lite v0.2.16
       Fresh memchr v2.8.0
       Fresh ciborium-io v0.2.2
       Fresh ciborium-ll v0.2.2
       Fresh serde_json v1.0.149
       Fresh tracing v0.1.44
       Fresh clap_builder v4.5.59
       Fresh plotters-svg v0.3.7
       Fresh num-traits v0.2.19
       Fresh rayon-core v1.13.0
       Fresh libc v0.2.182
       Fresh itertools v0.13.0
       Fresh log v0.4.29
       Fresh same-file v1.0.6
       Fresh lazy_static v1.5.0
       Fresh cast v0.3.0
       Fresh criterion-plot v0.8.2
       Fresh sharded-slab v0.1.7
       Fresh walkdir v2.5.0
       Fresh tracing-log v0.2.0
       Fresh page_size v0.6.0
       Fresh rayon v1.11.0
       Fresh plotters v0.3.7
       Fresh alloca v0.4.0
       Fresh clap v4.5.59
       Fresh tinytemplate v1.2.1
       Fresh ciborium v0.2.2
       Fresh regex v1.12.3
       Fresh matchers v0.2.0
       Fresh thread_local v1.1.9
       Fresh rand_core v0.10.0
       Fresh oorandom v11.1.5
       Fresh anes v0.1.6
       Fresh smallvec v1.15.1
       Fresh nu-ansi-term v0.50.3
       Fresh tracing-subscriber v0.3.22
       Fresh criterion v0.8.2
       Dirty torrust-mudlark v1.0.0 (/tmp/cargo-mutants-torrust-index-UHwX9Z.tmp/packages/mudlark): the file `packages/mudlark/src/rebalance.rs` has changed (1773696755.793628703s, 20s after last build at 1773696735.027543083s)
   Compiling torrust-mudlark v1.0.0 (/tmp/cargo-mutants-torrust-index-UHwX9Z.tmp/packages/mudlark)
     Running `/home/josecelano/.rustup/toolchains/nightly-x86_64-unknown-linux-gnu/bin/rustc --crate-name torrust_mudlark --edition=2021 packages/mudlark/src/lib.rs --error-format=json --json=diagnostic-rendered-ansi,artifacts,future-incompat --crate-type lib --emit=dep-info,metadata,link -C opt-level=3 -C embed-bitcode=no -C debuginfo=2 --deny=unused --deny=warnings '--deny=clippy::suspicious' '--deny=clippy::style' --warn=rust-2024-compatibility --deny=rust-2021-compatibility --deny=rust-2018-idioms --deny=rust-2018-compatibility '--deny=clippy::perf' '--deny=clippy::pedantic' '--warn=clippy::nursery' --deny=nonstandard-style --deny=let-underscore --deny=future-incompatible --deny=deprecated-safe '--deny=clippy::correctness' '--deny=clippy::complexity' '--deny=clippy::all' --warn=unsafe-code '--allow=clippy::needless_return' -C debug-assertions=on --cfg 'feature="default"' --cfg 'feature="dynamic-contour-tracking"' --cfg 'feature="rand"' --cfg 'feature="serde"' --check-cfg 'cfg(docsrs,test)' --check-cfg 'cfg(feature, values("default", "dynamic-contour-tracking", "rand", "serde"))' -C metadata=5a9e0a69f43d7fca -C extra-filename=-2366ab04bb498037 --out-dir /tmp/cargo-mutants-torrust-index-UHwX9Z.tmp/target/debug/deps -C incremental=/tmp/cargo-mutants-torrust-index-UHwX9Z.tmp/target/debug/incremental -L dependency=/tmp/cargo-mutants-torrust-index-UHwX9Z.tmp/target/debug/deps --extern rand_core=/tmp/cargo-mutants-torrust-index-UHwX9Z.tmp/target/debug/deps/librand_core-b015e9dd1bce5577.rmeta --extern serde=/tmp/cargo-mutants-torrust-index-UHwX9Z.tmp/target/debug/deps/libserde-1c6754470d6c8879.rmeta --extern tracing=/tmp/cargo-mutants-torrust-index-UHwX9Z.tmp/target/debug/deps/libtracing-0f09a033a0ba4fd3.rmeta`
error: unused variable: `vnodes`
   --> packages/mudlark/src/rebalance.rs:327:41
    |
327 | pub fn standard_promote<V: Accumulator>(vnodes: &mut Arena<VNode<V>>, c: VNodeId) {
    |                                         ^^^^^^ help: if this is intentional, prefix it with an underscore: `_vnodes`
    |
    = note: `-D unused-variables` implied by `-D unused`
    = help: to override `-D unused` add `#[allow(unused_variables)]`

error: unused variable: `c`
   --> packages/mudlark/src/rebalance.rs:327:71
    |
327 | pub fn standard_promote<V: Accumulator>(vnodes: &mut Arena<VNode<V>>, c: VNodeId) {
    |                                                                       ^ help: if this is intentional, prefix it with an underscore: `_c`

error: could not compile `torrust-mudlark` (lib) due to 2 previous errors

Caused by:
  process didn't exit successfully: `/home/josecelano/.rustup/toolchains/nightly-x86_64-unknown-linux-gnu/bin/rustc --crate-name torrust_mudlark --edition=2021 packages/mudlark/src/lib.rs --error-format=json --json=diagnostic-rendered-ansi,artifacts,future-incompat --crate-type lib --emit=dep-info,metadata,link -C opt-level=3 -C embed-bitcode=no -C debuginfo=2 --deny=unused --deny=warnings '--deny=clippy::suspicious' '--deny=clippy::style' --warn=rust-2024-compatibility --deny=rust-2021-compatibility --deny=rust-2018-idioms --deny=rust-2018-compatibility '--deny=clippy::perf' '--deny=clippy::pedantic' '--warn=clippy::nursery' --deny=nonstandard-style --deny=let-underscore --deny=future-incompatible --deny=deprecated-safe '--deny=clippy::correctness' '--deny=clippy::complexity' '--deny=clippy::all' --warn=unsafe-code '--allow=clippy::needless_return' -C debug-assertions=on --cfg 'feature="default"' --cfg 'feature="dynamic-contour-tracking"' --cfg 'feature="rand"' --cfg 'feature="serde"' --check-cfg 'cfg(docsrs,test)' --check-cfg 'cfg(feature, values("default", "dynamic-contour-tracking", "rand", "serde"))' -C metadata=5a9e0a69f43d7fca -C extra-filename=-2366ab04bb498037 --out-dir /tmp/cargo-mutants-torrust-index-UHwX9Z.tmp/target/debug/deps -C incremental=/tmp/cargo-mutants-torrust-index-UHwX9Z.tmp/target/debug/incremental -L dependency=/tmp/cargo-mutants-torrust-index-UHwX9Z.tmp/target/debug/deps --extern rand_core=/tmp/cargo-mutants-torrust-index-UHwX9Z.tmp/target/debug/deps/librand_core-b015e9dd1bce5577.rmeta --extern serde=/tmp/cargo-mutants-torrust-index-UHwX9Z.tmp/target/debug/deps/libserde-1c6754470d6c8879.rmeta --extern tracing=/tmp/cargo-mutants-torrust-index-UHwX9Z.tmp/target/debug/deps/libtracing-0f09a033a0ba4fd3.rmeta` (exit status: 1)

*** result: Failure(101)
