
*** packages/mudlark/src/invariants.rs:428:5: replace check_v_i1_structural_sum with ()

*** mutation diff:
--- packages/mudlark/src/invariants.rs
+++ replace check_v_i1_structural_sum with ()
@@ -420,52 +420,17 @@
 }
 
 // ── V-I1: Structural sum consistency ────────────────────────────────
 
 fn check_v_i1_structural_sum<C: Coordinate, V: Accumulator + Inspectable, const N: u32>(
     graph: &GvGraph<C, V, N>,
     errors: &mut Vec<String>,
 ) {
-    for (idx, v) in graph.vnodes().iter_occupied() {
-        if let VKind::Structural { children, .. } = &v.kind {
-            // Check that node intensity equals sum of children's intensities.
-            let mut sum = 0.0_f64;
-            for i in 0..children.len() {
-                let (child_id, cached_int) = children.get(i);
-
-                // Verify cached intensity matches authoritative child intensity.
-                if !graph.vnodes().is_occupied(child_id.index()) {
-                    errors.push(format!(
-                        "V-I1 violated at V-node {idx}: child {} is not occupied",
-                        child_id.index()
-                    ));
-                    continue;
-                }
-                let actual_int = graph.vnodes().get(child_id.index()).intensity;
-                if (cached_int.to_f64_approx() - actual_int.to_f64_approx()).abs() > 1e-9 {
-                    errors.push(format!(
-                        "V-I1 cached intensity mismatch at V-node {idx}, child {}: \
-                         cached={}, actual={}",
-                        child_id.index(),
-                        cached_int.to_f64_approx(),
-                        actual_int.to_f64_approx()
-                    ));
-                }
-                sum += cached_int.to_f64_approx();
-            }
-
-            let node_int = v.intensity.to_f64_approx();
-            if (node_int - sum).abs() > 1e-9 {
-                errors.push(format!(
-                    "V-I1 violated at V-node {idx}: intensity={node_int}, sum of children={sum}"
-                ));
-            }
-        }
-    }
+    () /* ~ changed by cargo-mutants ~ */
 }
 
 // ── V-I2: Branching factor ──────────────────────────────────────────
 
 fn check_v_i2_branching_factor<C: Coordinate, V: Accumulator + Inspectable, const N: u32>(
     graph: &GvGraph<C, V, N>,
     errors: &mut Vec<String>,
 ) {


*** /home/josecelano/.rustup/toolchains/nightly-x86_64-unknown-linux-gnu/bin/cargo test --no-run --verbose --package=torrust-mudlark@1.0.0
       Fresh unicode-ident v1.0.24
       Fresh cfg-if v1.0.4
       Fresh once_cell v1.21.3
       Fresh shlex v1.3.0
       Fresh autocfg v1.5.0
       Fresh find-msvc-tools v0.1.9
       Fresh regex-syntax v0.8.9
       Fresh either v1.15.0
       Fresh proc-macro2 v1.0.106
       Fresh regex-automata v0.4.14
       Fresh cc v1.2.56
       Fresh tracing-core v0.1.36
       Fresh clap_lex v1.0.0
       Fresh ciborium-io v0.2.2
       Fresh quote v1.0.44
       Fresh serde_core v1.0.228
       Fresh crossbeam-utils v0.8.21
       Fresh zmij v1.0.21
       Fresh pin-project-lite v0.2.16
       Fresh itoa v1.0.17
       Fresh plotters-backend v0.3.7
       Fresh anstyle v1.0.13
       Fresh memchr v2.8.0
       Fresh libc v0.2.182
       Fresh itertools v0.13.0
       Fresh log v0.4.29
       Fresh syn v2.0.116
       Fresh crossbeam-epoch v0.9.18
       Fresh clap_builder v4.5.59
       Fresh plotters-svg v0.3.7
       Fresh num-traits v0.2.19
       Fresh serde_json v1.0.149
       Fresh cast v0.3.0
       Fresh same-file v1.0.6
       Fresh lazy_static v1.5.0
       Fresh page_size v0.6.0
       Fresh tracing-log v0.2.0
       Fresh matchers v0.2.0
       Fresh regex v1.12.3
       Fresh thread_local v1.1.9
       Fresh nu-ansi-term v0.50.3
       Fresh serde_derive v1.0.228
       Fresh zerocopy-derive v0.8.39
       Fresh crossbeam-deque v0.8.6
       Fresh tracing-attributes v0.1.31
       Fresh criterion-plot v0.8.2
       Fresh sharded-slab v0.1.7
       Fresh plotters v0.3.7
       Fresh alloca v0.4.0
       Fresh clap v4.5.59
       Fresh walkdir v2.5.0
       Fresh oorandom v11.1.5
       Fresh smallvec v1.15.1
       Fresh rand_core v0.10.0
       Fresh anes v0.1.6
       Fresh serde v1.0.228
       Fresh zerocopy v0.8.39
       Fresh rayon-core v1.13.0
       Fresh tracing v0.1.44
       Fresh half v2.7.1
       Fresh tinytemplate v1.2.1
       Fresh rayon v1.11.0
       Fresh tracing-subscriber v0.3.22
       Dirty torrust-mudlark v1.0.0 (/tmp/cargo-mutants-torrust-index-4akUoH.tmp/packages/mudlark): the file `packages/mudlark/src/invariants.rs` has changed (1773697412.666153879s, 17s after last build at 1773697395.350132865s)
   Compiling torrust-mudlark v1.0.0 (/tmp/cargo-mutants-torrust-index-4akUoH.tmp/packages/mudlark)
       Fresh ciborium-ll v0.2.2
       Fresh ciborium v0.2.2
       Fresh criterion v0.8.2
     Running `/home/josecelano/.rustup/toolchains/nightly-x86_64-unknown-linux-gnu/bin/rustc --crate-name torrust_mudlark --edition=2021 packages/mudlark/src/lib.rs --error-format=json --json=diagnostic-rendered-ansi,artifacts,future-incompat --emit=dep-info,link -C opt-level=3 -C embed-bitcode=no -C debuginfo=2 --deny=unused --deny=warnings '--deny=clippy::suspicious' '--deny=clippy::style' --warn=rust-2024-compatibility --deny=rust-2021-compatibility --deny=rust-2018-idioms --deny=rust-2018-compatibility '--deny=clippy::perf' '--deny=clippy::pedantic' '--warn=clippy::nursery' --deny=nonstandard-style --deny=let-underscore --deny=future-incompatible --deny=deprecated-safe '--deny=clippy::correctness' '--deny=clippy::complexity' '--deny=clippy::all' --warn=unsafe-code '--allow=clippy::needless_return' -C debug-assertions=on --test --cfg 'feature="default"' --cfg 'feature="dynamic-contour-tracking"' --cfg 'feature="rand"' --cfg 'feature="serde"' --check-cfg 'cfg(docsrs,test)' --check-cfg 'cfg(feature, values("default", "dynamic-contour-tracking", "rand", "serde"))' -C metadata=898ed3f7bb09811b -C extra-filename=-d93ef5a1599fb788 --out-dir /tmp/cargo-mutants-torrust-index-4akUoH.tmp/target/debug/deps -C incremental=/tmp/cargo-mutants-torrust-index-4akUoH.tmp/target/debug/incremental -L dependency=/tmp/cargo-mutants-torrust-index-4akUoH.tmp/target/debug/deps --extern criterion=/tmp/cargo-mutants-torrust-index-4akUoH.tmp/target/debug/deps/libcriterion-b84a63839cb37f2c.rlib --extern rand_core=/tmp/cargo-mutants-torrust-index-4akUoH.tmp/target/debug/deps/librand_core-b015e9dd1bce5577.rlib --extern serde=/tmp/cargo-mutants-torrust-index-4akUoH.tmp/target/debug/deps/libserde-1c6754470d6c8879.rlib --extern serde_json=/tmp/cargo-mutants-torrust-index-4akUoH.tmp/target/debug/deps/libserde_json-363d59a4b98be2da.rlib --extern tracing=/tmp/cargo-mutants-torrust-index-4akUoH.tmp/target/debug/deps/libtracing-0f09a033a0ba4fd3.rlib --extern tracing_subscriber=/tmp/cargo-mutants-torrust-index-4akUoH.tmp/target/debug/deps/libtracing_subscriber-fba044b037c0df52.rlib -L native=/tmp/cargo-mutants-torrust-index-4akUoH.tmp/target/debug/build/alloca-85d769ec4bee2a20/out`
     Running `/home/josecelano/.rustup/toolchains/nightly-x86_64-unknown-linux-gnu/bin/rustc --crate-name torrust_mudlark --edition=2021 packages/mudlark/src/lib.rs --error-format=json --json=diagnostic-rendered-ansi,artifacts,future-incompat --crate-type lib --emit=dep-info,metadata,link -C opt-level=3 -C embed-bitcode=no -C debuginfo=2 --deny=unused --deny=warnings '--deny=clippy::suspicious' '--deny=clippy::style' --warn=rust-2024-compatibility --deny=rust-2021-compatibility --deny=rust-2018-idioms --deny=rust-2018-compatibility '--deny=clippy::perf' '--deny=clippy::pedantic' '--warn=clippy::nursery' --deny=nonstandard-style --deny=let-underscore --deny=future-incompatible --deny=deprecated-safe '--deny=clippy::correctness' '--deny=clippy::complexity' '--deny=clippy::all' --warn=unsafe-code '--allow=clippy::needless_return' -C debug-assertions=on --cfg 'feature="default"' --cfg 'feature="dynamic-contour-tracking"' --cfg 'feature="rand"' --cfg 'feature="serde"' --check-cfg 'cfg(docsrs,test)' --check-cfg 'cfg(feature, values("default", "dynamic-contour-tracking", "rand", "serde"))' -C metadata=5a9e0a69f43d7fca -C extra-filename=-2366ab04bb498037 --out-dir /tmp/cargo-mutants-torrust-index-4akUoH.tmp/target/debug/deps -C incremental=/tmp/cargo-mutants-torrust-index-4akUoH.tmp/target/debug/incremental -L dependency=/tmp/cargo-mutants-torrust-index-4akUoH.tmp/target/debug/deps --extern rand_core=/tmp/cargo-mutants-torrust-index-4akUoH.tmp/target/debug/deps/librand_core-b015e9dd1bce5577.rmeta --extern serde=/tmp/cargo-mutants-torrust-index-4akUoH.tmp/target/debug/deps/libserde-1c6754470d6c8879.rmeta --extern tracing=/tmp/cargo-mutants-torrust-index-4akUoH.tmp/target/debug/deps/libtracing-0f09a033a0ba4fd3.rmeta`
error: unused variable: `graph`
   --> packages/mudlark/src/invariants.rs:425:5
    |
425 |     graph: &GvGraph<C, V, N>,
    |     ^^^^^ help: if this is intentional, prefix it with an underscore: `_graph`
    |
    = note: `-D unused-variables` implied by `-D unused`
    = help: to override `-D unused` add `#[allow(unused_variables)]`

error: unused variable: `errors`
   --> packages/mudlark/src/invariants.rs:426:5
    |
426 |     errors: &mut Vec<String>,
    |     ^^^^^^ help: if this is intentional, prefix it with an underscore: `_errors`

error: could not compile `torrust-mudlark` (lib) due to 2 previous errors

Caused by:
  process didn't exit successfully: `/home/josecelano/.rustup/toolchains/nightly-x86_64-unknown-linux-gnu/bin/rustc --crate-name torrust_mudlark --edition=2021 packages/mudlark/src/lib.rs --error-format=json --json=diagnostic-rendered-ansi,artifacts,future-incompat --crate-type lib --emit=dep-info,metadata,link -C opt-level=3 -C embed-bitcode=no -C debuginfo=2 --deny=unused --deny=warnings '--deny=clippy::suspicious' '--deny=clippy::style' --warn=rust-2024-compatibility --deny=rust-2021-compatibility --deny=rust-2018-idioms --deny=rust-2018-compatibility '--deny=clippy::perf' '--deny=clippy::pedantic' '--warn=clippy::nursery' --deny=nonstandard-style --deny=let-underscore --deny=future-incompatible --deny=deprecated-safe '--deny=clippy::correctness' '--deny=clippy::complexity' '--deny=clippy::all' --warn=unsafe-code '--allow=clippy::needless_return' -C debug-assertions=on --cfg 'feature="default"' --cfg 'feature="dynamic-contour-tracking"' --cfg 'feature="rand"' --cfg 'feature="serde"' --check-cfg 'cfg(docsrs,test)' --check-cfg 'cfg(feature, values("default", "dynamic-contour-tracking", "rand", "serde"))' -C metadata=5a9e0a69f43d7fca -C extra-filename=-2366ab04bb498037 --out-dir /tmp/cargo-mutants-torrust-index-4akUoH.tmp/target/debug/deps -C incremental=/tmp/cargo-mutants-torrust-index-4akUoH.tmp/target/debug/incremental -L dependency=/tmp/cargo-mutants-torrust-index-4akUoH.tmp/target/debug/deps --extern rand_core=/tmp/cargo-mutants-torrust-index-4akUoH.tmp/target/debug/deps/librand_core-b015e9dd1bce5577.rmeta --extern serde=/tmp/cargo-mutants-torrust-index-4akUoH.tmp/target/debug/deps/libserde-1c6754470d6c8879.rmeta --extern tracing=/tmp/cargo-mutants-torrust-index-4akUoH.tmp/target/debug/deps/libtracing-0f09a033a0ba4fd3.rmeta` (exit status: 1)
warning: build failed, waiting for other jobs to finish...
error: could not compile `torrust-mudlark` (lib test) due to 2 previous errors

Caused by:
  process didn't exit successfully: `/home/josecelano/.rustup/toolchains/nightly-x86_64-unknown-linux-gnu/bin/rustc --crate-name torrust_mudlark --edition=2021 packages/mudlark/src/lib.rs --error-format=json --json=diagnostic-rendered-ansi,artifacts,future-incompat --emit=dep-info,link -C opt-level=3 -C embed-bitcode=no -C debuginfo=2 --deny=unused --deny=warnings '--deny=clippy::suspicious' '--deny=clippy::style' --warn=rust-2024-compatibility --deny=rust-2021-compatibility --deny=rust-2018-idioms --deny=rust-2018-compatibility '--deny=clippy::perf' '--deny=clippy::pedantic' '--warn=clippy::nursery' --deny=nonstandard-style --deny=let-underscore --deny=future-incompatible --deny=deprecated-safe '--deny=clippy::correctness' '--deny=clippy::complexity' '--deny=clippy::all' --warn=unsafe-code '--allow=clippy::needless_return' -C debug-assertions=on --test --cfg 'feature="default"' --cfg 'feature="dynamic-contour-tracking"' --cfg 'feature="rand"' --cfg 'feature="serde"' --check-cfg 'cfg(docsrs,test)' --check-cfg 'cfg(feature, values("default", "dynamic-contour-tracking", "rand", "serde"))' -C metadata=898ed3f7bb09811b -C extra-filename=-d93ef5a1599fb788 --out-dir /tmp/cargo-mutants-torrust-index-4akUoH.tmp/target/debug/deps -C incremental=/tmp/cargo-mutants-torrust-index-4akUoH.tmp/target/debug/incremental -L dependency=/tmp/cargo-mutants-torrust-index-4akUoH.tmp/target/debug/deps --extern criterion=/tmp/cargo-mutants-torrust-index-4akUoH.tmp/target/debug/deps/libcriterion-b84a63839cb37f2c.rlib --extern rand_core=/tmp/cargo-mutants-torrust-index-4akUoH.tmp/target/debug/deps/librand_core-b015e9dd1bce5577.rlib --extern serde=/tmp/cargo-mutants-torrust-index-4akUoH.tmp/target/debug/deps/libserde-1c6754470d6c8879.rlib --extern serde_json=/tmp/cargo-mutants-torrust-index-4akUoH.tmp/target/debug/deps/libserde_json-363d59a4b98be2da.rlib --extern tracing=/tmp/cargo-mutants-torrust-index-4akUoH.tmp/target/debug/deps/libtracing-0f09a033a0ba4fd3.rlib --extern tracing_subscriber=/tmp/cargo-mutants-torrust-index-4akUoH.tmp/target/debug/deps/libtracing_subscriber-fba044b037c0df52.rlib -L native=/tmp/cargo-mutants-torrust-index-4akUoH.tmp/target/debug/build/alloca-85d769ec4bee2a20/out` (exit status: 1)

*** result: Failure(101)
