
*** packages/mudlark/src/invariants.rs:1191:5: replace check_p_i1_iii_run_contains_tile with ()

*** mutation diff:
--- packages/mudlark/src/invariants.rs
+++ replace check_p_i1_iii_run_contains_tile with ()
@@ -1183,74 +1183,17 @@
 ///
 /// `plateau.start` = min(R.lo), `plateau.end` = max(R.hi) over basis
 /// elements. The run `[start, end)` must contain `[key, next_key)`.
 #[cfg(feature = "dynamic-contour-tracking")]
 fn check_p_i1_iii_run_contains_tile<C: Coordinate, V: Accumulator + Inspectable, const N: u32>(
     graph: &GvGraph<C, V, N>,
     errors: &mut Vec<String>,
 ) {
-    let plateaus = &graph.plateaus;
-    let pb = graph.plateau_basis();
-    let keys: Vec<BasisEdge<C>> = plateaus.keys().copied().collect();
-    let domain_max = C::domain_max(N);
-
-    for (i, &key) in keys.iter().enumerate() {
-        let plateau = &plateaus[&key];
-        let next_start = if i + 1 < keys.len() { keys[i + 1].0 } else { domain_max };
-
-        let elements = pb.basis_elements(&key);
-        if elements.is_empty() {
-            continue; // Already caught by P-I1(ii).
-        }
-
-        // Compute run from basis spans.
-        let mut min_lo = f64::INFINITY;
-        let mut max_hi = f64::NEG_INFINITY;
-        for &gid in elements {
-            if !graph.gnodes().is_occupied(gid.index()) {
-                continue;
-            }
-            let g = graph.gnodes().get(gid.index());
-            let lo = g.lo.to_f64();
-            let hi = g.hi.to_f64();
-            if lo < min_lo {
-                min_lo = lo;
-            }
-            if hi > max_hi {
-                max_hi = hi;
-            }
-        }
-
-        // Verify plateau.start / plateau.end match basis span.
-        let p_start = plateau.start.to_f64();
-        let p_end = plateau.end.to_f64();
-        if (p_start - min_lo).abs() > 1e-12 {
-            errors.push(format!(
-                "P-I1(iii): plateau {key:?}: start={p_start}, expected min(basis.lo)={min_lo}"
-            ));
-        }
-        if (p_end - max_hi).abs() > 1e-12 {
-            errors.push(format!(
-                "P-I1(iii): plateau {key:?}: end={p_end}, expected max(basis.hi)={max_hi}"
-            ));
-        }
-
-        // Verify run ⊇ tile range: [key, next_start).
-        let tile_lo = key.0.to_f64();
-        let tile_hi = next_start.to_f64();
-        if p_start - tile_lo > 1e-12 {
-            errors.push(format!(
-                "P-I1(iii): plateau {key:?}: run start {p_start} > tile start {tile_lo}"
-            ));
-        }
-        if tile_hi - p_end > 1e-12 {
-            errors.push(format!("P-I1(iii): plateau {key:?}: run end {p_end} < tile end {tile_hi}"));
-        }
-    }
+    () /* ~ changed by cargo-mutants ~ */
 }
 
 // ── P-I2: Minimal deterministic basis ──────────────────────────────
 
 /// Each basis element must be maximally consolidated: if an element's
 /// parent also has uniform contour depth equal to the plateau's depth,
 /// the parent should be the basis element instead.
 ///


*** /home/josecelano/.rustup/toolchains/nightly-x86_64-unknown-linux-gnu/bin/cargo test --no-run --verbose --package=torrust-mudlark@1.0.0
       Fresh unicode-ident v1.0.24
       Fresh proc-macro2 v1.0.106
       Fresh cfg-if v1.0.4
       Fresh autocfg v1.5.0
       Fresh once_cell v1.21.3
       Fresh regex-syntax v0.8.9
       Fresh find-msvc-tools v0.1.9
       Fresh shlex v1.3.0
       Fresh either v1.15.0
       Fresh pin-project-lite v0.2.16
       Fresh anstyle v1.0.13
       Fresh itoa v1.0.17
       Fresh clap_lex v1.0.0
       Fresh plotters-backend v0.3.7
       Fresh ciborium-io v0.2.2
       Fresh memchr v2.8.0
       Fresh cast v0.3.0
       Fresh same-file v1.0.6
       Fresh lazy_static v1.5.0
       Fresh log v0.4.29
       Fresh oorandom v11.1.5
       Fresh quote v1.0.44
       Fresh serde_core v1.0.228
       Fresh crossbeam-utils v0.8.21
       Fresh tracing-core v0.1.36
       Fresh cc v1.2.56
       Fresh regex-automata v0.4.14
       Fresh plotters-svg v0.3.7
       Fresh itertools v0.13.0
       Fresh clap_builder v4.5.59
       Fresh walkdir v2.5.0
       Fresh thread_local v1.1.9
       Fresh sharded-slab v0.1.7
       Fresh nu-ansi-term v0.50.3
       Fresh rand_core v0.10.0
       Fresh smallvec v1.15.1
       Fresh anes v0.1.6
       Fresh syn v2.0.116
       Fresh crossbeam-epoch v0.9.18
       Fresh zmij v1.0.21
       Fresh libc v0.2.182
       Fresh tracing-log v0.2.0
       Fresh regex v1.12.3
       Fresh criterion-plot v0.8.2
       Fresh matchers v0.2.0
       Fresh clap v4.5.59
       Fresh zerocopy-derive v0.8.39
       Fresh serde_derive v1.0.228
       Fresh tracing-attributes v0.1.31
       Fresh crossbeam-deque v0.8.6
       Fresh serde_json v1.0.149
       Fresh num-traits v0.2.19
       Fresh page_size v0.6.0
       Fresh zerocopy v0.8.39
       Fresh serde v1.0.228
       Fresh rayon-core v1.13.0
       Fresh tracing v0.1.44
       Fresh plotters v0.3.7
       Fresh alloca v0.4.0
       Fresh half v2.7.1
       Fresh rayon v1.11.0
       Fresh tinytemplate v1.2.1
       Fresh tracing-subscriber v0.3.22
       Dirty torrust-mudlark v1.0.0 (/tmp/cargo-mutants-torrust-index-4akUoH.tmp/packages/mudlark): the file `packages/mudlark/src/invariants.rs` has changed (1773697726.171585986s, 12s after last build at 1773697714.152780020s)
   Compiling torrust-mudlark v1.0.0 (/tmp/cargo-mutants-torrust-index-4akUoH.tmp/packages/mudlark)
       Fresh ciborium-ll v0.2.2
       Fresh ciborium v0.2.2
       Fresh criterion v0.8.2
     Running `/home/josecelano/.rustup/toolchains/nightly-x86_64-unknown-linux-gnu/bin/rustc --crate-name torrust_mudlark --edition=2021 packages/mudlark/src/lib.rs --error-format=json --json=diagnostic-rendered-ansi,artifacts,future-incompat --emit=dep-info,link -C opt-level=3 -C embed-bitcode=no -C debuginfo=2 --deny=unused --deny=warnings '--deny=clippy::suspicious' '--deny=clippy::style' --warn=rust-2024-compatibility --deny=rust-2021-compatibility --deny=rust-2018-idioms --deny=rust-2018-compatibility '--deny=clippy::perf' '--deny=clippy::pedantic' '--warn=clippy::nursery' --deny=nonstandard-style --deny=let-underscore --deny=future-incompatible --deny=deprecated-safe '--deny=clippy::correctness' '--deny=clippy::complexity' '--deny=clippy::all' --warn=unsafe-code '--allow=clippy::needless_return' -C debug-assertions=on --test --cfg 'feature="default"' --cfg 'feature="dynamic-contour-tracking"' --cfg 'feature="rand"' --cfg 'feature="serde"' --check-cfg 'cfg(docsrs,test)' --check-cfg 'cfg(feature, values("default", "dynamic-contour-tracking", "rand", "serde"))' -C metadata=898ed3f7bb09811b -C extra-filename=-d93ef5a1599fb788 --out-dir /tmp/cargo-mutants-torrust-index-4akUoH.tmp/target/debug/deps -C incremental=/tmp/cargo-mutants-torrust-index-4akUoH.tmp/target/debug/incremental -L dependency=/tmp/cargo-mutants-torrust-index-4akUoH.tmp/target/debug/deps --extern criterion=/tmp/cargo-mutants-torrust-index-4akUoH.tmp/target/debug/deps/libcriterion-b84a63839cb37f2c.rlib --extern rand_core=/tmp/cargo-mutants-torrust-index-4akUoH.tmp/target/debug/deps/librand_core-b015e9dd1bce5577.rlib --extern serde=/tmp/cargo-mutants-torrust-index-4akUoH.tmp/target/debug/deps/libserde-1c6754470d6c8879.rlib --extern serde_json=/tmp/cargo-mutants-torrust-index-4akUoH.tmp/target/debug/deps/libserde_json-363d59a4b98be2da.rlib --extern tracing=/tmp/cargo-mutants-torrust-index-4akUoH.tmp/target/debug/deps/libtracing-0f09a033a0ba4fd3.rlib --extern tracing_subscriber=/tmp/cargo-mutants-torrust-index-4akUoH.tmp/target/debug/deps/libtracing_subscriber-fba044b037c0df52.rlib -L native=/tmp/cargo-mutants-torrust-index-4akUoH.tmp/target/debug/build/alloca-85d769ec4bee2a20/out`
     Running `/home/josecelano/.rustup/toolchains/nightly-x86_64-unknown-linux-gnu/bin/rustc --crate-name torrust_mudlark --edition=2021 packages/mudlark/src/lib.rs --error-format=json --json=diagnostic-rendered-ansi,artifacts,future-incompat --crate-type lib --emit=dep-info,metadata,link -C opt-level=3 -C embed-bitcode=no -C debuginfo=2 --deny=unused --deny=warnings '--deny=clippy::suspicious' '--deny=clippy::style' --warn=rust-2024-compatibility --deny=rust-2021-compatibility --deny=rust-2018-idioms --deny=rust-2018-compatibility '--deny=clippy::perf' '--deny=clippy::pedantic' '--warn=clippy::nursery' --deny=nonstandard-style --deny=let-underscore --deny=future-incompatible --deny=deprecated-safe '--deny=clippy::correctness' '--deny=clippy::complexity' '--deny=clippy::all' --warn=unsafe-code '--allow=clippy::needless_return' -C debug-assertions=on --cfg 'feature="default"' --cfg 'feature="dynamic-contour-tracking"' --cfg 'feature="rand"' --cfg 'feature="serde"' --check-cfg 'cfg(docsrs,test)' --check-cfg 'cfg(feature, values("default", "dynamic-contour-tracking", "rand", "serde"))' -C metadata=5a9e0a69f43d7fca -C extra-filename=-2366ab04bb498037 --out-dir /tmp/cargo-mutants-torrust-index-4akUoH.tmp/target/debug/deps -C incremental=/tmp/cargo-mutants-torrust-index-4akUoH.tmp/target/debug/incremental -L dependency=/tmp/cargo-mutants-torrust-index-4akUoH.tmp/target/debug/deps --extern rand_core=/tmp/cargo-mutants-torrust-index-4akUoH.tmp/target/debug/deps/librand_core-b015e9dd1bce5577.rmeta --extern serde=/tmp/cargo-mutants-torrust-index-4akUoH.tmp/target/debug/deps/libserde-1c6754470d6c8879.rmeta --extern tracing=/tmp/cargo-mutants-torrust-index-4akUoH.tmp/target/debug/deps/libtracing-0f09a033a0ba4fd3.rmeta`
error: unused variable: `graph`
    --> packages/mudlark/src/invariants.rs:1188:5
     |
1188 |     graph: &GvGraph<C, V, N>,
     |     ^^^^^ help: if this is intentional, prefix it with an underscore: `_graph`
     |
     = note: `-D unused-variables` implied by `-D unused`
     = help: to override `-D unused` add `#[allow(unused_variables)]`

error: unused variable: `errors`
    --> packages/mudlark/src/invariants.rs:1189:5
     |
1189 |     errors: &mut Vec<String>,
     |     ^^^^^^ help: if this is intentional, prefix it with an underscore: `_errors`

error: could not compile `torrust-mudlark` (lib) due to 2 previous errors

Caused by:
  process didn't exit successfully: `/home/josecelano/.rustup/toolchains/nightly-x86_64-unknown-linux-gnu/bin/rustc --crate-name torrust_mudlark --edition=2021 packages/mudlark/src/lib.rs --error-format=json --json=diagnostic-rendered-ansi,artifacts,future-incompat --crate-type lib --emit=dep-info,metadata,link -C opt-level=3 -C embed-bitcode=no -C debuginfo=2 --deny=unused --deny=warnings '--deny=clippy::suspicious' '--deny=clippy::style' --warn=rust-2024-compatibility --deny=rust-2021-compatibility --deny=rust-2018-idioms --deny=rust-2018-compatibility '--deny=clippy::perf' '--deny=clippy::pedantic' '--warn=clippy::nursery' --deny=nonstandard-style --deny=let-underscore --deny=future-incompatible --deny=deprecated-safe '--deny=clippy::correctness' '--deny=clippy::complexity' '--deny=clippy::all' --warn=unsafe-code '--allow=clippy::needless_return' -C debug-assertions=on --cfg 'feature="default"' --cfg 'feature="dynamic-contour-tracking"' --cfg 'feature="rand"' --cfg 'feature="serde"' --check-cfg 'cfg(docsrs,test)' --check-cfg 'cfg(feature, values("default", "dynamic-contour-tracking", "rand", "serde"))' -C metadata=5a9e0a69f43d7fca -C extra-filename=-2366ab04bb498037 --out-dir /tmp/cargo-mutants-torrust-index-4akUoH.tmp/target/debug/deps -C incremental=/tmp/cargo-mutants-torrust-index-4akUoH.tmp/target/debug/incremental -L dependency=/tmp/cargo-mutants-torrust-index-4akUoH.tmp/target/debug/deps --extern rand_core=/tmp/cargo-mutants-torrust-index-4akUoH.tmp/target/debug/deps/librand_core-b015e9dd1bce5577.rmeta --extern serde=/tmp/cargo-mutants-torrust-index-4akUoH.tmp/target/debug/deps/libserde-1c6754470d6c8879.rmeta --extern tracing=/tmp/cargo-mutants-torrust-index-4akUoH.tmp/target/debug/deps/libtracing-0f09a033a0ba4fd3.rmeta` (exit status: 1)
warning: build failed, waiting for other jobs to finish...
error: could not compile `torrust-mudlark` (lib test) due to 2 previous errors

Caused by:
  process didn't exit successfully: `/home/josecelano/.rustup/toolchains/nightly-x86_64-unknown-linux-gnu/bin/rustc --crate-name torrust_mudlark --edition=2021 packages/mudlark/src/lib.rs --error-format=json --json=diagnostic-rendered-ansi,artifacts,future-incompat --emit=dep-info,link -C opt-level=3 -C embed-bitcode=no -C debuginfo=2 --deny=unused --deny=warnings '--deny=clippy::suspicious' '--deny=clippy::style' --warn=rust-2024-compatibility --deny=rust-2021-compatibility --deny=rust-2018-idioms --deny=rust-2018-compatibility '--deny=clippy::perf' '--deny=clippy::pedantic' '--warn=clippy::nursery' --deny=nonstandard-style --deny=let-underscore --deny=future-incompatible --deny=deprecated-safe '--deny=clippy::correctness' '--deny=clippy::complexity' '--deny=clippy::all' --warn=unsafe-code '--allow=clippy::needless_return' -C debug-assertions=on --test --cfg 'feature="default"' --cfg 'feature="dynamic-contour-tracking"' --cfg 'feature="rand"' --cfg 'feature="serde"' --check-cfg 'cfg(docsrs,test)' --check-cfg 'cfg(feature, values("default", "dynamic-contour-tracking", "rand", "serde"))' -C metadata=898ed3f7bb09811b -C extra-filename=-d93ef5a1599fb788 --out-dir /tmp/cargo-mutants-torrust-index-4akUoH.tmp/target/debug/deps -C incremental=/tmp/cargo-mutants-torrust-index-4akUoH.tmp/target/debug/incremental -L dependency=/tmp/cargo-mutants-torrust-index-4akUoH.tmp/target/debug/deps --extern criterion=/tmp/cargo-mutants-torrust-index-4akUoH.tmp/target/debug/deps/libcriterion-b84a63839cb37f2c.rlib --extern rand_core=/tmp/cargo-mutants-torrust-index-4akUoH.tmp/target/debug/deps/librand_core-b015e9dd1bce5577.rlib --extern serde=/tmp/cargo-mutants-torrust-index-4akUoH.tmp/target/debug/deps/libserde-1c6754470d6c8879.rlib --extern serde_json=/tmp/cargo-mutants-torrust-index-4akUoH.tmp/target/debug/deps/libserde_json-363d59a4b98be2da.rlib --extern tracing=/tmp/cargo-mutants-torrust-index-4akUoH.tmp/target/debug/deps/libtracing-0f09a033a0ba4fd3.rlib --extern tracing_subscriber=/tmp/cargo-mutants-torrust-index-4akUoH.tmp/target/debug/deps/libtracing_subscriber-fba044b037c0df52.rlib -L native=/tmp/cargo-mutants-torrust-index-4akUoH.tmp/target/debug/build/alloca-85d769ec4bee2a20/out` (exit status: 1)

*** result: Failure(101)
