
*** packages/mudlark/src/gtree.rs:109:5: replace recompute_g_sums_subtree with ()

*** mutation diff:
--- packages/mudlark/src/gtree.rs
+++ replace recompute_g_sums_subtree with ()
@@ -101,22 +101,13 @@
 /// `preorder` must list nodes in pre-order (root first). The function
 /// iterates in reverse (post-order: leaves first) so each node's
 /// children are already correct when it is visited.
 ///
 /// Cost: $O(|\text{preorder}|)$.
 ///
 /// Used by `decay()` after scaling `g.own` values.
 pub fn recompute_g_sums_subtree<C: Coordinate, V: Accumulator>(gnodes: &mut Arena<GNode<C, V>>, preorder: &[GNodeId]) {
-    for &gid in preorder.iter().rev() {
-        let (left_sum, right_sum) = {
-            let g = gnodes.get(gid.index());
-            let l = g.left.map_or_else(V::zero, |l| gnodes.get(l.index()).sum);
-            let r = g.right.map_or_else(V::zero, |r| gnodes.get(r.index()).sum);
-            (l, r)
-        };
-        let g = gnodes.get_mut(gid.index());
-        g.sum = V::add(g.own, V::add(left_sum, right_sum));
-    }
+    () /* ~ changed by cargo-mutants ~ */
 }
 
 #[cfg(test)]
 mod tests {}


*** /home/josecelano/.rustup/toolchains/nightly-x86_64-unknown-linux-gnu/bin/cargo test --no-run --verbose --package=torrust-mudlark@1.0.0
       Fresh unicode-ident v1.0.24
       Fresh proc-macro2 v1.0.106
       Fresh quote v1.0.44
       Fresh syn v2.0.116
       Fresh serde_core v1.0.228
       Fresh cfg-if v1.0.4
       Fresh crossbeam-utils v0.8.21
       Fresh serde_derive v1.0.228
       Fresh zerocopy-derive v0.8.39
       Fresh once_cell v1.21.3
       Fresh find-msvc-tools v0.1.9
       Fresh regex-syntax v0.8.9
       Fresh autocfg v1.5.0
       Fresh shlex v1.3.0
       Fresh cc v1.2.56
       Fresh regex-automata v0.4.14
       Fresh tracing-core v0.1.36
       Fresh zerocopy v0.8.39
       Fresh serde v1.0.228
       Fresh crossbeam-epoch v0.9.18
       Fresh either v1.15.0
       Fresh crossbeam-deque v0.8.6
       Fresh half v2.7.1
       Fresh zmij v1.0.21
       Fresh tracing-attributes v0.1.31
       Fresh pin-project-lite v0.2.16
       Fresh itoa v1.0.17
       Fresh anstyle v1.0.13
       Fresh memchr v2.8.0
       Fresh clap_lex v1.0.0
       Fresh plotters-backend v0.3.7
       Fresh ciborium-io v0.2.2
       Fresh ciborium-ll v0.2.2
       Fresh plotters-svg v0.3.7
       Fresh clap_builder v4.5.59
       Fresh serde_json v1.0.149
       Fresh tracing v0.1.44
       Fresh num-traits v0.2.19
       Fresh rayon-core v1.13.0
       Fresh libc v0.2.182
       Fresh itertools v0.13.0
       Fresh same-file v1.0.6
       Fresh lazy_static v1.5.0
       Fresh cast v0.3.0
       Fresh log v0.4.29
       Fresh tracing-log v0.2.0
       Fresh criterion-plot v0.8.2
       Fresh sharded-slab v0.1.7
       Fresh walkdir v2.5.0
       Fresh page_size v0.6.0
       Fresh rayon v1.11.0
       Fresh plotters v0.3.7
       Fresh alloca v0.4.0
       Fresh tinytemplate v1.2.1
       Fresh clap v4.5.59
       Fresh ciborium v0.2.2
       Fresh matchers v0.2.0
       Fresh regex v1.12.3
       Fresh thread_local v1.1.9
       Fresh oorandom v11.1.5
       Fresh rand_core v0.10.0
       Fresh smallvec v1.15.1
       Fresh anes v0.1.6
       Fresh nu-ansi-term v0.50.3
       Fresh tracing-subscriber v0.3.22
       Fresh criterion v0.8.2
       Dirty torrust-mudlark v1.0.0 (/tmp/cargo-mutants-torrust-index-4akUoH.tmp/packages/mudlark): the file `packages/mudlark/src/gtree.rs` has changed (1773696592.612854798s, 10s after last build at 1773696582.279797172s)
   Compiling torrust-mudlark v1.0.0 (/tmp/cargo-mutants-torrust-index-4akUoH.tmp/packages/mudlark)
     Running `/home/josecelano/.rustup/toolchains/nightly-x86_64-unknown-linux-gnu/bin/rustc --crate-name torrust_mudlark --edition=2021 packages/mudlark/src/lib.rs --error-format=json --json=diagnostic-rendered-ansi,artifacts,future-incompat --crate-type lib --emit=dep-info,metadata,link -C opt-level=3 -C embed-bitcode=no -C debuginfo=2 --deny=unused --deny=warnings '--deny=clippy::suspicious' '--deny=clippy::style' --warn=rust-2024-compatibility --deny=rust-2021-compatibility --deny=rust-2018-idioms --deny=rust-2018-compatibility '--deny=clippy::perf' '--deny=clippy::pedantic' '--warn=clippy::nursery' --deny=nonstandard-style --deny=let-underscore --deny=future-incompatible --deny=deprecated-safe '--deny=clippy::correctness' '--deny=clippy::complexity' '--deny=clippy::all' --warn=unsafe-code '--allow=clippy::needless_return' -C debug-assertions=on --cfg 'feature="default"' --cfg 'feature="dynamic-contour-tracking"' --cfg 'feature="rand"' --cfg 'feature="serde"' --check-cfg 'cfg(docsrs,test)' --check-cfg 'cfg(feature, values("default", "dynamic-contour-tracking", "rand", "serde"))' -C metadata=5a9e0a69f43d7fca -C extra-filename=-2366ab04bb498037 --out-dir /tmp/cargo-mutants-torrust-index-4akUoH.tmp/target/debug/deps -C incremental=/tmp/cargo-mutants-torrust-index-4akUoH.tmp/target/debug/incremental -L dependency=/tmp/cargo-mutants-torrust-index-4akUoH.tmp/target/debug/deps --extern rand_core=/tmp/cargo-mutants-torrust-index-4akUoH.tmp/target/debug/deps/librand_core-b015e9dd1bce5577.rmeta --extern serde=/tmp/cargo-mutants-torrust-index-4akUoH.tmp/target/debug/deps/libserde-1c6754470d6c8879.rmeta --extern tracing=/tmp/cargo-mutants-torrust-index-4akUoH.tmp/target/debug/deps/libtracing-0f09a033a0ba4fd3.rmeta`
error: unused variable: `gnodes`
   --> packages/mudlark/src/gtree.rs:108:64
    |
108 | pub fn recompute_g_sums_subtree<C: Coordinate, V: Accumulator>(gnodes: &mut Arena<GNode<C, V>>, preorder: &[GNodeId]) {
    |                                                                ^^^^^^ help: if this is intentional, prefix it with an underscore: `_gnodes`
    |
    = note: `-D unused-variables` implied by `-D unused`
    = help: to override `-D unused` add `#[allow(unused_variables)]`

error: unused variable: `preorder`
   --> packages/mudlark/src/gtree.rs:108:97
    |
108 | pub fn recompute_g_sums_subtree<C: Coordinate, V: Accumulator>(gnodes: &mut Arena<GNode<C, V>>, preorder: &[GNodeId]) {
    |                                                                                                 ^^^^^^^^ help: if this is intentional, prefix it with an underscore: `_preorder`

error: could not compile `torrust-mudlark` (lib) due to 2 previous errors

Caused by:
  process didn't exit successfully: `/home/josecelano/.rustup/toolchains/nightly-x86_64-unknown-linux-gnu/bin/rustc --crate-name torrust_mudlark --edition=2021 packages/mudlark/src/lib.rs --error-format=json --json=diagnostic-rendered-ansi,artifacts,future-incompat --crate-type lib --emit=dep-info,metadata,link -C opt-level=3 -C embed-bitcode=no -C debuginfo=2 --deny=unused --deny=warnings '--deny=clippy::suspicious' '--deny=clippy::style' --warn=rust-2024-compatibility --deny=rust-2021-compatibility --deny=rust-2018-idioms --deny=rust-2018-compatibility '--deny=clippy::perf' '--deny=clippy::pedantic' '--warn=clippy::nursery' --deny=nonstandard-style --deny=let-underscore --deny=future-incompatible --deny=deprecated-safe '--deny=clippy::correctness' '--deny=clippy::complexity' '--deny=clippy::all' --warn=unsafe-code '--allow=clippy::needless_return' -C debug-assertions=on --cfg 'feature="default"' --cfg 'feature="dynamic-contour-tracking"' --cfg 'feature="rand"' --cfg 'feature="serde"' --check-cfg 'cfg(docsrs,test)' --check-cfg 'cfg(feature, values("default", "dynamic-contour-tracking", "rand", "serde"))' -C metadata=5a9e0a69f43d7fca -C extra-filename=-2366ab04bb498037 --out-dir /tmp/cargo-mutants-torrust-index-4akUoH.tmp/target/debug/deps -C incremental=/tmp/cargo-mutants-torrust-index-4akUoH.tmp/target/debug/incremental -L dependency=/tmp/cargo-mutants-torrust-index-4akUoH.tmp/target/debug/deps --extern rand_core=/tmp/cargo-mutants-torrust-index-4akUoH.tmp/target/debug/deps/librand_core-b015e9dd1bce5577.rmeta --extern serde=/tmp/cargo-mutants-torrust-index-4akUoH.tmp/target/debug/deps/libserde-1c6754470d6c8879.rmeta --extern tracing=/tmp/cargo-mutants-torrust-index-4akUoH.tmp/target/debug/deps/libtracing-0f09a033a0ba4fd3.rmeta` (exit status: 1)

*** result: Failure(101)
