
*** packages/mudlark/src/graph_plateau.rs:1467:9: replace GvGraph<C, V, N>::plateau_after_catalytic_split with ()

*** mutation diff:
--- packages/mudlark/src/graph_plateau.rs
+++ replace GvGraph<C, V, N>::plateau_after_catalytic_split with ()
@@ -1459,109 +1459,17 @@
     #[allow(clippy::unused_self, clippy::needless_pass_by_ref_mut)]
     pub(crate) fn plateau_after_bootstrap_split(&mut self, _g_id: GNodeId, _left_id: GNodeId) {}
 
     /// Post-catalytic-split: `g_id` was terminal → now balanced internal.
     /// Decompose covering ancestor (if any), place displaced siblings,
     /// then place `g_id` at the new child depth.
     #[cfg(feature = "dynamic-contour-tracking")]
     pub(crate) fn plateau_after_catalytic_split(&mut self, g_id: GNodeId, left_id: GNodeId) {
-        let _span = tracing::debug_span!("plateau_after_catalytic_split", g_id = g_id.index(), left = left_id.index(),).entered();
-
-        // ADR-M-031: mark dirty for trailing normalize in observe().
-        self.plateaus_dirty = true;
-
-        let right_id = self
-            .gnodes
-            .get(g_id.index())
-            .right
-            .expect("catalytic_split: g_id must have a right child");
-
-        let left_depth =
-            crate::gtree::gnode_depth_from_interval(self.gnodes.get(left_id.index()).lo, self.gnodes.get(left_id.index()).hi, N);
-        let right_depth = crate::gtree::gnode_depth_from_interval(
-            self.gnodes.get(right_id.index()).lo,
-            self.gnodes.get(right_id.index()).hi,
-            N,
-        );
-
-        // Step 1 — Find and remove the covering basis element.
-        // For displaced siblings, we just collect IDs (not pre-computed depths)
-        // because Internal nodes may need decomposition.
-        //
-        // After removing the covering element we also evacuate all
-        // **remaining** co-basis elements of the same plateau.  Those
-        // elements were contiguous while the removed node bridged
-        // regions, but they may become non-contiguous after the
-        // removal, producing a bogus bounding-box `end` that tricks
-        // the left-neighbour merge in `place_basis_element`.
-        // Re-placing every co-member via `place_sorted` guarantees
-        // the rebuilt plateaus are correctly partitioned.
-        let (old_key, displaced) = if let Some(key) = self.plateau_basis.remove(g_id) {
-            // g_id was itself a basis element.  Evacuate all remaining
-            // basis elements of the same plateau so they are re-placed.
-            let co_members: Vec<GNodeId> = self.plateau_basis.basis_elements(&key).iter().copied().collect();
-            for &m in &co_members {
-                self.plateau_basis.remove(m);
-            }
-            (key, co_members)
-        } else {
-            let mut path: Vec<GNodeId> = vec![g_id];
-            let mut parent_opt = self.gnodes.get(g_id.index()).parent;
-            let mut result = None;
-
-            while let Some(p_id) = parent_opt {
-                if let Some(key) = self.plateau_basis.remove(p_id) {
-                    let mut displaced: Vec<GNodeId> = Vec::new();
-                    for &path_node in &path {
-                        let par = self
-                            .gnodes
-                            .get(path_node.index())
-                            .parent
-                            .expect("path node must have a parent");
-                        let pg = self.gnodes.get(par.index());
-                        let sibling = if pg.left == Some(path_node) { pg.right } else { pg.left };
-                        if let Some(sib_id) = sibling {
-                            displaced.push(sib_id);
-                        }
-                    }
-                    // Also evacuate remaining co-basis elements of the
-                    // same plateau (they may become non-contiguous after
-                    // the ancestor's removal).
-                    let co_members: Vec<GNodeId> = self.plateau_basis.basis_elements(&key).iter().copied().collect();
-                    for &m in &co_members {
-                        self.plateau_basis.remove(m);
-                    }
-                    displaced.extend(co_members);
-                    result = Some((key, displaced));
-                    break;
-                }
-                path.push(p_id);
-                parent_opt = self.gnodes.get(p_id.index()).parent;
-            }
-
-            result.expect("catalytic_split: no basis element covers g_id")
-        };
-
-        // Step 2 — Clean up the old plateau.
-        self.fixup_plateau(old_key);
-
-        // Step 3+4 combined — collect all displaced + target into one
-        // vec, sort by BasisEdge, place left-to-right (ADR-M-031 §2a).
-        let mut to_place = Vec::new();
-        for &sib_id in &displaced {
-            self.collect_subtree_basis_elements(sib_id, &mut to_place);
-        }
-        if left_depth == right_depth {
-            to_place.push((g_id, left_depth));
-        } else {
-            to_place.push((left_id, left_depth));
-            to_place.push((right_id, right_depth));
-        }
-        self.place_sorted(&mut to_place);
+        () /* ~ changed by cargo-mutants ~ */
     }
 
     /// No-op stub when plateau tracking is compiled out.
     #[cfg(not(feature = "dynamic-contour-tracking"))]
     #[inline(always)]
     #[allow(clippy::unused_self, clippy::needless_pass_by_ref_mut)]
     pub(crate) fn plateau_after_catalytic_split(&mut self, _g_id: GNodeId, _left_id: GNodeId) {}
 


*** /home/josecelano/.rustup/toolchains/nightly-x86_64-unknown-linux-gnu/bin/cargo test --no-run --verbose --package=torrust-mudlark@1.0.0
       Fresh unicode-ident v1.0.24
       Fresh cfg-if v1.0.4
       Fresh once_cell v1.21.3
       Fresh find-msvc-tools v0.1.9
       Fresh autocfg v1.5.0
       Fresh shlex v1.3.0
       Fresh regex-syntax v0.8.9
       Fresh either v1.15.0
       Fresh clap_lex v1.0.0
       Fresh ciborium-io v0.2.2
       Fresh itoa v1.0.17
       Fresh memchr v2.8.0
       Fresh plotters-backend v0.3.7
       Fresh anstyle v1.0.13
       Fresh pin-project-lite v0.2.16
       Fresh lazy_static v1.5.0
       Fresh log v0.4.29
       Fresh proc-macro2 v1.0.106
       Fresh tracing-core v0.1.36
       Fresh cc v1.2.56
       Fresh regex-automata v0.4.14
       Fresh itertools v0.13.0
       Fresh clap_builder v4.5.59
       Fresh plotters-svg v0.3.7
       Fresh same-file v1.0.6
       Fresh cast v0.3.0
       Fresh sharded-slab v0.1.7
       Fresh thread_local v1.1.9
       Fresh smallvec v1.15.1
       Fresh rand_core v0.10.0
       Fresh nu-ansi-term v0.50.3
       Fresh oorandom v11.1.5
       Fresh anes v0.1.6
       Fresh quote v1.0.44
       Fresh serde_core v1.0.228
       Fresh crossbeam-utils v0.8.21
       Fresh zmij v1.0.21
       Fresh libc v0.2.182
       Fresh matchers v0.2.0
       Fresh clap v4.5.59
       Fresh tracing-log v0.2.0
       Fresh walkdir v2.5.0
       Fresh criterion-plot v0.8.2
       Fresh regex v1.12.3
       Fresh syn v2.0.116
       Fresh crossbeam-epoch v0.9.18
       Fresh num-traits v0.2.19
       Fresh serde_json v1.0.149
       Fresh page_size v0.6.0
       Fresh serde_derive v1.0.228
       Fresh zerocopy-derive v0.8.39
       Fresh crossbeam-deque v0.8.6
       Fresh tracing-attributes v0.1.31
       Fresh plotters v0.3.7
       Fresh alloca v0.4.0
       Fresh zerocopy v0.8.39
       Fresh serde v1.0.228
       Fresh rayon-core v1.13.0
       Fresh tracing v0.1.44
       Fresh half v2.7.1
       Fresh tinytemplate v1.2.1
       Fresh rayon v1.11.0
       Fresh tracing-subscriber v0.3.22
       Dirty torrust-mudlark v1.0.0 (/tmp/cargo-mutants-torrust-index-wj9SvP.tmp/packages/mudlark): the file `packages/mudlark/src/graph_plateau.rs` has changed (1773696323.154905041s, 27s after last build at 1773696296.562651858s)
   Compiling torrust-mudlark v1.0.0 (/tmp/cargo-mutants-torrust-index-wj9SvP.tmp/packages/mudlark)
       Fresh ciborium-ll v0.2.2
       Fresh ciborium v0.2.2
       Fresh criterion v0.8.2
     Running `/home/josecelano/.rustup/toolchains/nightly-x86_64-unknown-linux-gnu/bin/rustc --crate-name torrust_mudlark --edition=2021 packages/mudlark/src/lib.rs --error-format=json --json=diagnostic-rendered-ansi,artifacts,future-incompat --emit=dep-info,link -C opt-level=3 -C embed-bitcode=no -C debuginfo=2 --deny=unused --deny=warnings '--deny=clippy::suspicious' '--deny=clippy::style' --warn=rust-2024-compatibility --deny=rust-2021-compatibility --deny=rust-2018-idioms --deny=rust-2018-compatibility '--deny=clippy::perf' '--deny=clippy::pedantic' '--warn=clippy::nursery' --deny=nonstandard-style --deny=let-underscore --deny=future-incompatible --deny=deprecated-safe '--deny=clippy::correctness' '--deny=clippy::complexity' '--deny=clippy::all' --warn=unsafe-code '--allow=clippy::needless_return' -C debug-assertions=on --test --cfg 'feature="default"' --cfg 'feature="dynamic-contour-tracking"' --cfg 'feature="rand"' --cfg 'feature="serde"' --check-cfg 'cfg(docsrs,test)' --check-cfg 'cfg(feature, values("default", "dynamic-contour-tracking", "rand", "serde"))' -C metadata=898ed3f7bb09811b -C extra-filename=-d93ef5a1599fb788 --out-dir /tmp/cargo-mutants-torrust-index-wj9SvP.tmp/target/debug/deps -C incremental=/tmp/cargo-mutants-torrust-index-wj9SvP.tmp/target/debug/incremental -L dependency=/tmp/cargo-mutants-torrust-index-wj9SvP.tmp/target/debug/deps --extern criterion=/tmp/cargo-mutants-torrust-index-wj9SvP.tmp/target/debug/deps/libcriterion-b84a63839cb37f2c.rlib --extern rand_core=/tmp/cargo-mutants-torrust-index-wj9SvP.tmp/target/debug/deps/librand_core-b015e9dd1bce5577.rlib --extern serde=/tmp/cargo-mutants-torrust-index-wj9SvP.tmp/target/debug/deps/libserde-1c6754470d6c8879.rlib --extern serde_json=/tmp/cargo-mutants-torrust-index-wj9SvP.tmp/target/debug/deps/libserde_json-363d59a4b98be2da.rlib --extern tracing=/tmp/cargo-mutants-torrust-index-wj9SvP.tmp/target/debug/deps/libtracing-0f09a033a0ba4fd3.rlib --extern tracing_subscriber=/tmp/cargo-mutants-torrust-index-wj9SvP.tmp/target/debug/deps/libtracing_subscriber-fba044b037c0df52.rlib -L native=/tmp/cargo-mutants-torrust-index-wj9SvP.tmp/target/debug/build/alloca-85d769ec4bee2a20/out`
     Running `/home/josecelano/.rustup/toolchains/nightly-x86_64-unknown-linux-gnu/bin/rustc --crate-name torrust_mudlark --edition=2021 packages/mudlark/src/lib.rs --error-format=json --json=diagnostic-rendered-ansi,artifacts,future-incompat --crate-type lib --emit=dep-info,metadata,link -C opt-level=3 -C embed-bitcode=no -C debuginfo=2 --deny=unused --deny=warnings '--deny=clippy::suspicious' '--deny=clippy::style' --warn=rust-2024-compatibility --deny=rust-2021-compatibility --deny=rust-2018-idioms --deny=rust-2018-compatibility '--deny=clippy::perf' '--deny=clippy::pedantic' '--warn=clippy::nursery' --deny=nonstandard-style --deny=let-underscore --deny=future-incompatible --deny=deprecated-safe '--deny=clippy::correctness' '--deny=clippy::complexity' '--deny=clippy::all' --warn=unsafe-code '--allow=clippy::needless_return' -C debug-assertions=on --cfg 'feature="default"' --cfg 'feature="dynamic-contour-tracking"' --cfg 'feature="rand"' --cfg 'feature="serde"' --check-cfg 'cfg(docsrs,test)' --check-cfg 'cfg(feature, values("default", "dynamic-contour-tracking", "rand", "serde"))' -C metadata=5a9e0a69f43d7fca -C extra-filename=-2366ab04bb498037 --out-dir /tmp/cargo-mutants-torrust-index-wj9SvP.tmp/target/debug/deps -C incremental=/tmp/cargo-mutants-torrust-index-wj9SvP.tmp/target/debug/incremental -L dependency=/tmp/cargo-mutants-torrust-index-wj9SvP.tmp/target/debug/deps --extern rand_core=/tmp/cargo-mutants-torrust-index-wj9SvP.tmp/target/debug/deps/librand_core-b015e9dd1bce5577.rmeta --extern serde=/tmp/cargo-mutants-torrust-index-wj9SvP.tmp/target/debug/deps/libserde-1c6754470d6c8879.rmeta --extern tracing=/tmp/cargo-mutants-torrust-index-wj9SvP.tmp/target/debug/deps/libtracing-0f09a033a0ba4fd3.rmeta`
error: unused variable: `g_id`
    --> packages/mudlark/src/graph_plateau.rs:1466:60
     |
1466 |     pub(crate) fn plateau_after_catalytic_split(&mut self, g_id: GNodeId, left_id: GNodeId) {
     |                                                            ^^^^ help: if this is intentional, prefix it with an underscore: `_g_id`
     |
     = note: `-D unused-variables` implied by `-D unused`
     = help: to override `-D unused` add `#[allow(unused_variables)]`

error: unused variable: `left_id`
    --> packages/mudlark/src/graph_plateau.rs:1466:75
     |
1466 |     pub(crate) fn plateau_after_catalytic_split(&mut self, g_id: GNodeId, left_id: GNodeId) {
     |                                                                           ^^^^^^^ help: if this is intentional, prefix it with an underscore: `_left_id`

error: could not compile `torrust-mudlark` (lib) due to 2 previous errors

Caused by:
  process didn't exit successfully: `/home/josecelano/.rustup/toolchains/nightly-x86_64-unknown-linux-gnu/bin/rustc --crate-name torrust_mudlark --edition=2021 packages/mudlark/src/lib.rs --error-format=json --json=diagnostic-rendered-ansi,artifacts,future-incompat --crate-type lib --emit=dep-info,metadata,link -C opt-level=3 -C embed-bitcode=no -C debuginfo=2 --deny=unused --deny=warnings '--deny=clippy::suspicious' '--deny=clippy::style' --warn=rust-2024-compatibility --deny=rust-2021-compatibility --deny=rust-2018-idioms --deny=rust-2018-compatibility '--deny=clippy::perf' '--deny=clippy::pedantic' '--warn=clippy::nursery' --deny=nonstandard-style --deny=let-underscore --deny=future-incompatible --deny=deprecated-safe '--deny=clippy::correctness' '--deny=clippy::complexity' '--deny=clippy::all' --warn=unsafe-code '--allow=clippy::needless_return' -C debug-assertions=on --cfg 'feature="default"' --cfg 'feature="dynamic-contour-tracking"' --cfg 'feature="rand"' --cfg 'feature="serde"' --check-cfg 'cfg(docsrs,test)' --check-cfg 'cfg(feature, values("default", "dynamic-contour-tracking", "rand", "serde"))' -C metadata=5a9e0a69f43d7fca -C extra-filename=-2366ab04bb498037 --out-dir /tmp/cargo-mutants-torrust-index-wj9SvP.tmp/target/debug/deps -C incremental=/tmp/cargo-mutants-torrust-index-wj9SvP.tmp/target/debug/incremental -L dependency=/tmp/cargo-mutants-torrust-index-wj9SvP.tmp/target/debug/deps --extern rand_core=/tmp/cargo-mutants-torrust-index-wj9SvP.tmp/target/debug/deps/librand_core-b015e9dd1bce5577.rmeta --extern serde=/tmp/cargo-mutants-torrust-index-wj9SvP.tmp/target/debug/deps/libserde-1c6754470d6c8879.rmeta --extern tracing=/tmp/cargo-mutants-torrust-index-wj9SvP.tmp/target/debug/deps/libtracing-0f09a033a0ba4fd3.rmeta` (exit status: 1)
warning: build failed, waiting for other jobs to finish...
error: could not compile `torrust-mudlark` (lib test) due to 2 previous errors

Caused by:
  process didn't exit successfully: `/home/josecelano/.rustup/toolchains/nightly-x86_64-unknown-linux-gnu/bin/rustc --crate-name torrust_mudlark --edition=2021 packages/mudlark/src/lib.rs --error-format=json --json=diagnostic-rendered-ansi,artifacts,future-incompat --emit=dep-info,link -C opt-level=3 -C embed-bitcode=no -C debuginfo=2 --deny=unused --deny=warnings '--deny=clippy::suspicious' '--deny=clippy::style' --warn=rust-2024-compatibility --deny=rust-2021-compatibility --deny=rust-2018-idioms --deny=rust-2018-compatibility '--deny=clippy::perf' '--deny=clippy::pedantic' '--warn=clippy::nursery' --deny=nonstandard-style --deny=let-underscore --deny=future-incompatible --deny=deprecated-safe '--deny=clippy::correctness' '--deny=clippy::complexity' '--deny=clippy::all' --warn=unsafe-code '--allow=clippy::needless_return' -C debug-assertions=on --test --cfg 'feature="default"' --cfg 'feature="dynamic-contour-tracking"' --cfg 'feature="rand"' --cfg 'feature="serde"' --check-cfg 'cfg(docsrs,test)' --check-cfg 'cfg(feature, values("default", "dynamic-contour-tracking", "rand", "serde"))' -C metadata=898ed3f7bb09811b -C extra-filename=-d93ef5a1599fb788 --out-dir /tmp/cargo-mutants-torrust-index-wj9SvP.tmp/target/debug/deps -C incremental=/tmp/cargo-mutants-torrust-index-wj9SvP.tmp/target/debug/incremental -L dependency=/tmp/cargo-mutants-torrust-index-wj9SvP.tmp/target/debug/deps --extern criterion=/tmp/cargo-mutants-torrust-index-wj9SvP.tmp/target/debug/deps/libcriterion-b84a63839cb37f2c.rlib --extern rand_core=/tmp/cargo-mutants-torrust-index-wj9SvP.tmp/target/debug/deps/librand_core-b015e9dd1bce5577.rlib --extern serde=/tmp/cargo-mutants-torrust-index-wj9SvP.tmp/target/debug/deps/libserde-1c6754470d6c8879.rlib --extern serde_json=/tmp/cargo-mutants-torrust-index-wj9SvP.tmp/target/debug/deps/libserde_json-363d59a4b98be2da.rlib --extern tracing=/tmp/cargo-mutants-torrust-index-wj9SvP.tmp/target/debug/deps/libtracing-0f09a033a0ba4fd3.rlib --extern tracing_subscriber=/tmp/cargo-mutants-torrust-index-wj9SvP.tmp/target/debug/deps/libtracing_subscriber-fba044b037c0df52.rlib -L native=/tmp/cargo-mutants-torrust-index-wj9SvP.tmp/target/debug/build/alloca-85d769ec4bee2a20/out` (exit status: 1)

*** result: Failure(101)
