
*** packages/mudlark/src/diagnostic.rs:164:5: replace diagnose_missed_violation with ()

*** mutation diff:
--- packages/mudlark/src/diagnostic.rs
+++ replace diagnose_missed_violation with ()
@@ -156,145 +156,17 @@
 /// Callers should guard invocation with
 /// `tracing::enabled!(tracing::Level::ERROR)`.
 #[allow(clippy::too_many_lines)]
 pub fn diagnose_missed_violation<V: Accumulator + Inspectable>(
     vnodes: &Arena<VNode<V>>,
     violated: VNodeId,
     context: &EvictionContext,
 ) {
-    let v = vnodes.get(violated.index());
-    let v_intensity = v.intensity;
-
-    // Get parent and grandparent.
-    let Some(parent_id) = v.parent else {
-        tracing::error!(
-            node = violated.index(),
-            "DIAGNOSIS: node has no parent (root?), should not be violated",
-        );
-        return;
-    };
-
-    let parent = vnodes.get(parent_id.index());
-    let Some(grandparent_id) = parent.parent else {
-        tracing::error!(
-            node = violated.index(),
-            parent = parent_id.index(),
-            "DIAGNOSIS: parent has no grandparent (depth 1?), should not be violated",
-        );
-        return;
-    };
-
-    // Find uncles (siblings of parent under grandparent).
-    let grandparent = vnodes.get(grandparent_id.index());
-    let uncles: Vec<(VNodeId, V)> = match &grandparent.kind {
-        VKind::Structural { children, .. } => children.iter().filter(|(id, _)| *id != parent_id).collect(),
-        VKind::Entry { .. } => vec![],
-    };
-
-    let max_uncle_intensity = uncles.iter().map(|(_, int)| int.to_f64_approx()).fold(0.0_f64, f64::max);
-
-    let uncle_desc: Vec<String> = uncles
-        .iter()
-        .map(|(id, int)| format!("v{}({})", id.index(), int.to_f64_approx()))
-        .collect();
-
-    tracing::error!(
-        node = violated.index(),
-        intensity = v_intensity.to_f64_approx(),
-        parent = parent_id.index(),
-        parent_intensity = parent.intensity.to_f64_approx(),
-        grandparent = grandparent_id.index(),
-        grandparent_intensity = grandparent.intensity.to_f64_approx(),
-        ?uncle_desc,
-        max_uncle = max_uncle_intensity,
-        is_violation = v_intensity.to_f64_approx() > max_uncle_intensity,
-        "MISSED VIOLATION DIAGNOSIS",
-    );
-
-    tracing::error!(
-        evicted_parent = ?context.evicted_parent.map(VNodeId::index),
-        child_count = context.evicted_parent_child_count,
-        collapse_sibling = ?context.collapse_sibling.map(VNodeId::index),
-        "eviction context (child_count: 2=collapse, 3=3→2)",
-    );
-
-    // Analyze why this was missed.
-    if let Some(sole) = context.collapse_sibling {
-        if is_ancestor(vnodes, sole, violated) {
-            tracing::error!(
-                node = violated.index(),
-                collapse_sibling = sole.index(),
-                "node IS a descendant of collapse_sibling → should have been caught by source 7",
-            );
-            // Check direct vs. indirect descendant.
-            let sole_children: Vec<usize> = match &vnodes.get(sole.index()).kind {
-                VKind::Structural { children, .. } => (0..children.len()).map(|i| children.get(i).0.index()).collect(),
-                VKind::Entry { .. } => vec![],
-            };
-            if sole_children.contains(&violated.index()) {
-                tracing::error!(
-                    node = violated.index(),
-                    "node IS a direct child of collapse_sibling — source 7 should catch it",
-                );
-            } else {
-                tracing::error!(
-                    node = violated.index(),
-                    ?sole_children,
-                    "node is NOT a direct child — source 7 only checks direct children. MISSING SOURCE.",
-                );
-            }
-        } else {
-            tracing::error!(
-                node = violated.index(),
-                collapse_sibling = sole.index(),
-                "node is NOT a descendant of collapse_sibling",
-            );
-        }
-    }
-
-    if let Some(evicted_p) = context.evicted_parent {
-        if evicted_p == grandparent_id {
-            tracing::error!(
-                node = violated.index(),
-                evicted_parent = evicted_p.index(),
-                "node's grandparent = evicted_parent → parent is sibling of removed entry. Check source 8.",
-            );
-        }
-    }
-
-    // V-tree ancestry walk.
-    let _ancestry_span = tracing::error_span!("vtree_path_to_violated", node = violated.index()).entered();
-    let mut current = violated;
-    let mut depth = 0_usize;
-    loop {
-        let n = vnodes.get(current.index());
-        let kind = match &n.kind {
-            VKind::Entry { .. } => "E",
-            VKind::Structural { children, .. } => match children.len() {
-                2 => "S2",
-                3 => "S3",
-                _ => "S?",
-            },
-        };
-        tracing::error!(
-            depth,
-            node = current.index(),
-            kind,
-            intensity = n.intensity.to_f64_approx(),
-            "ancestry",
-        );
-        match n.parent {
-            Some(p) => {
-                current = p;
-                depth += 1;
-            }
-            None => break,
-        }
-    }
+    () /* ~ changed by cargo-mutants ~ */
 }
 
 /// Check if `ancestor` is an ancestor of `descendant` in the V-tree.
 fn is_ancestor<V: Accumulator>(vnodes: &Arena<VNode<V>>, ancestor: VNodeId, mut descendant: VNodeId) -> bool {
     while let Some(p) = vnodes.get(descendant.index()).parent {
         if p == ancestor {
             return true;
         }


*** /home/josecelano/.rustup/toolchains/nightly-x86_64-unknown-linux-gnu/bin/cargo test --no-run --verbose --package=torrust-mudlark@1.0.0
       Fresh unicode-ident v1.0.24
       Fresh proc-macro2 v1.0.106
       Fresh cfg-if v1.0.4
       Fresh find-msvc-tools v0.1.9
       Fresh once_cell v1.21.3
       Fresh regex-syntax v0.8.9
       Fresh autocfg v1.5.0
       Fresh shlex v1.3.0
       Fresh either v1.15.0
       Fresh anstyle v1.0.13
       Fresh pin-project-lite v0.2.16
       Fresh itoa v1.0.17
       Fresh clap_lex v1.0.0
       Fresh ciborium-io v0.2.2
       Fresh plotters-backend v0.3.7
       Fresh memchr v2.8.0
       Fresh cast v0.3.0
       Fresh lazy_static v1.5.0
       Fresh log v0.4.29
       Fresh quote v1.0.44
       Fresh serde_core v1.0.228
       Fresh regex-automata v0.4.14
       Fresh cc v1.2.56
       Fresh tracing-core v0.1.36
       Fresh clap_builder v4.5.59
       Fresh itertools v0.13.0
       Fresh plotters-svg v0.3.7
       Fresh same-file v1.0.6
       Fresh thread_local v1.1.9
       Fresh sharded-slab v0.1.7
       Fresh smallvec v1.15.1
       Fresh nu-ansi-term v0.50.3
       Fresh rand_core v0.10.0
       Fresh anes v0.1.6
       Fresh oorandom v11.1.5
       Fresh syn v2.0.116
       Fresh crossbeam-utils v0.8.21
       Fresh zmij v1.0.21
       Fresh libc v0.2.182
       Fresh regex v1.12.3
       Fresh clap v4.5.59
       Fresh matchers v0.2.0
       Fresh walkdir v2.5.0
       Fresh criterion-plot v0.8.2
       Fresh tracing-log v0.2.0
       Fresh serde_derive v1.0.228
       Fresh zerocopy-derive v0.8.39
       Fresh crossbeam-epoch v0.9.18
       Fresh tracing-attributes v0.1.31
       Fresh num-traits v0.2.19
       Fresh serde_json v1.0.149
       Fresh page_size v0.6.0
       Fresh serde v1.0.228
       Fresh zerocopy v0.8.39
       Fresh crossbeam-deque v0.8.6
       Fresh tracing v0.1.44
       Fresh alloca v0.4.0
       Fresh plotters v0.3.7
       Fresh half v2.7.1
       Fresh rayon-core v1.13.0
       Fresh tinytemplate v1.2.1
       Fresh tracing-subscriber v0.3.22
       Dirty torrust-mudlark v1.0.0 (/tmp/cargo-mutants-torrust-index-UHwX9Z.tmp/packages/mudlark): the file `packages/mudlark/src/diagnostic.rs` has changed (1773695531.071827876s, 22s after last build at 1773695509.058948128s)
   Compiling torrust-mudlark v1.0.0 (/tmp/cargo-mutants-torrust-index-UHwX9Z.tmp/packages/mudlark)
       Fresh ciborium-ll v0.2.2
       Fresh rayon v1.11.0
       Fresh ciborium v0.2.2
       Fresh criterion v0.8.2
     Running `/home/josecelano/.rustup/toolchains/nightly-x86_64-unknown-linux-gnu/bin/rustc --crate-name torrust_mudlark --edition=2021 packages/mudlark/src/lib.rs --error-format=json --json=diagnostic-rendered-ansi,artifacts,future-incompat --emit=dep-info,link -C opt-level=3 -C embed-bitcode=no -C debuginfo=2 --deny=unused --deny=warnings '--deny=clippy::suspicious' '--deny=clippy::style' --warn=rust-2024-compatibility --deny=rust-2021-compatibility --deny=rust-2018-idioms --deny=rust-2018-compatibility '--deny=clippy::perf' '--deny=clippy::pedantic' '--warn=clippy::nursery' --deny=nonstandard-style --deny=let-underscore --deny=future-incompatible --deny=deprecated-safe '--deny=clippy::correctness' '--deny=clippy::complexity' '--deny=clippy::all' --warn=unsafe-code '--allow=clippy::needless_return' -C debug-assertions=on --test --cfg 'feature="default"' --cfg 'feature="dynamic-contour-tracking"' --cfg 'feature="rand"' --cfg 'feature="serde"' --check-cfg 'cfg(docsrs,test)' --check-cfg 'cfg(feature, values("default", "dynamic-contour-tracking", "rand", "serde"))' -C metadata=898ed3f7bb09811b -C extra-filename=-d93ef5a1599fb788 --out-dir /tmp/cargo-mutants-torrust-index-UHwX9Z.tmp/target/debug/deps -C incremental=/tmp/cargo-mutants-torrust-index-UHwX9Z.tmp/target/debug/incremental -L dependency=/tmp/cargo-mutants-torrust-index-UHwX9Z.tmp/target/debug/deps --extern criterion=/tmp/cargo-mutants-torrust-index-UHwX9Z.tmp/target/debug/deps/libcriterion-b84a63839cb37f2c.rlib --extern rand_core=/tmp/cargo-mutants-torrust-index-UHwX9Z.tmp/target/debug/deps/librand_core-b015e9dd1bce5577.rlib --extern serde=/tmp/cargo-mutants-torrust-index-UHwX9Z.tmp/target/debug/deps/libserde-1c6754470d6c8879.rlib --extern serde_json=/tmp/cargo-mutants-torrust-index-UHwX9Z.tmp/target/debug/deps/libserde_json-363d59a4b98be2da.rlib --extern tracing=/tmp/cargo-mutants-torrust-index-UHwX9Z.tmp/target/debug/deps/libtracing-0f09a033a0ba4fd3.rlib --extern tracing_subscriber=/tmp/cargo-mutants-torrust-index-UHwX9Z.tmp/target/debug/deps/libtracing_subscriber-fba044b037c0df52.rlib -L native=/tmp/cargo-mutants-torrust-index-UHwX9Z.tmp/target/debug/build/alloca-85d769ec4bee2a20/out`
     Running `/home/josecelano/.rustup/toolchains/nightly-x86_64-unknown-linux-gnu/bin/rustc --crate-name torrust_mudlark --edition=2021 packages/mudlark/src/lib.rs --error-format=json --json=diagnostic-rendered-ansi,artifacts,future-incompat --crate-type lib --emit=dep-info,metadata,link -C opt-level=3 -C embed-bitcode=no -C debuginfo=2 --deny=unused --deny=warnings '--deny=clippy::suspicious' '--deny=clippy::style' --warn=rust-2024-compatibility --deny=rust-2021-compatibility --deny=rust-2018-idioms --deny=rust-2018-compatibility '--deny=clippy::perf' '--deny=clippy::pedantic' '--warn=clippy::nursery' --deny=nonstandard-style --deny=let-underscore --deny=future-incompatible --deny=deprecated-safe '--deny=clippy::correctness' '--deny=clippy::complexity' '--deny=clippy::all' --warn=unsafe-code '--allow=clippy::needless_return' -C debug-assertions=on --cfg 'feature="default"' --cfg 'feature="dynamic-contour-tracking"' --cfg 'feature="rand"' --cfg 'feature="serde"' --check-cfg 'cfg(docsrs,test)' --check-cfg 'cfg(feature, values("default", "dynamic-contour-tracking", "rand", "serde"))' -C metadata=5a9e0a69f43d7fca -C extra-filename=-2366ab04bb498037 --out-dir /tmp/cargo-mutants-torrust-index-UHwX9Z.tmp/target/debug/deps -C incremental=/tmp/cargo-mutants-torrust-index-UHwX9Z.tmp/target/debug/incremental -L dependency=/tmp/cargo-mutants-torrust-index-UHwX9Z.tmp/target/debug/deps --extern rand_core=/tmp/cargo-mutants-torrust-index-UHwX9Z.tmp/target/debug/deps/librand_core-b015e9dd1bce5577.rmeta --extern serde=/tmp/cargo-mutants-torrust-index-UHwX9Z.tmp/target/debug/deps/libserde-1c6754470d6c8879.rmeta --extern tracing=/tmp/cargo-mutants-torrust-index-UHwX9Z.tmp/target/debug/deps/libtracing-0f09a033a0ba4fd3.rmeta`
error: unused import: `VKind`
  --> packages/mudlark/src/diagnostic.rs:24:20
   |
24 | use crate::vnode::{VKind, VNode};
   |                    ^^^^^
   |
   = note: `-D unused-imports` implied by `-D unused`
   = help: to override `-D unused` add `#[allow(unused_imports)]`

error: unused variable: `vnodes`
   --> packages/mudlark/src/diagnostic.rs:160:5
    |
160 |     vnodes: &Arena<VNode<V>>,
    |     ^^^^^^ help: if this is intentional, prefix it with an underscore: `_vnodes`
    |
    = note: `-D unused-variables` implied by `-D unused`
    = help: to override `-D unused` add `#[allow(unused_variables)]`

error: unused variable: `violated`
   --> packages/mudlark/src/diagnostic.rs:161:5
    |
161 |     violated: VNodeId,
    |     ^^^^^^^^ help: if this is intentional, prefix it with an underscore: `_violated`

error: unused variable: `context`
   --> packages/mudlark/src/diagnostic.rs:162:5
    |
162 |     context: &EvictionContext,
    |     ^^^^^^^ help: if this is intentional, prefix it with an underscore: `_context`

error: could not compile `torrust-mudlark` (lib) due to 4 previous errors

Caused by:
  process didn't exit successfully: `/home/josecelano/.rustup/toolchains/nightly-x86_64-unknown-linux-gnu/bin/rustc --crate-name torrust_mudlark --edition=2021 packages/mudlark/src/lib.rs --error-format=json --json=diagnostic-rendered-ansi,artifacts,future-incompat --crate-type lib --emit=dep-info,metadata,link -C opt-level=3 -C embed-bitcode=no -C debuginfo=2 --deny=unused --deny=warnings '--deny=clippy::suspicious' '--deny=clippy::style' --warn=rust-2024-compatibility --deny=rust-2021-compatibility --deny=rust-2018-idioms --deny=rust-2018-compatibility '--deny=clippy::perf' '--deny=clippy::pedantic' '--warn=clippy::nursery' --deny=nonstandard-style --deny=let-underscore --deny=future-incompatible --deny=deprecated-safe '--deny=clippy::correctness' '--deny=clippy::complexity' '--deny=clippy::all' --warn=unsafe-code '--allow=clippy::needless_return' -C debug-assertions=on --cfg 'feature="default"' --cfg 'feature="dynamic-contour-tracking"' --cfg 'feature="rand"' --cfg 'feature="serde"' --check-cfg 'cfg(docsrs,test)' --check-cfg 'cfg(feature, values("default", "dynamic-contour-tracking", "rand", "serde"))' -C metadata=5a9e0a69f43d7fca -C extra-filename=-2366ab04bb498037 --out-dir /tmp/cargo-mutants-torrust-index-UHwX9Z.tmp/target/debug/deps -C incremental=/tmp/cargo-mutants-torrust-index-UHwX9Z.tmp/target/debug/incremental -L dependency=/tmp/cargo-mutants-torrust-index-UHwX9Z.tmp/target/debug/deps --extern rand_core=/tmp/cargo-mutants-torrust-index-UHwX9Z.tmp/target/debug/deps/librand_core-b015e9dd1bce5577.rmeta --extern serde=/tmp/cargo-mutants-torrust-index-UHwX9Z.tmp/target/debug/deps/libserde-1c6754470d6c8879.rmeta --extern tracing=/tmp/cargo-mutants-torrust-index-UHwX9Z.tmp/target/debug/deps/libtracing-0f09a033a0ba4fd3.rmeta` (exit status: 1)
warning: build failed, waiting for other jobs to finish...
error: could not compile `torrust-mudlark` (lib test) due to 4 previous errors

Caused by:
  process didn't exit successfully: `/home/josecelano/.rustup/toolchains/nightly-x86_64-unknown-linux-gnu/bin/rustc --crate-name torrust_mudlark --edition=2021 packages/mudlark/src/lib.rs --error-format=json --json=diagnostic-rendered-ansi,artifacts,future-incompat --emit=dep-info,link -C opt-level=3 -C embed-bitcode=no -C debuginfo=2 --deny=unused --deny=warnings '--deny=clippy::suspicious' '--deny=clippy::style' --warn=rust-2024-compatibility --deny=rust-2021-compatibility --deny=rust-2018-idioms --deny=rust-2018-compatibility '--deny=clippy::perf' '--deny=clippy::pedantic' '--warn=clippy::nursery' --deny=nonstandard-style --deny=let-underscore --deny=future-incompatible --deny=deprecated-safe '--deny=clippy::correctness' '--deny=clippy::complexity' '--deny=clippy::all' --warn=unsafe-code '--allow=clippy::needless_return' -C debug-assertions=on --test --cfg 'feature="default"' --cfg 'feature="dynamic-contour-tracking"' --cfg 'feature="rand"' --cfg 'feature="serde"' --check-cfg 'cfg(docsrs,test)' --check-cfg 'cfg(feature, values("default", "dynamic-contour-tracking", "rand", "serde"))' -C metadata=898ed3f7bb09811b -C extra-filename=-d93ef5a1599fb788 --out-dir /tmp/cargo-mutants-torrust-index-UHwX9Z.tmp/target/debug/deps -C incremental=/tmp/cargo-mutants-torrust-index-UHwX9Z.tmp/target/debug/incremental -L dependency=/tmp/cargo-mutants-torrust-index-UHwX9Z.tmp/target/debug/deps --extern criterion=/tmp/cargo-mutants-torrust-index-UHwX9Z.tmp/target/debug/deps/libcriterion-b84a63839cb37f2c.rlib --extern rand_core=/tmp/cargo-mutants-torrust-index-UHwX9Z.tmp/target/debug/deps/librand_core-b015e9dd1bce5577.rlib --extern serde=/tmp/cargo-mutants-torrust-index-UHwX9Z.tmp/target/debug/deps/libserde-1c6754470d6c8879.rlib --extern serde_json=/tmp/cargo-mutants-torrust-index-UHwX9Z.tmp/target/debug/deps/libserde_json-363d59a4b98be2da.rlib --extern tracing=/tmp/cargo-mutants-torrust-index-UHwX9Z.tmp/target/debug/deps/libtracing-0f09a033a0ba4fd3.rlib --extern tracing_subscriber=/tmp/cargo-mutants-torrust-index-UHwX9Z.tmp/target/debug/deps/libtracing_subscriber-fba044b037c0df52.rlib -L native=/tmp/cargo-mutants-torrust-index-UHwX9Z.tmp/target/debug/build/alloca-85d769ec4bee2a20/out` (exit status: 1)

*** result: Failure(101)
