
*** packages/mudlark/src/graph_query.rs:602:9: replace GvGraph<C, V, N>::decompose_basis with ()

*** mutation diff:
--- packages/mudlark/src/graph_query.rs
+++ replace GvGraph<C, V, N>::decompose_basis with ()
@@ -594,118 +594,11 @@
     }
 
     /// Recursive G-Tree descent for basis set collection (§CR.8.1).
     ///
     /// Collects the minimal G-node cover of `[query_lo, query_hi)`.
     /// Semi-internal nodes with an uncovered half overlapping the
     /// range are flagged as boundary thatching elements (§CR.3.2).
     fn decompose_basis(&self, gid: GNodeId, query_lo: C, query_hi: C, basis: &mut Vec<BasisElement<C, V>>) {
-        let g = self.gnodes.get(gid.index());
-
-        // 1. Disjoint — no overlap with query range.
-        if query_lo >= g.hi || query_hi <= g.lo {
-            return;
-        }
-
-        // 2. Fully contained — this is a basis element (not thatching).
-        if query_lo <= g.lo && query_hi >= g.hi {
-            basis.push(BasisElement {
-                gnode_id: gid,
-                start: g.lo,
-                end: g.hi,
-                own: g.own,
-                sum: g.sum,
-                depth: gnode_depth_from_interval(g.lo, g.hi, N),
-                is_boundary_thatch: false,
-            });
-            return;
-        }
-
-        // 3. Partial overlap.
-        let mid = C::midpoint(g.lo, g.hi);
-
-        // ── Semi-internal early selection guard (§CR.8.1, §CR.8.4) ──
-        //
-        // When a semi-internal node is not fully contained but both
-        // its present-child half and absent-child half overlap the
-        // range, select it directly and return.  Without this guard
-        // the algorithm would recurse into the present child (selecting
-        // descendants) and then also select the node for the absent
-        // child — producing an ancestor–descendant pair that violates
-        // CR-I4 and double-counts energy.
-        //
-        // The guard cannot fire for single-plateau ranges (§CR.8.4).
-        let left_absent = g.left.is_none();
-        let right_absent = g.right.is_none();
-        if left_absent != right_absent {
-            // Exactly one child absent ⇒ semi-internal.
-            // Check if both halves overlap the query range.
-            let l_lo = if query_lo > g.lo { query_lo } else { g.lo };
-            let l_hi = if query_hi < mid { query_hi } else { mid };
-            let r_lo = if query_lo > mid { query_lo } else { mid };
-            let r_hi = if query_hi < g.hi { query_hi } else { g.hi };
-            if l_lo < l_hi && r_lo < r_hi {
-                // Both halves overlap — select the node directly.
-                // Coverage: g's interval clipped to the query range (§CR.2.2).
-                basis.push(BasisElement {
-                    gnode_id: gid,
-                    start: l_lo, // = max(g.lo, query_lo)
-                    end: r_hi,   // = min(g.hi, query_hi)
-                    own: g.own,
-                    sum: g.sum,
-                    depth: gnode_depth_from_interval(g.lo, g.hi, N),
-                    is_boundary_thatch: true,
-                });
-                return;
-            }
-        }
-
-        // ── Left child ──────────────────────────────────────────
-        if let Some(left_id) = g.left {
-            self.decompose_basis(left_id, query_lo, query_hi, basis);
-        } else {
-            // No left child — semi-internal.  Uncovered half is [g.lo, mid).
-            // If this overlaps the query, it's a boundary thatching element.
-            let tile_lo = if query_lo > g.lo { query_lo } else { g.lo };
-            let tile_hi = if query_hi < mid { query_hi } else { mid };
-            if tile_lo < tile_hi {
-                basis.push(BasisElement {
-                    gnode_id: gid,
-                    start: tile_lo,
-                    end: tile_hi,
-                    own: g.own,
-                    sum: g.sum,
-                    depth: gnode_depth_from_interval(g.lo, g.hi, N),
-                    is_boundary_thatch: true,
-                });
-                return; // §CR.3.2: node used as thatching, don't also check right
-            }
-        }
-
-        // ── Right child ─────────────────────────────────────────
-        if let Some(right_id) = g.right {
-            self.decompose_basis(right_id, query_lo, query_hi, basis);
-        } else {
-            // No right child — semi-internal.  Uncovered half is [mid, g.hi).
-            let tile_lo = if query_lo > mid { query_lo } else { mid };
-            let tile_hi = if query_hi < g.hi { query_hi } else { g.hi };
-            if tile_lo < tile_hi {
-                // Defensive: the return in the left-else branch prevents
-                // reaching here for nodes where both children are null AND
-                // was already pushed as boundary thatch.
-                debug_assert!(
-                    !basis.last().is_some_and(|b| b.gnode_id == gid),
-                    "double push for gnode {gid:?}",
-                );
-                basis.push(BasisElement {
-                    gnode_id: gid,
-                    start: tile_lo,
-                    end: tile_hi,
-                    own: g.own,
-                    sum: g.sum,
-                    depth: gnode_depth_from_interval(g.lo, g.hi, N),
-                    is_boundary_thatch: true,
-                });
-            }
-        }
+        () /* ~ changed by cargo-mutants ~ */
     }
 }


*** /home/josecelano/.rustup/toolchains/nightly-x86_64-unknown-linux-gnu/bin/cargo test --no-run --verbose --package=torrust-mudlark@1.0.0
    Blocking waiting for file lock on package cache
    Blocking waiting for file lock on package cache
       Fresh unicode-ident v1.0.24
       Fresh proc-macro2 v1.0.106
       Fresh quote v1.0.44
       Fresh syn v2.0.116
       Fresh serde_core v1.0.228
       Fresh cfg-if v1.0.4
       Fresh crossbeam-utils v0.8.21
       Fresh zerocopy-derive v0.8.39
       Fresh serde_derive v1.0.228
       Fresh regex-syntax v0.8.9
       Fresh find-msvc-tools v0.1.9
       Fresh autocfg v1.5.0
       Fresh shlex v1.3.0
       Fresh once_cell v1.21.3
       Fresh tracing-core v0.1.36
       Fresh cc v1.2.56
       Fresh regex-automata v0.4.14
       Fresh serde v1.0.228
       Fresh zerocopy v0.8.39
       Fresh crossbeam-epoch v0.9.18
       Fresh either v1.15.0
       Fresh crossbeam-deque v0.8.6
       Fresh half v2.7.1
       Fresh zmij v1.0.21
       Fresh tracing-attributes v0.1.31
       Fresh clap_lex v1.0.0
       Fresh pin-project-lite v0.2.16
       Fresh plotters-backend v0.3.7
       Fresh anstyle v1.0.13
       Fresh memchr v2.8.0
       Fresh itoa v1.0.17
       Fresh ciborium-io v0.2.2
       Fresh ciborium-ll v0.2.2
       Fresh serde_json v1.0.149
       Fresh clap_builder v4.5.59
       Fresh plotters-svg v0.3.7
       Fresh tracing v0.1.44
       Fresh num-traits v0.2.19
       Fresh rayon-core v1.13.0
       Fresh libc v0.2.182
       Fresh itertools v0.13.0
       Fresh log v0.4.29
       Fresh lazy_static v1.5.0
       Fresh same-file v1.0.6
       Fresh cast v0.3.0
       Fresh criterion-plot v0.8.2
       Fresh walkdir v2.5.0
       Fresh sharded-slab v0.1.7
       Fresh tracing-log v0.2.0
       Fresh page_size v0.6.0
       Fresh rayon v1.11.0
       Fresh plotters v0.3.7
       Fresh alloca v0.4.0
       Fresh clap v4.5.59
       Fresh tinytemplate v1.2.1
       Fresh ciborium v0.2.2
       Fresh matchers v0.2.0
       Fresh regex v1.12.3
       Fresh thread_local v1.1.9
       Fresh smallvec v1.15.1
       Fresh rand_core v0.10.0
       Fresh oorandom v11.1.5
       Fresh anes v0.1.6
       Fresh nu-ansi-term v0.50.3
       Fresh tracing-subscriber v0.3.22
       Fresh criterion v0.8.2
       Dirty torrust-mudlark v1.0.0 (/tmp/cargo-mutants-torrust-index-UHwX9Z.tmp/packages/mudlark): couldn't read metadata for file `target/debug/deps/libtorrust_mudlark-2366ab04bb498037.rlib`
   Compiling torrust-mudlark v1.0.0 (/tmp/cargo-mutants-torrust-index-UHwX9Z.tmp/packages/mudlark)
     Running `/home/josecelano/.rustup/toolchains/nightly-x86_64-unknown-linux-gnu/bin/rustc --crate-name torrust_mudlark --edition=2021 packages/mudlark/src/lib.rs --error-format=json --json=diagnostic-rendered-ansi,artifacts,future-incompat --crate-type lib --emit=dep-info,metadata,link -C opt-level=3 -C embed-bitcode=no -C debuginfo=2 --deny=unused --deny=warnings '--deny=clippy::suspicious' '--deny=clippy::style' --warn=rust-2024-compatibility --deny=rust-2021-compatibility --deny=rust-2018-idioms --deny=rust-2018-compatibility '--deny=clippy::perf' '--deny=clippy::pedantic' '--warn=clippy::nursery' --deny=nonstandard-style --deny=let-underscore --deny=future-incompatible --deny=deprecated-safe '--deny=clippy::correctness' '--deny=clippy::complexity' '--deny=clippy::all' --warn=unsafe-code '--allow=clippy::needless_return' -C debug-assertions=on --cfg 'feature="default"' --cfg 'feature="dynamic-contour-tracking"' --cfg 'feature="rand"' --cfg 'feature="serde"' --check-cfg 'cfg(docsrs,test)' --check-cfg 'cfg(feature, values("default", "dynamic-contour-tracking", "rand", "serde"))' -C metadata=5a9e0a69f43d7fca -C extra-filename=-2366ab04bb498037 --out-dir /tmp/cargo-mutants-torrust-index-UHwX9Z.tmp/target/debug/deps -C incremental=/tmp/cargo-mutants-torrust-index-UHwX9Z.tmp/target/debug/incremental -L dependency=/tmp/cargo-mutants-torrust-index-UHwX9Z.tmp/target/debug/deps --extern rand_core=/tmp/cargo-mutants-torrust-index-UHwX9Z.tmp/target/debug/deps/librand_core-b015e9dd1bce5577.rmeta --extern serde=/tmp/cargo-mutants-torrust-index-UHwX9Z.tmp/target/debug/deps/libserde-1c6754470d6c8879.rmeta --extern tracing=/tmp/cargo-mutants-torrust-index-UHwX9Z.tmp/target/debug/deps/libtracing-0f09a033a0ba4fd3.rmeta`
     Running `/home/josecelano/.rustup/toolchains/nightly-x86_64-unknown-linux-gnu/bin/rustc --crate-name torrust_mudlark --edition=2021 packages/mudlark/src/lib.rs --error-format=json --json=diagnostic-rendered-ansi,artifacts,future-incompat --emit=dep-info,link -C opt-level=3 -C embed-bitcode=no -C debuginfo=2 --deny=unused --deny=warnings '--deny=clippy::suspicious' '--deny=clippy::style' --warn=rust-2024-compatibility --deny=rust-2021-compatibility --deny=rust-2018-idioms --deny=rust-2018-compatibility '--deny=clippy::perf' '--deny=clippy::pedantic' '--warn=clippy::nursery' --deny=nonstandard-style --deny=let-underscore --deny=future-incompatible --deny=deprecated-safe '--deny=clippy::correctness' '--deny=clippy::complexity' '--deny=clippy::all' --warn=unsafe-code '--allow=clippy::needless_return' -C debug-assertions=on --test --cfg 'feature="default"' --cfg 'feature="dynamic-contour-tracking"' --cfg 'feature="rand"' --cfg 'feature="serde"' --check-cfg 'cfg(docsrs,test)' --check-cfg 'cfg(feature, values("default", "dynamic-contour-tracking", "rand", "serde"))' -C metadata=898ed3f7bb09811b -C extra-filename=-d93ef5a1599fb788 --out-dir /tmp/cargo-mutants-torrust-index-UHwX9Z.tmp/target/debug/deps -C incremental=/tmp/cargo-mutants-torrust-index-UHwX9Z.tmp/target/debug/incremental -L dependency=/tmp/cargo-mutants-torrust-index-UHwX9Z.tmp/target/debug/deps --extern criterion=/tmp/cargo-mutants-torrust-index-UHwX9Z.tmp/target/debug/deps/libcriterion-b84a63839cb37f2c.rlib --extern rand_core=/tmp/cargo-mutants-torrust-index-UHwX9Z.tmp/target/debug/deps/librand_core-b015e9dd1bce5577.rlib --extern serde=/tmp/cargo-mutants-torrust-index-UHwX9Z.tmp/target/debug/deps/libserde-1c6754470d6c8879.rlib --extern serde_json=/tmp/cargo-mutants-torrust-index-UHwX9Z.tmp/target/debug/deps/libserde_json-363d59a4b98be2da.rlib --extern tracing=/tmp/cargo-mutants-torrust-index-UHwX9Z.tmp/target/debug/deps/libtracing-0f09a033a0ba4fd3.rlib --extern tracing_subscriber=/tmp/cargo-mutants-torrust-index-UHwX9Z.tmp/target/debug/deps/libtracing_subscriber-fba044b037c0df52.rlib -L native=/tmp/cargo-mutants-torrust-index-UHwX9Z.tmp/target/debug/build/alloca-85d769ec4bee2a20/out`
error: unused import: `crate::gtree::gnode_depth_from_interval`
  --> packages/mudlark/src/graph_query.rs:15:5
   |
15 | use crate::gtree::gnode_depth_from_interval;
   |     ^^^^^^^^^^^^^^^^^^^^^^^^^^^^^^^^^^^^^^^
   |
   = note: `-D unused-imports` implied by `-D unused`
   = help: to override `-D unused` add `#[allow(unused_imports)]`

error: unused variable: `gid`
   --> packages/mudlark/src/graph_query.rs:601:31
    |
601 |     fn decompose_basis(&self, gid: GNodeId, query_lo: C, query_hi: C, basis: &mut Vec<BasisElement<C, V>>) {
    |                               ^^^ help: if this is intentional, prefix it with an underscore: `_gid`
    |
    = note: `-D unused-variables` implied by `-D unused`
    = help: to override `-D unused` add `#[allow(unused_variables)]`

error: unused variable: `query_lo`
   --> packages/mudlark/src/graph_query.rs:601:45
    |
601 |     fn decompose_basis(&self, gid: GNodeId, query_lo: C, query_hi: C, basis: &mut Vec<BasisElement<C, V>>) {
    |                                             ^^^^^^^^ help: if this is intentional, prefix it with an underscore: `_query_lo`

error: unused variable: `query_hi`
   --> packages/mudlark/src/graph_query.rs:601:58
    |
601 |     fn decompose_basis(&self, gid: GNodeId, query_lo: C, query_hi: C, basis: &mut Vec<BasisElement<C, V>>) {
    |                                                          ^^^^^^^^ help: if this is intentional, prefix it with an underscore: `_query_hi`

error: unused variable: `basis`
   --> packages/mudlark/src/graph_query.rs:601:71
    |
601 |     fn decompose_basis(&self, gid: GNodeId, query_lo: C, query_hi: C, basis: &mut Vec<BasisElement<C, V>>) {
    |                                                                       ^^^^^ help: if this is intentional, prefix it with an underscore: `_basis`

error: could not compile `torrust-mudlark` (lib) due to 5 previous errors

Caused by:
  process didn't exit successfully: `/home/josecelano/.rustup/toolchains/nightly-x86_64-unknown-linux-gnu/bin/rustc --crate-name torrust_mudlark --edition=2021 packages/mudlark/src/lib.rs --error-format=json --json=diagnostic-rendered-ansi,artifacts,future-incompat --crate-type lib --emit=dep-info,metadata,link -C opt-level=3 -C embed-bitcode=no -C debuginfo=2 --deny=unused --deny=warnings '--deny=clippy::suspicious' '--deny=clippy::style' --warn=rust-2024-compatibility --deny=rust-2021-compatibility --deny=rust-2018-idioms --deny=rust-2018-compatibility '--deny=clippy::perf' '--deny=clippy::pedantic' '--warn=clippy::nursery' --deny=nonstandard-style --deny=let-underscore --deny=future-incompatible --deny=deprecated-safe '--deny=clippy::correctness' '--deny=clippy::complexity' '--deny=clippy::all' --warn=unsafe-code '--allow=clippy::needless_return' -C debug-assertions=on --cfg 'feature="default"' --cfg 'feature="dynamic-contour-tracking"' --cfg 'feature="rand"' --cfg 'feature="serde"' --check-cfg 'cfg(docsrs,test)' --check-cfg 'cfg(feature, values("default", "dynamic-contour-tracking", "rand", "serde"))' -C metadata=5a9e0a69f43d7fca -C extra-filename=-2366ab04bb498037 --out-dir /tmp/cargo-mutants-torrust-index-UHwX9Z.tmp/target/debug/deps -C incremental=/tmp/cargo-mutants-torrust-index-UHwX9Z.tmp/target/debug/incremental -L dependency=/tmp/cargo-mutants-torrust-index-UHwX9Z.tmp/target/debug/deps --extern rand_core=/tmp/cargo-mutants-torrust-index-UHwX9Z.tmp/target/debug/deps/librand_core-b015e9dd1bce5577.rmeta --extern serde=/tmp/cargo-mutants-torrust-index-UHwX9Z.tmp/target/debug/deps/libserde-1c6754470d6c8879.rmeta --extern tracing=/tmp/cargo-mutants-torrust-index-UHwX9Z.tmp/target/debug/deps/libtracing-0f09a033a0ba4fd3.rmeta` (exit status: 1)
warning: build failed, waiting for other jobs to finish...
error: could not compile `torrust-mudlark` (lib test) due to 5 previous errors

Caused by:
  process didn't exit successfully: `/home/josecelano/.rustup/toolchains/nightly-x86_64-unknown-linux-gnu/bin/rustc --crate-name torrust_mudlark --edition=2021 packages/mudlark/src/lib.rs --error-format=json --json=diagnostic-rendered-ansi,artifacts,future-incompat --emit=dep-info,link -C opt-level=3 -C embed-bitcode=no -C debuginfo=2 --deny=unused --deny=warnings '--deny=clippy::suspicious' '--deny=clippy::style' --warn=rust-2024-compatibility --deny=rust-2021-compatibility --deny=rust-2018-idioms --deny=rust-2018-compatibility '--deny=clippy::perf' '--deny=clippy::pedantic' '--warn=clippy::nursery' --deny=nonstandard-style --deny=let-underscore --deny=future-incompatible --deny=deprecated-safe '--deny=clippy::correctness' '--deny=clippy::complexity' '--deny=clippy::all' --warn=unsafe-code '--allow=clippy::needless_return' -C debug-assertions=on --test --cfg 'feature="default"' --cfg 'feature="dynamic-contour-tracking"' --cfg 'feature="rand"' --cfg 'feature="serde"' --check-cfg 'cfg(docsrs,test)' --check-cfg 'cfg(feature, values("default", "dynamic-contour-tracking", "rand", "serde"))' -C metadata=898ed3f7bb09811b -C extra-filename=-d93ef5a1599fb788 --out-dir /tmp/cargo-mutants-torrust-index-UHwX9Z.tmp/target/debug/deps -C incremental=/tmp/cargo-mutants-torrust-index-UHwX9Z.tmp/target/debug/incremental -L dependency=/tmp/cargo-mutants-torrust-index-UHwX9Z.tmp/target/debug/deps --extern criterion=/tmp/cargo-mutants-torrust-index-UHwX9Z.tmp/target/debug/deps/libcriterion-b84a63839cb37f2c.rlib --extern rand_core=/tmp/cargo-mutants-torrust-index-UHwX9Z.tmp/target/debug/deps/librand_core-b015e9dd1bce5577.rlib --extern serde=/tmp/cargo-mutants-torrust-index-UHwX9Z.tmp/target/debug/deps/libserde-1c6754470d6c8879.rlib --extern serde_json=/tmp/cargo-mutants-torrust-index-UHwX9Z.tmp/target/debug/deps/libserde_json-363d59a4b98be2da.rlib --extern tracing=/tmp/cargo-mutants-torrust-index-UHwX9Z.tmp/target/debug/deps/libtracing-0f09a033a0ba4fd3.rlib --extern tracing_subscriber=/tmp/cargo-mutants-torrust-index-UHwX9Z.tmp/target/debug/deps/libtracing_subscriber-fba044b037c0df52.rlib -L native=/tmp/cargo-mutants-torrust-index-UHwX9Z.tmp/target/debug/build/alloca-85d769ec4bee2a20/out` (exit status: 1)

*** result: Failure(101)
