
*** packages/mudlark/src/decay.rs:80:9: replace GvGraph<C, V, N>::decay with ()

*** mutation diff:
--- packages/mudlark/src/decay.rs
+++ replace GvGraph<C, V, N>::decay with ()
@@ -72,48 +72,17 @@
     /// let before = g.total_sum();
     ///
     /// // Uniform half-life decay (q = 0).
     /// let root = g.g_root();
     /// g.decay(root, 0.5, 0.0);
     /// assert!(g.total_sum() < before);
     /// ```
     pub fn decay(&mut self, root: GNodeId, attenuation: f64, q: f64) {
-        let _span = tracing::debug_span!("decay", root = root.index(), attenuation, q,).entered();
-
-        // ── Validation ──────────────────────────────────────────
-        assert!(
-            self.gnodes.is_occupied(root.index()),
-            "decay: root handle (index {}) does not refer to a live G-node",
-            root.index()
-        );
-        assert!(
-            attenuation > 0.0 && !attenuation.is_nan(),
-            "decay: attenuation must be > 0 and not NaN, got {attenuation}"
-        );
-        assert!(
-            (0.0..=1.0).contains(&q) && !q.is_nan(),
-            "decay: q must be in [0.0, 1.0] and not NaN, got {q}"
-        );
-
-        // No-op: factor of exactly 1.0 changes nothing.
-        #[allow(clippy::float_cmp)] // Intentional exact comparison for the no-op case.
-        if attenuation == 1.0 {
-            return;
-        }
-
-        let is_global = root == self.g_root;
-
-        let _span = tracing::debug_span!("decay", root = root.index(), attenuation, q,).entered();
-
-        if q == 0.0 {
-            self.decay_uniform(root, attenuation, is_global);
-        } else {
-            self.decay_selective(root, attenuation, q, is_global);
-        }
+        () /* ~ changed by cargo-mutants ~ */
     }
 
     // ── Uniform path (q = 0) ────────────────────────────────────
 
     /// Single-pass scale: λ(a + b) = λa + λb, so scaling both `own`
     /// and `sum` by the same factor preserves G-I1 within the subtree.
     fn decay_uniform(&mut self, root: GNodeId, att: f64, is_global: bool) {
         let _span = tracing::debug_span!("decay_uniform", root = root.index(), att, is_global,).entered();


*** /home/josecelano/.rustup/toolchains/nightly-x86_64-unknown-linux-gnu/bin/cargo test --no-run --verbose --package=torrust-mudlark@1.0.0
       Fresh unicode-ident v1.0.24
       Fresh proc-macro2 v1.0.106
       Fresh quote v1.0.44
       Fresh syn v2.0.116
       Fresh serde_core v1.0.228
       Fresh cfg-if v1.0.4
       Fresh crossbeam-utils v0.8.21
       Fresh zerocopy-derive v0.8.39
       Fresh serde_derive v1.0.228
       Fresh autocfg v1.5.0
       Fresh shlex v1.3.0
       Fresh find-msvc-tools v0.1.9
       Fresh regex-syntax v0.8.9
       Fresh once_cell v1.21.3
       Fresh tracing-core v0.1.36
       Fresh regex-automata v0.4.14
       Fresh cc v1.2.56
       Fresh serde v1.0.228
       Fresh zerocopy v0.8.39
       Fresh crossbeam-epoch v0.9.18
       Fresh either v1.15.0
       Fresh crossbeam-deque v0.8.6
       Fresh half v2.7.1
       Fresh zmij v1.0.21
       Fresh tracing-attributes v0.1.31
       Fresh ciborium-io v0.2.2
       Fresh anstyle v1.0.13
       Fresh pin-project-lite v0.2.16
       Fresh memchr v2.8.0
       Fresh plotters-backend v0.3.7
       Fresh clap_lex v1.0.0
       Fresh itoa v1.0.17
       Fresh serde_json v1.0.149
       Fresh clap_builder v4.5.59
       Fresh plotters-svg v0.3.7
       Fresh tracing v0.1.44
       Fresh ciborium-ll v0.2.2
       Fresh num-traits v0.2.19
       Fresh rayon-core v1.13.0
       Fresh libc v0.2.182
       Fresh itertools v0.13.0
       Fresh lazy_static v1.5.0
       Fresh cast v0.3.0
       Fresh log v0.4.29
       Fresh same-file v1.0.6
       Fresh walkdir v2.5.0
       Fresh tracing-log v0.2.0
       Fresh criterion-plot v0.8.2
       Fresh sharded-slab v0.1.7
       Fresh page_size v0.6.0
       Fresh rayon v1.11.0
       Fresh plotters v0.3.7
       Fresh alloca v0.4.0
       Fresh ciborium v0.2.2
       Fresh clap v4.5.59
       Fresh tinytemplate v1.2.1
       Fresh regex v1.12.3
       Fresh matchers v0.2.0
       Fresh thread_local v1.1.9
       Fresh nu-ansi-term v0.50.3
       Fresh smallvec v1.15.1
       Fresh oorandom v11.1.5
       Fresh anes v0.1.6
       Fresh rand_core v0.10.0
       Fresh criterion v0.8.2
       Fresh tracing-subscriber v0.3.22
       Dirty torrust-mudlark v1.0.0 (/tmp/cargo-mutants-torrust-index-UHwX9Z.tmp/packages/mudlark): the file `packages/mudlark/src/arena.rs` has changed (1773695427.579393275s, 14s after last build at 1773695413.212471772s)
   Compiling torrust-mudlark v1.0.0 (/tmp/cargo-mutants-torrust-index-UHwX9Z.tmp/packages/mudlark)
     Running `/home/josecelano/.rustup/toolchains/nightly-x86_64-unknown-linux-gnu/bin/rustc --crate-name torrust_mudlark --edition=2021 packages/mudlark/src/lib.rs --error-format=json --json=diagnostic-rendered-ansi,artifacts,future-incompat --crate-type lib --emit=dep-info,metadata,link -C opt-level=3 -C embed-bitcode=no -C debuginfo=2 --deny=unused --deny=warnings '--deny=clippy::suspicious' '--deny=clippy::style' --warn=rust-2024-compatibility --deny=rust-2021-compatibility --deny=rust-2018-idioms --deny=rust-2018-compatibility '--deny=clippy::perf' '--deny=clippy::pedantic' '--warn=clippy::nursery' --deny=nonstandard-style --deny=let-underscore --deny=future-incompatible --deny=deprecated-safe '--deny=clippy::correctness' '--deny=clippy::complexity' '--deny=clippy::all' --warn=unsafe-code '--allow=clippy::needless_return' -C debug-assertions=on --cfg 'feature="default"' --cfg 'feature="dynamic-contour-tracking"' --cfg 'feature="rand"' --cfg 'feature="serde"' --check-cfg 'cfg(docsrs,test)' --check-cfg 'cfg(feature, values("default", "dynamic-contour-tracking", "rand", "serde"))' -C metadata=5a9e0a69f43d7fca -C extra-filename=-2366ab04bb498037 --out-dir /tmp/cargo-mutants-torrust-index-UHwX9Z.tmp/target/debug/deps -C incremental=/tmp/cargo-mutants-torrust-index-UHwX9Z.tmp/target/debug/incremental -L dependency=/tmp/cargo-mutants-torrust-index-UHwX9Z.tmp/target/debug/deps --extern rand_core=/tmp/cargo-mutants-torrust-index-UHwX9Z.tmp/target/debug/deps/librand_core-b015e9dd1bce5577.rmeta --extern serde=/tmp/cargo-mutants-torrust-index-UHwX9Z.tmp/target/debug/deps/libserde-1c6754470d6c8879.rmeta --extern tracing=/tmp/cargo-mutants-torrust-index-UHwX9Z.tmp/target/debug/deps/libtracing-0f09a033a0ba4fd3.rmeta`
error: unused variable: `root`
  --> packages/mudlark/src/decay.rs:79:29
   |
79 |     pub fn decay(&mut self, root: GNodeId, attenuation: f64, q: f64) {
   |                             ^^^^ help: if this is intentional, prefix it with an underscore: `_root`
   |
   = note: `-D unused-variables` implied by `-D unused`
   = help: to override `-D unused` add `#[allow(unused_variables)]`

error: unused variable: `attenuation`
  --> packages/mudlark/src/decay.rs:79:44
   |
79 |     pub fn decay(&mut self, root: GNodeId, attenuation: f64, q: f64) {
   |                                            ^^^^^^^^^^^ help: if this is intentional, prefix it with an underscore: `_attenuation`

error: unused variable: `q`
  --> packages/mudlark/src/decay.rs:79:62
   |
79 |     pub fn decay(&mut self, root: GNodeId, attenuation: f64, q: f64) {
   |                                                              ^ help: if this is intentional, prefix it with an underscore: `_q`

error: methods `decay_uniform` and `decay_selective` are never used
   --> packages/mudlark/src/decay.rs:87:8
    |
 26 | impl<C: Coordinate, V: Accumulator + Attenuatable + Inspectable, const N: u32> GvGraph<C, V, N> {
    | ----------------------------------------------------------------------------------------------- methods in this implementation
...
 87 |     fn decay_uniform(&mut self, root: GNodeId, att: f64, is_global: bool) {
    |        ^^^^^^^^^^^^^
...
172 |     fn decay_selective(&mut self, root: GNodeId, att: f64, q: f64, is_global: bool) {
    |        ^^^^^^^^^^^^^^^
    |
    = note: `-D dead-code` implied by `-D unused`
    = help: to override `-D unused` add `#[expect(dead_code)]` or `#[allow(dead_code)]`

error: method `plateau_recompute_sums` is never used
    --> packages/mudlark/src/graph_plateau.rs:1671:19
     |
  24 | impl<C: Coordinate, V: Accumulator + Inspectable, const N: u32> GvGraph<C, V, N> {
     | -------------------------------------------------------------------------------- method in this implementation
...
1671 |     pub(crate) fn plateau_recompute_sums(&mut self, label: &str) {
     |                   ^^^^^^^^^^^^^^^^^^^^^^

error: function `recompute_g_sums_subtree` is never used
   --> packages/mudlark/src/gtree.rs:108:8
    |
108 | pub fn recompute_g_sums_subtree<C: Coordinate, V: Accumulator>(gnodes: &mut Arena<GNode<C, V>>, preorder: &[GNodeId]) {
    |        ^^^^^^^^^^^^^^^^^^^^^^^^

error: function `recompute_all_v_intensities` is never used
   --> packages/mudlark/src/vtree.rs:111:8
    |
111 | pub fn recompute_all_v_intensities<V: Accumulator>(vnodes: &mut Arena<VNode<V>>, v_root: VNodeId) {
    |        ^^^^^^^^^^^^^^^^^^^^^^^^^^^

error: function `recompute_v_postorder` is never used
   --> packages/mudlark/src/vtree.rs:119:4
    |
119 | fn recompute_v_postorder<V: Accumulator>(vnodes: &mut Arena<VNode<V>>, id: VNodeId) {
    |    ^^^^^^^^^^^^^^^^^^^^^

error: could not compile `torrust-mudlark` (lib) due to 8 previous errors

Caused by:
  process didn't exit successfully: `/home/josecelano/.rustup/toolchains/nightly-x86_64-unknown-linux-gnu/bin/rustc --crate-name torrust_mudlark --edition=2021 packages/mudlark/src/lib.rs --error-format=json --json=diagnostic-rendered-ansi,artifacts,future-incompat --crate-type lib --emit=dep-info,metadata,link -C opt-level=3 -C embed-bitcode=no -C debuginfo=2 --deny=unused --deny=warnings '--deny=clippy::suspicious' '--deny=clippy::style' --warn=rust-2024-compatibility --deny=rust-2021-compatibility --deny=rust-2018-idioms --deny=rust-2018-compatibility '--deny=clippy::perf' '--deny=clippy::pedantic' '--warn=clippy::nursery' --deny=nonstandard-style --deny=let-underscore --deny=future-incompatible --deny=deprecated-safe '--deny=clippy::correctness' '--deny=clippy::complexity' '--deny=clippy::all' --warn=unsafe-code '--allow=clippy::needless_return' -C debug-assertions=on --cfg 'feature="default"' --cfg 'feature="dynamic-contour-tracking"' --cfg 'feature="rand"' --cfg 'feature="serde"' --check-cfg 'cfg(docsrs,test)' --check-cfg 'cfg(feature, values("default", "dynamic-contour-tracking", "rand", "serde"))' -C metadata=5a9e0a69f43d7fca -C extra-filename=-2366ab04bb498037 --out-dir /tmp/cargo-mutants-torrust-index-UHwX9Z.tmp/target/debug/deps -C incremental=/tmp/cargo-mutants-torrust-index-UHwX9Z.tmp/target/debug/incremental -L dependency=/tmp/cargo-mutants-torrust-index-UHwX9Z.tmp/target/debug/deps --extern rand_core=/tmp/cargo-mutants-torrust-index-UHwX9Z.tmp/target/debug/deps/librand_core-b015e9dd1bce5577.rmeta --extern serde=/tmp/cargo-mutants-torrust-index-UHwX9Z.tmp/target/debug/deps/libserde-1c6754470d6c8879.rmeta --extern tracing=/tmp/cargo-mutants-torrust-index-UHwX9Z.tmp/target/debug/deps/libtracing-0f09a033a0ba4fd3.rmeta` (exit status: 1)

*** result: Failure(101)
