
*** packages/mudlark/src/graph_plateau.rs:1276:9: replace GvGraph<C, V, N>::split_for_p_i4 with ()

*** mutation diff:
--- packages/mudlark/src/graph_plateau.rs
+++ replace GvGraph<C, V, N>::split_for_p_i4 with ()
@@ -1268,54 +1268,17 @@
     ///
     /// Finds a descendant of `child_id` whose `basis_edge` falls
     /// strictly after `parent_pk`.  If that descendant is already a
     /// basis element of a merged plateau, extracts it and
     /// re-inserts it as a standalone so the `BTreeMap` key sequence
     /// includes a key between the parent and the child's `lo`.
     #[cfg(feature = "dynamic-contour-tracking")]
     fn split_for_p_i4(&mut self, parent_pk: crate::plateau::BasisEdge<C>, child_id: GNodeId) {
-        use crate::gnode::GState;
-        use crate::plateau::{basis_edge_of, Plateau};
-
-        // Find the node to use as a tile boundary. Walk leftmost
-        // down the child subtree until we find a node whose
-        // basis_edge > parent_pk.
-        let boundary_id = self.find_boundary_node(child_id, parent_pk);
-        let Some(boundary_id) = boundary_id else { return };
-
-        let bg = self.gnodes.get(boundary_id.index());
-        let boundary_key = basis_edge_of(bg);
-        let boundary_depth = match bg.state() {
-            GState::Terminal | GState::SemiInternal => crate::gtree::gnode_depth_from_interval(bg.lo, bg.hi, N),
-            GState::Internal => crate::gtree::gnode_depth_from_interval(bg.lo, bg.hi, N) + 1,
-        };
-        let b_lo = bg.lo;
-        let b_hi = bg.hi;
-        let b_sum = bg.sum;
-
-        // If the boundary node is already a basis element, extract it
-        // from its current plateau.
-        if let Some(old_pk) = self.plateau_basis.remove(boundary_id) {
-            self.fixup_plateau(old_pk);
-        }
-
-        // Insert as a standalone plateau at boundary_key.
-        // This creates a BTreeMap entry that splits the parent's tile.
-        self.plateau_basis.insert(boundary_key, boundary_id);
-        if let std::collections::btree_map::Entry::Vacant(e) = self.plateaus.entry(boundary_key) {
-            e.insert(Plateau {
-                basis_edge: boundary_key,
-                start: b_lo,
-                end: b_hi,
-                depth: boundary_depth,
-                sum: b_sum,
-            });
-        }
-        self.recompute_plateau(&boundary_key);
+        () /* ~ changed by cargo-mutants ~ */
     }
 
     /// Walk the subtree rooted at `gid` to find a node whose
     /// `basis_edge > parent_pk`.  Prefers the leftmost such node
     /// (to split as close to the parent as possible).
     #[cfg(feature = "dynamic-contour-tracking")]
     fn find_boundary_node(&self, gid: GNodeId, parent_pk: crate::plateau::BasisEdge<C>) -> Option<GNodeId> {
         use crate::plateau::basis_edge_of;


*** /home/josecelano/.rustup/toolchains/nightly-x86_64-unknown-linux-gnu/bin/cargo test --no-run --verbose --package=torrust-mudlark@1.0.0
       Fresh unicode-ident v1.0.24
       Fresh proc-macro2 v1.0.106
       Fresh quote v1.0.44
       Fresh syn v2.0.116
       Fresh serde_core v1.0.228
       Fresh cfg-if v1.0.4
       Fresh crossbeam-utils v0.8.21
       Fresh serde_derive v1.0.228
       Fresh zerocopy-derive v0.8.39
       Fresh shlex v1.3.0
       Fresh find-msvc-tools v0.1.9
       Fresh autocfg v1.5.0
       Fresh regex-syntax v0.8.9
       Fresh once_cell v1.21.3
       Fresh tracing-core v0.1.36
       Fresh regex-automata v0.4.14
       Fresh cc v1.2.56
       Fresh zerocopy v0.8.39
       Fresh serde v1.0.228
       Fresh crossbeam-epoch v0.9.18
       Fresh either v1.15.0
       Fresh crossbeam-deque v0.8.6
       Fresh half v2.7.1
       Fresh zmij v1.0.21
       Fresh tracing-attributes v0.1.31
       Fresh plotters-backend v0.3.7
       Fresh anstyle v1.0.13
       Fresh pin-project-lite v0.2.16
       Fresh memchr v2.8.0
       Fresh clap_lex v1.0.0
       Fresh ciborium-io v0.2.2
       Fresh itoa v1.0.17
       Fresh serde_json v1.0.149
       Fresh ciborium-ll v0.2.2
       Fresh clap_builder v4.5.59
       Fresh tracing v0.1.44
       Fresh plotters-svg v0.3.7
       Fresh num-traits v0.2.19
       Fresh rayon-core v1.13.0
       Fresh libc v0.2.182
       Fresh itertools v0.13.0
       Fresh cast v0.3.0
       Fresh log v0.4.29
       Fresh lazy_static v1.5.0
       Fresh same-file v1.0.6
       Fresh walkdir v2.5.0
       Fresh sharded-slab v0.1.7
       Fresh tracing-log v0.2.0
       Fresh criterion-plot v0.8.2
       Fresh page_size v0.6.0
       Fresh rayon v1.11.0
       Fresh alloca v0.4.0
       Fresh plotters v0.3.7
       Fresh clap v4.5.59
       Fresh ciborium v0.2.2
       Fresh tinytemplate v1.2.1
       Fresh matchers v0.2.0
       Fresh regex v1.12.3
       Fresh thread_local v1.1.9
       Fresh oorandom v11.1.5
       Fresh nu-ansi-term v0.50.3
       Fresh smallvec v1.15.1
       Fresh anes v0.1.6
       Fresh rand_core v0.10.0
       Fresh criterion v0.8.2
       Fresh tracing-subscriber v0.3.22
       Dirty torrust-mudlark v1.0.0 (/tmp/cargo-mutants-torrust-index-4akUoH.tmp/packages/mudlark): the file `packages/mudlark/src/graph_plateau.rs` has changed (1773696282.436511973s, 27s after last build at 1773696255.103230206s)
   Compiling torrust-mudlark v1.0.0 (/tmp/cargo-mutants-torrust-index-4akUoH.tmp/packages/mudlark)
     Running `/home/josecelano/.rustup/toolchains/nightly-x86_64-unknown-linux-gnu/bin/rustc --crate-name torrust_mudlark --edition=2021 packages/mudlark/src/lib.rs --error-format=json --json=diagnostic-rendered-ansi,artifacts,future-incompat --crate-type lib --emit=dep-info,metadata,link -C opt-level=3 -C embed-bitcode=no -C debuginfo=2 --deny=unused --deny=warnings '--deny=clippy::suspicious' '--deny=clippy::style' --warn=rust-2024-compatibility --deny=rust-2021-compatibility --deny=rust-2018-idioms --deny=rust-2018-compatibility '--deny=clippy::perf' '--deny=clippy::pedantic' '--warn=clippy::nursery' --deny=nonstandard-style --deny=let-underscore --deny=future-incompatible --deny=deprecated-safe '--deny=clippy::correctness' '--deny=clippy::complexity' '--deny=clippy::all' --warn=unsafe-code '--allow=clippy::needless_return' -C debug-assertions=on --cfg 'feature="default"' --cfg 'feature="dynamic-contour-tracking"' --cfg 'feature="rand"' --cfg 'feature="serde"' --check-cfg 'cfg(docsrs,test)' --check-cfg 'cfg(feature, values("default", "dynamic-contour-tracking", "rand", "serde"))' -C metadata=5a9e0a69f43d7fca -C extra-filename=-2366ab04bb498037 --out-dir /tmp/cargo-mutants-torrust-index-4akUoH.tmp/target/debug/deps -C incremental=/tmp/cargo-mutants-torrust-index-4akUoH.tmp/target/debug/incremental -L dependency=/tmp/cargo-mutants-torrust-index-4akUoH.tmp/target/debug/deps --extern rand_core=/tmp/cargo-mutants-torrust-index-4akUoH.tmp/target/debug/deps/librand_core-b015e9dd1bce5577.rmeta --extern serde=/tmp/cargo-mutants-torrust-index-4akUoH.tmp/target/debug/deps/libserde-1c6754470d6c8879.rmeta --extern tracing=/tmp/cargo-mutants-torrust-index-4akUoH.tmp/target/debug/deps/libtracing-0f09a033a0ba4fd3.rmeta`
error: unused variable: `parent_pk`
    --> packages/mudlark/src/graph_plateau.rs:1275:34
     |
1275 |     fn split_for_p_i4(&mut self, parent_pk: crate::plateau::BasisEdge<C>, child_id: GNodeId) {
     |                                  ^^^^^^^^^ help: if this is intentional, prefix it with an underscore: `_parent_pk`
     |
     = note: `-D unused-variables` implied by `-D unused`
     = help: to override `-D unused` add `#[allow(unused_variables)]`

error: unused variable: `child_id`
    --> packages/mudlark/src/graph_plateau.rs:1275:75
     |
1275 |     fn split_for_p_i4(&mut self, parent_pk: crate::plateau::BasisEdge<C>, child_id: GNodeId) {
     |                                                                           ^^^^^^^^ help: if this is intentional, prefix it with an underscore: `_child_id`

error: method `find_boundary_node` is never used
    --> packages/mudlark/src/graph_plateau.rs:1283:8
     |
  24 | impl<C: Coordinate, V: Accumulator + Inspectable, const N: u32> GvGraph<C, V, N> {
     | -------------------------------------------------------------------------------- method in this implementation
...
1283 |     fn find_boundary_node(&self, gid: GNodeId, parent_pk: crate::plateau::BasisEdge<C>) -> Option<GNodeId> {
     |        ^^^^^^^^^^^^^^^^^^
     |
     = note: `-D dead-code` implied by `-D unused`
     = help: to override `-D unused` add `#[expect(dead_code)]` or `#[allow(dead_code)]`

error: could not compile `torrust-mudlark` (lib) due to 3 previous errors

Caused by:
  process didn't exit successfully: `/home/josecelano/.rustup/toolchains/nightly-x86_64-unknown-linux-gnu/bin/rustc --crate-name torrust_mudlark --edition=2021 packages/mudlark/src/lib.rs --error-format=json --json=diagnostic-rendered-ansi,artifacts,future-incompat --crate-type lib --emit=dep-info,metadata,link -C opt-level=3 -C embed-bitcode=no -C debuginfo=2 --deny=unused --deny=warnings '--deny=clippy::suspicious' '--deny=clippy::style' --warn=rust-2024-compatibility --deny=rust-2021-compatibility --deny=rust-2018-idioms --deny=rust-2018-compatibility '--deny=clippy::perf' '--deny=clippy::pedantic' '--warn=clippy::nursery' --deny=nonstandard-style --deny=let-underscore --deny=future-incompatible --deny=deprecated-safe '--deny=clippy::correctness' '--deny=clippy::complexity' '--deny=clippy::all' --warn=unsafe-code '--allow=clippy::needless_return' -C debug-assertions=on --cfg 'feature="default"' --cfg 'feature="dynamic-contour-tracking"' --cfg 'feature="rand"' --cfg 'feature="serde"' --check-cfg 'cfg(docsrs,test)' --check-cfg 'cfg(feature, values("default", "dynamic-contour-tracking", "rand", "serde"))' -C metadata=5a9e0a69f43d7fca -C extra-filename=-2366ab04bb498037 --out-dir /tmp/cargo-mutants-torrust-index-4akUoH.tmp/target/debug/deps -C incremental=/tmp/cargo-mutants-torrust-index-4akUoH.tmp/target/debug/incremental -L dependency=/tmp/cargo-mutants-torrust-index-4akUoH.tmp/target/debug/deps --extern rand_core=/tmp/cargo-mutants-torrust-index-4akUoH.tmp/target/debug/deps/librand_core-b015e9dd1bce5577.rmeta --extern serde=/tmp/cargo-mutants-torrust-index-4akUoH.tmp/target/debug/deps/libserde-1c6754470d6c8879.rmeta --extern tracing=/tmp/cargo-mutants-torrust-index-4akUoH.tmp/target/debug/deps/libtracing-0f09a033a0ba4fd3.rmeta` (exit status: 1)

*** result: Failure(101)
