
*** packages/mudlark/src/split.rs:105:5: replace bootstrap_split with ()

*** mutation diff:
--- packages/mudlark/src/split.rs
+++ replace bootstrap_split with ()
@@ -97,80 +97,17 @@
 /// - 2 V-entries (intensity 0, exposed)
 /// - 1 child structural (2-node wrapping the entries)
 /// - 1 root structural (2-node: old entry + child structural)
 ///
 /// Flips old entry's `is_exposed` to false. Updates `v_root`.
 ///
 /// See §IDEA M-10.3.
 fn bootstrap_split<C: Coordinate, V: Accumulator + Inspectable, const N: u32>(graph: &mut GvGraph<C, V, N>, g_id: GNodeId) {
-    let (lo, hi, entry_id) = {
-        let g = graph.gnodes.get(g_id.index());
-        (g.lo, g.hi, g.entry.expect("bootstrap_split: g must have an entry"))
-    };
-    let mid = C::midpoint(lo, hi);
-    let _span = tracing::debug_span!("bootstrap_split", g_id = g_id.index(), ?lo, ?hi,).entered();
-
-    // G-Tree: create children.
-    let left_id = alloc_g_child(&mut graph.gnodes, lo, mid, g_id);
-    let right_id = alloc_g_child(&mut graph.gnodes, mid, hi, g_id);
-    graph.gnodes.get_mut(g_id.index()).left = Some(left_id);
-    graph.gnodes.get_mut(g_id.index()).right = Some(right_id);
-
-    // V-Tree: create entries for children.
-    let le_id = alloc_v_entry(&mut graph.vnodes, &mut graph.gnodes, left_id);
-    let re_id = alloc_v_entry(&mut graph.vnodes, &mut graph.gnodes, right_id);
-
-    // V-Tree: child structural (2-node wrapping le, re).
-    let cs_id = alloc_v_structural_2(&mut graph.vnodes, le_id, re_id);
-
-    // V-Tree: root structural (2-node: old entry + child structural).
-    let entry_int = graph.vnodes.get(entry_id.index()).intensity;
-    let root_structural = VNode {
-        intensity: entry_int,
-        parent: None,
-        cached_depth: AtomicU32::new(0), // New V-root
-        kind: VKind::Structural {
-            children: PackedChildren::new_2((entry_id, entry_int), (cs_id, V::zero())),
-            has_evictable: true,
-        },
-    };
-    let root_s_id = VNodeId::from_index(graph.vnodes.alloc(root_structural));
-    graph.vnodes.get_mut(entry_id.index()).parent = Some(root_s_id);
-    graph.vnodes.get_mut(cs_id.index()).parent = Some(root_s_id);
-    // Set depths for children: entry and cs at depth 1, le/re at depth 2
-    graph.vnodes.get(entry_id.index()).cached_depth.store(1, Ordering::Relaxed);
-    graph.vnodes.get(cs_id.index()).cached_depth.store(1, Ordering::Relaxed);
-    graph.vnodes.get(le_id.index()).cached_depth.store(2, Ordering::Relaxed);
-    graph.vnodes.get(re_id.index()).cached_depth.store(2, Ordering::Relaxed);
-
-    // Flip old entry's flags: now internal (both children present).
-    if let VKind::Entry {
-        is_exposed,
-        is_evictable,
-        ..
-    } = &mut graph.vnodes.get_mut(entry_id.index()).kind
-    {
-        *is_exposed = false;
-        *is_evictable = false;
-    }
-
-    // Update graph state.
-    graph.v_root = Some(root_s_id);
-    graph.node_count += 2;
-    // +2 new terminals, −1 parent no longer terminal = net +1.
-    graph.terminal_count += 1;
-
-    // Plateau maintenance (no-op without `plateau` feature).
-    graph.plateau_after_bootstrap_split(g_id, left_id);
-
-    #[cfg(feature = "dynamic-contour-tracking")]
-    if tracing::enabled!(tracing::Level::DEBUG) {
-        crate::diagnostic::audit_plateau_consistency(graph, "POST-BOOTSTRAP-SPLIT", None);
-    }
+    () /* ~ changed by cargo-mutants ~ */
 }
 
 /// Catalytic split: general case.
 ///
 /// **Precondition:** `g` is terminal, `g.entry` has a 2-node V-parent,
 /// `v_depth(entry) <= D_create`.
 ///
 /// Creates:


*** /home/josecelano/.rustup/toolchains/nightly-x86_64-unknown-linux-gnu/bin/cargo test --no-run --verbose --package=torrust-mudlark@1.0.0
       Fresh unicode-ident v1.0.24
       Fresh proc-macro2 v1.0.106
       Fresh quote v1.0.44
       Fresh syn v2.0.116
       Fresh serde_core v1.0.228
       Fresh cfg-if v1.0.4
       Fresh crossbeam-utils v0.8.21
       Fresh serde_derive v1.0.228
       Fresh zerocopy-derive v0.8.39
       Fresh once_cell v1.21.3
       Fresh autocfg v1.5.0
       Fresh find-msvc-tools v0.1.9
       Fresh shlex v1.3.0
       Fresh regex-syntax v0.8.9
       Fresh regex-automata v0.4.14
       Fresh cc v1.2.56
       Fresh tracing-core v0.1.36
       Fresh zerocopy v0.8.39
       Fresh serde v1.0.228
       Fresh crossbeam-epoch v0.9.18
       Fresh either v1.15.0
       Fresh crossbeam-deque v0.8.6
       Fresh half v2.7.1
       Fresh zmij v1.0.21
       Fresh tracing-attributes v0.1.31
       Fresh clap_lex v1.0.0
       Fresh pin-project-lite v0.2.16
       Fresh memchr v2.8.0
       Fresh itoa v1.0.17
       Fresh ciborium-io v0.2.2
       Fresh anstyle v1.0.13
       Fresh plotters-backend v0.3.7
       Fresh plotters-svg v0.3.7
       Fresh clap_builder v4.5.59
       Fresh ciborium-ll v0.2.2
       Fresh serde_json v1.0.149
       Fresh tracing v0.1.44
       Fresh num-traits v0.2.19
       Fresh rayon-core v1.13.0
       Fresh libc v0.2.182
       Fresh itertools v0.13.0
       Fresh log v0.4.29
       Fresh cast v0.3.0
       Fresh lazy_static v1.5.0
       Fresh same-file v1.0.6
       Fresh walkdir v2.5.0
       Fresh sharded-slab v0.1.7
       Fresh criterion-plot v0.8.2
       Fresh tracing-log v0.2.0
       Fresh page_size v0.6.0
       Fresh rayon v1.11.0
       Fresh plotters v0.3.7
       Fresh alloca v0.4.0
       Fresh tinytemplate v1.2.1
       Fresh ciborium v0.2.2
       Fresh clap v4.5.59
       Fresh matchers v0.2.0
       Fresh regex v1.12.3
       Fresh thread_local v1.1.9
       Fresh smallvec v1.15.1
       Fresh anes v0.1.6
       Fresh nu-ansi-term v0.50.3
       Fresh rand_core v0.10.0
       Fresh oorandom v11.1.5
       Fresh criterion v0.8.2
       Fresh tracing-subscriber v0.3.22
       Dirty torrust-mudlark v1.0.0 (/tmp/cargo-mutants-torrust-index-UHwX9Z.tmp/packages/mudlark): the file `packages/mudlark/src/split.rs` has changed (1773697146.817745980s, 5s after last build at 1773697141.562735747s)
   Compiling torrust-mudlark v1.0.0 (/tmp/cargo-mutants-torrust-index-UHwX9Z.tmp/packages/mudlark)
     Running `/home/josecelano/.rustup/toolchains/nightly-x86_64-unknown-linux-gnu/bin/rustc --crate-name torrust_mudlark --edition=2021 packages/mudlark/src/lib.rs --error-format=json --json=diagnostic-rendered-ansi,artifacts,future-incompat --crate-type lib --emit=dep-info,metadata,link -C opt-level=3 -C embed-bitcode=no -C debuginfo=2 --deny=unused --deny=warnings '--deny=clippy::suspicious' '--deny=clippy::style' --warn=rust-2024-compatibility --deny=rust-2021-compatibility --deny=rust-2018-idioms --deny=rust-2018-compatibility '--deny=clippy::perf' '--deny=clippy::pedantic' '--warn=clippy::nursery' --deny=nonstandard-style --deny=let-underscore --deny=future-incompatible --deny=deprecated-safe '--deny=clippy::correctness' '--deny=clippy::complexity' '--deny=clippy::all' --warn=unsafe-code '--allow=clippy::needless_return' -C debug-assertions=on --cfg 'feature="default"' --cfg 'feature="dynamic-contour-tracking"' --cfg 'feature="rand"' --cfg 'feature="serde"' --check-cfg 'cfg(docsrs,test)' --check-cfg 'cfg(feature, values("default", "dynamic-contour-tracking", "rand", "serde"))' -C metadata=5a9e0a69f43d7fca -C extra-filename=-2366ab04bb498037 --out-dir /tmp/cargo-mutants-torrust-index-UHwX9Z.tmp/target/debug/deps -C incremental=/tmp/cargo-mutants-torrust-index-UHwX9Z.tmp/target/debug/incremental -L dependency=/tmp/cargo-mutants-torrust-index-UHwX9Z.tmp/target/debug/deps --extern rand_core=/tmp/cargo-mutants-torrust-index-UHwX9Z.tmp/target/debug/deps/librand_core-b015e9dd1bce5577.rmeta --extern serde=/tmp/cargo-mutants-torrust-index-UHwX9Z.tmp/target/debug/deps/libserde-1c6754470d6c8879.rmeta --extern tracing=/tmp/cargo-mutants-torrust-index-UHwX9Z.tmp/target/debug/deps/libtracing-0f09a033a0ba4fd3.rmeta`
     Running `/home/josecelano/.rustup/toolchains/nightly-x86_64-unknown-linux-gnu/bin/rustc --crate-name torrust_mudlark --edition=2021 packages/mudlark/src/lib.rs --error-format=json --json=diagnostic-rendered-ansi,artifacts,future-incompat --emit=dep-info,link -C opt-level=3 -C embed-bitcode=no -C debuginfo=2 --deny=unused --deny=warnings '--deny=clippy::suspicious' '--deny=clippy::style' --warn=rust-2024-compatibility --deny=rust-2021-compatibility --deny=rust-2018-idioms --deny=rust-2018-compatibility '--deny=clippy::perf' '--deny=clippy::pedantic' '--warn=clippy::nursery' --deny=nonstandard-style --deny=let-underscore --deny=future-incompatible --deny=deprecated-safe '--deny=clippy::correctness' '--deny=clippy::complexity' '--deny=clippy::all' --warn=unsafe-code '--allow=clippy::needless_return' -C debug-assertions=on --test --cfg 'feature="default"' --cfg 'feature="dynamic-contour-tracking"' --cfg 'feature="rand"' --cfg 'feature="serde"' --check-cfg 'cfg(docsrs,test)' --check-cfg 'cfg(feature, values("default", "dynamic-contour-tracking", "rand", "serde"))' -C metadata=898ed3f7bb09811b -C extra-filename=-d93ef5a1599fb788 --out-dir /tmp/cargo-mutants-torrust-index-UHwX9Z.tmp/target/debug/deps -C incremental=/tmp/cargo-mutants-torrust-index-UHwX9Z.tmp/target/debug/incremental -L dependency=/tmp/cargo-mutants-torrust-index-UHwX9Z.tmp/target/debug/deps --extern criterion=/tmp/cargo-mutants-torrust-index-UHwX9Z.tmp/target/debug/deps/libcriterion-b84a63839cb37f2c.rlib --extern rand_core=/tmp/cargo-mutants-torrust-index-UHwX9Z.tmp/target/debug/deps/librand_core-b015e9dd1bce5577.rlib --extern serde=/tmp/cargo-mutants-torrust-index-UHwX9Z.tmp/target/debug/deps/libserde-1c6754470d6c8879.rlib --extern serde_json=/tmp/cargo-mutants-torrust-index-UHwX9Z.tmp/target/debug/deps/libserde_json-363d59a4b98be2da.rlib --extern tracing=/tmp/cargo-mutants-torrust-index-UHwX9Z.tmp/target/debug/deps/libtracing-0f09a033a0ba4fd3.rlib --extern tracing_subscriber=/tmp/cargo-mutants-torrust-index-UHwX9Z.tmp/target/debug/deps/libtracing_subscriber-fba044b037c0df52.rlib -L native=/tmp/cargo-mutants-torrust-index-UHwX9Z.tmp/target/debug/build/alloca-85d769ec4bee2a20/out`
error: unused variable: `graph`
   --> packages/mudlark/src/split.rs:104:79
    |
104 | fn bootstrap_split<C: Coordinate, V: Accumulator + Inspectable, const N: u32>(graph: &mut GvGraph<C, V, N>, g_id: GNodeId) {
    |                                                                               ^^^^^ help: if this is intentional, prefix it with an underscore: `_graph`
    |
    = note: `-D unused-variables` implied by `-D unused`
    = help: to override `-D unused` add `#[allow(unused_variables)]`

error: unused variable: `g_id`
   --> packages/mudlark/src/split.rs:104:109
    |
104 | fn bootstrap_split<C: Coordinate, V: Accumulator + Inspectable, const N: u32>(graph: &mut GvGraph<C, V, N>, g_id: GNodeId) {
    |                                                                                                             ^^^^ help: if this is intentional, prefix it with an underscore: `_g_id`

error: method `plateau_after_bootstrap_split` is never used
    --> packages/mudlark/src/graph_plateau.rs:1409:19
     |
  24 | impl<C: Coordinate, V: Accumulator + Inspectable, const N: u32> GvGraph<C, V, N> {
     | -------------------------------------------------------------------------------- method in this implementation
...
1409 |     pub(crate) fn plateau_after_bootstrap_split(&mut self, g_id: GNodeId, left_id: GNodeId) {
     |                   ^^^^^^^^^^^^^^^^^^^^^^^^^^^^^
     |
     = note: `-D dead-code` implied by `-D unused`
     = help: to override `-D unused` add `#[expect(dead_code)]` or `#[allow(dead_code)]`

error: function `alloc_v_structural_2` is never used
   --> packages/mudlark/src/split.rs:248:4
    |
248 | fn alloc_v_structural_2<V: Accumulator>(vnodes: &mut Arena<VNode<V>>, a: VNodeId, b: VNodeId) -> VNodeId {
    |    ^^^^^^^^^^^^^^^^^^^^

error: could not compile `torrust-mudlark` (lib) due to 4 previous errors

Caused by:
  process didn't exit successfully: `/home/josecelano/.rustup/toolchains/nightly-x86_64-unknown-linux-gnu/bin/rustc --crate-name torrust_mudlark --edition=2021 packages/mudlark/src/lib.rs --error-format=json --json=diagnostic-rendered-ansi,artifacts,future-incompat --crate-type lib --emit=dep-info,metadata,link -C opt-level=3 -C embed-bitcode=no -C debuginfo=2 --deny=unused --deny=warnings '--deny=clippy::suspicious' '--deny=clippy::style' --warn=rust-2024-compatibility --deny=rust-2021-compatibility --deny=rust-2018-idioms --deny=rust-2018-compatibility '--deny=clippy::perf' '--deny=clippy::pedantic' '--warn=clippy::nursery' --deny=nonstandard-style --deny=let-underscore --deny=future-incompatible --deny=deprecated-safe '--deny=clippy::correctness' '--deny=clippy::complexity' '--deny=clippy::all' --warn=unsafe-code '--allow=clippy::needless_return' -C debug-assertions=on --cfg 'feature="default"' --cfg 'feature="dynamic-contour-tracking"' --cfg 'feature="rand"' --cfg 'feature="serde"' --check-cfg 'cfg(docsrs,test)' --check-cfg 'cfg(feature, values("default", "dynamic-contour-tracking", "rand", "serde"))' -C metadata=5a9e0a69f43d7fca -C extra-filename=-2366ab04bb498037 --out-dir /tmp/cargo-mutants-torrust-index-UHwX9Z.tmp/target/debug/deps -C incremental=/tmp/cargo-mutants-torrust-index-UHwX9Z.tmp/target/debug/incremental -L dependency=/tmp/cargo-mutants-torrust-index-UHwX9Z.tmp/target/debug/deps --extern rand_core=/tmp/cargo-mutants-torrust-index-UHwX9Z.tmp/target/debug/deps/librand_core-b015e9dd1bce5577.rmeta --extern serde=/tmp/cargo-mutants-torrust-index-UHwX9Z.tmp/target/debug/deps/libserde-1c6754470d6c8879.rmeta --extern tracing=/tmp/cargo-mutants-torrust-index-UHwX9Z.tmp/target/debug/deps/libtracing-0f09a033a0ba4fd3.rmeta` (exit status: 1)
warning: build failed, waiting for other jobs to finish...
error: could not compile `torrust-mudlark` (lib test) due to 4 previous errors

Caused by:
  process didn't exit successfully: `/home/josecelano/.rustup/toolchains/nightly-x86_64-unknown-linux-gnu/bin/rustc --crate-name torrust_mudlark --edition=2021 packages/mudlark/src/lib.rs --error-format=json --json=diagnostic-rendered-ansi,artifacts,future-incompat --emit=dep-info,link -C opt-level=3 -C embed-bitcode=no -C debuginfo=2 --deny=unused --deny=warnings '--deny=clippy::suspicious' '--deny=clippy::style' --warn=rust-2024-compatibility --deny=rust-2021-compatibility --deny=rust-2018-idioms --deny=rust-2018-compatibility '--deny=clippy::perf' '--deny=clippy::pedantic' '--warn=clippy::nursery' --deny=nonstandard-style --deny=let-underscore --deny=future-incompatible --deny=deprecated-safe '--deny=clippy::correctness' '--deny=clippy::complexity' '--deny=clippy::all' --warn=unsafe-code '--allow=clippy::needless_return' -C debug-assertions=on --test --cfg 'feature="default"' --cfg 'feature="dynamic-contour-tracking"' --cfg 'feature="rand"' --cfg 'feature="serde"' --check-cfg 'cfg(docsrs,test)' --check-cfg 'cfg(feature, values("default", "dynamic-contour-tracking", "rand", "serde"))' -C metadata=898ed3f7bb09811b -C extra-filename=-d93ef5a1599fb788 --out-dir /tmp/cargo-mutants-torrust-index-UHwX9Z.tmp/target/debug/deps -C incremental=/tmp/cargo-mutants-torrust-index-UHwX9Z.tmp/target/debug/incremental -L dependency=/tmp/cargo-mutants-torrust-index-UHwX9Z.tmp/target/debug/deps --extern criterion=/tmp/cargo-mutants-torrust-index-UHwX9Z.tmp/target/debug/deps/libcriterion-b84a63839cb37f2c.rlib --extern rand_core=/tmp/cargo-mutants-torrust-index-UHwX9Z.tmp/target/debug/deps/librand_core-b015e9dd1bce5577.rlib --extern serde=/tmp/cargo-mutants-torrust-index-UHwX9Z.tmp/target/debug/deps/libserde-1c6754470d6c8879.rlib --extern serde_json=/tmp/cargo-mutants-torrust-index-UHwX9Z.tmp/target/debug/deps/libserde_json-363d59a4b98be2da.rlib --extern tracing=/tmp/cargo-mutants-torrust-index-UHwX9Z.tmp/target/debug/deps/libtracing-0f09a033a0ba4fd3.rlib --extern tracing_subscriber=/tmp/cargo-mutants-torrust-index-UHwX9Z.tmp/target/debug/deps/libtracing_subscriber-fba044b037c0df52.rlib -L native=/tmp/cargo-mutants-torrust-index-UHwX9Z.tmp/target/debug/build/alloca-85d769ec4bee2a20/out` (exit status: 1)

*** result: Failure(101)
