
*** packages/mudlark/src/gtree.rs:61:5: replace gnode_depth_from_interval -> u32 with 1

*** mutation diff:
--- packages/mudlark/src/gtree.rs
+++ replace gnode_depth_from_interval -> u32 with 1
@@ -53,28 +53,17 @@
 /// `N` for convenience.
 ///
 /// # Panics
 ///
 /// Panics if `width` is zero (degenerate interval).
 #[must_use]
 #[inline]
 pub fn gnode_depth_from_interval<C: Coordinate>(lo: C, hi: C, n: u32) -> u32 {
-    let width_f64 = C::width(lo, hi).to_f64();
-    debug_assert!(width_f64 > 0.0, "gnode_depth_from_interval: zero-width interval");
-    // log2 of a power-of-two width. For integers this is exact;
-    // for floats f64::log2 returns an exact integer for 2^k inputs.
-    //
-    // Cast via i32 (not u32) so that sub-unit float widths
-    // (log2 < 0) produce depths > n instead of saturating to n.
-    #[allow(clippy::cast_possible_truncation)]
-    let log2_width = width_f64.log2() as i32;
-    #[allow(clippy::cast_possible_wrap, clippy::cast_sign_loss)]
-    let depth = (n as i32 - log2_width) as u32;
-    depth
+    1 /* ~ changed by cargo-mutants ~ */
 }
 
 /// Recompute `sum = own + left.sum + right.sum` from `start` upward
 /// to the G-Tree root, directly reasserting G-I1 at each level.
 ///
 /// Used by `observe()` on the hot path instead of
 /// `propagate_g_sums` (moved to tests), avoiding the need for subtraction on
 /// `Accumulator`. See ADR-M-012 for the full analysis.


*** /home/josecelano/.rustup/toolchains/nightly-x86_64-unknown-linux-gnu/bin/cargo test --no-run --verbose --package=torrust-mudlark@1.0.0
       Fresh unicode-ident v1.0.24
       Fresh proc-macro2 v1.0.106
       Fresh quote v1.0.44
       Fresh syn v2.0.116
       Fresh serde_core v1.0.228
       Fresh cfg-if v1.0.4
       Fresh crossbeam-utils v0.8.21
       Fresh serde_derive v1.0.228
       Fresh zerocopy-derive v0.8.39
       Fresh autocfg v1.5.0
       Fresh find-msvc-tools v0.1.9
       Fresh once_cell v1.21.3
       Fresh shlex v1.3.0
       Fresh regex-syntax v0.8.9
       Fresh regex-automata v0.4.14
       Fresh cc v1.2.56
       Fresh tracing-core v0.1.36
       Fresh zerocopy v0.8.39
       Fresh serde v1.0.228
       Fresh crossbeam-epoch v0.9.18
       Fresh either v1.15.0
       Fresh crossbeam-deque v0.8.6
       Fresh half v2.7.1
       Fresh zmij v1.0.21
       Fresh tracing-attributes v0.1.31
       Fresh ciborium-io v0.2.2
       Fresh anstyle v1.0.13
       Fresh clap_lex v1.0.0
       Fresh plotters-backend v0.3.7
       Fresh itoa v1.0.17
       Fresh pin-project-lite v0.2.16
       Fresh memchr v2.8.0
       Fresh serde_json v1.0.149
       Fresh tracing v0.1.44
       Fresh plotters-svg v0.3.7
       Fresh clap_builder v4.5.59
       Fresh ciborium-ll v0.2.2
       Fresh num-traits v0.2.19
       Fresh rayon-core v1.13.0
       Fresh libc v0.2.182
       Fresh itertools v0.13.0
       Fresh log v0.4.29
       Fresh lazy_static v1.5.0
       Fresh same-file v1.0.6
       Fresh cast v0.3.0
       Fresh criterion-plot v0.8.2
       Fresh walkdir v2.5.0
       Fresh sharded-slab v0.1.7
       Fresh tracing-log v0.2.0
       Fresh page_size v0.6.0
       Fresh rayon v1.11.0
       Fresh plotters v0.3.7
       Fresh alloca v0.4.0
       Fresh ciborium v0.2.2
       Fresh clap v4.5.59
       Fresh tinytemplate v1.2.1
       Fresh regex v1.12.3
       Fresh matchers v0.2.0
       Fresh thread_local v1.1.9
       Fresh anes v0.1.6
       Fresh nu-ansi-term v0.50.3
       Fresh smallvec v1.15.1
       Fresh rand_core v0.10.0
       Fresh oorandom v11.1.5
       Fresh criterion v0.8.2
       Fresh tracing-subscriber v0.3.22
       Dirty torrust-mudlark v1.0.0 (/tmp/cargo-mutants-torrust-index-Xjf6Dz.tmp/packages/mudlark): couldn't read metadata for file `target/debug/deps/libtorrust_mudlark-2366ab04bb498037.rlib`
   Compiling torrust-mudlark v1.0.0 (/tmp/cargo-mutants-torrust-index-Xjf6Dz.tmp/packages/mudlark)
     Running `/home/josecelano/.rustup/toolchains/nightly-x86_64-unknown-linux-gnu/bin/rustc --crate-name torrust_mudlark --edition=2021 packages/mudlark/src/lib.rs --error-format=json --json=diagnostic-rendered-ansi,artifacts,future-incompat --crate-type lib --emit=dep-info,metadata,link -C opt-level=3 -C embed-bitcode=no -C debuginfo=2 --deny=unused --deny=warnings '--deny=clippy::suspicious' '--deny=clippy::style' --warn=rust-2024-compatibility --deny=rust-2021-compatibility --deny=rust-2018-idioms --deny=rust-2018-compatibility '--deny=clippy::perf' '--deny=clippy::pedantic' '--warn=clippy::nursery' --deny=nonstandard-style --deny=let-underscore --deny=future-incompatible --deny=deprecated-safe '--deny=clippy::correctness' '--deny=clippy::complexity' '--deny=clippy::all' --warn=unsafe-code '--allow=clippy::needless_return' -C debug-assertions=on --cfg 'feature="default"' --cfg 'feature="dynamic-contour-tracking"' --cfg 'feature="rand"' --cfg 'feature="serde"' --check-cfg 'cfg(docsrs,test)' --check-cfg 'cfg(feature, values("default", "dynamic-contour-tracking", "rand", "serde"))' -C metadata=5a9e0a69f43d7fca -C extra-filename=-2366ab04bb498037 --out-dir /tmp/cargo-mutants-torrust-index-Xjf6Dz.tmp/target/debug/deps -C incremental=/tmp/cargo-mutants-torrust-index-Xjf6Dz.tmp/target/debug/incremental -L dependency=/tmp/cargo-mutants-torrust-index-Xjf6Dz.tmp/target/debug/deps --extern rand_core=/tmp/cargo-mutants-torrust-index-Xjf6Dz.tmp/target/debug/deps/librand_core-b015e9dd1bce5577.rmeta --extern serde=/tmp/cargo-mutants-torrust-index-Xjf6Dz.tmp/target/debug/deps/libserde-1c6754470d6c8879.rmeta --extern tracing=/tmp/cargo-mutants-torrust-index-Xjf6Dz.tmp/target/debug/deps/libtracing-0f09a033a0ba4fd3.rmeta`
error: unused variable: `lo`
  --> packages/mudlark/src/gtree.rs:60:49
   |
60 | pub fn gnode_depth_from_interval<C: Coordinate>(lo: C, hi: C, n: u32) -> u32 {
   |                                                 ^^ help: if this is intentional, prefix it with an underscore: `_lo`
   |
   = note: `-D unused-variables` implied by `-D unused`
   = help: to override `-D unused` add `#[allow(unused_variables)]`

error: unused variable: `hi`
  --> packages/mudlark/src/gtree.rs:60:56
   |
60 | pub fn gnode_depth_from_interval<C: Coordinate>(lo: C, hi: C, n: u32) -> u32 {
   |                                                        ^^ help: if this is intentional, prefix it with an underscore: `_hi`

error: unused variable: `n`
  --> packages/mudlark/src/gtree.rs:60:63
   |
60 | pub fn gnode_depth_from_interval<C: Coordinate>(lo: C, hi: C, n: u32) -> u32 {
   |                                                               ^ help: if this is intentional, prefix it with an underscore: `_n`

error: could not compile `torrust-mudlark` (lib) due to 3 previous errors

Caused by:
  process didn't exit successfully: `/home/josecelano/.rustup/toolchains/nightly-x86_64-unknown-linux-gnu/bin/rustc --crate-name torrust_mudlark --edition=2021 packages/mudlark/src/lib.rs --error-format=json --json=diagnostic-rendered-ansi,artifacts,future-incompat --crate-type lib --emit=dep-info,metadata,link -C opt-level=3 -C embed-bitcode=no -C debuginfo=2 --deny=unused --deny=warnings '--deny=clippy::suspicious' '--deny=clippy::style' --warn=rust-2024-compatibility --deny=rust-2021-compatibility --deny=rust-2018-idioms --deny=rust-2018-compatibility '--deny=clippy::perf' '--deny=clippy::pedantic' '--warn=clippy::nursery' --deny=nonstandard-style --deny=let-underscore --deny=future-incompatible --deny=deprecated-safe '--deny=clippy::correctness' '--deny=clippy::complexity' '--deny=clippy::all' --warn=unsafe-code '--allow=clippy::needless_return' -C debug-assertions=on --cfg 'feature="default"' --cfg 'feature="dynamic-contour-tracking"' --cfg 'feature="rand"' --cfg 'feature="serde"' --check-cfg 'cfg(docsrs,test)' --check-cfg 'cfg(feature, values("default", "dynamic-contour-tracking", "rand", "serde"))' -C metadata=5a9e0a69f43d7fca -C extra-filename=-2366ab04bb498037 --out-dir /tmp/cargo-mutants-torrust-index-Xjf6Dz.tmp/target/debug/deps -C incremental=/tmp/cargo-mutants-torrust-index-Xjf6Dz.tmp/target/debug/incremental -L dependency=/tmp/cargo-mutants-torrust-index-Xjf6Dz.tmp/target/debug/deps --extern rand_core=/tmp/cargo-mutants-torrust-index-Xjf6Dz.tmp/target/debug/deps/librand_core-b015e9dd1bce5577.rmeta --extern serde=/tmp/cargo-mutants-torrust-index-Xjf6Dz.tmp/target/debug/deps/libserde-1c6754470d6c8879.rmeta --extern tracing=/tmp/cargo-mutants-torrust-index-Xjf6Dz.tmp/target/debug/deps/libtracing-0f09a033a0ba4fd3.rmeta` (exit status: 1)

*** result: Failure(101)
