
*** packages/mudlark/src/vtree.rs:121:5: replace recompute_v_postorder with ()

*** mutation diff:
--- packages/mudlark/src/vtree.rs
+++ replace recompute_v_postorder with ()
@@ -113,57 +113,17 @@
 }
 
 /// Post-order traversal: recurse into children first, then recompute
 /// this node's cached intensities and sum.
 ///
 /// V-tree depth is O(log E), so recursion depth is bounded and safe.
 fn recompute_v_postorder<V: Accumulator>(vnodes: &mut Arena<VNode<V>>, id: VNodeId) {
     // Collect child IDs (if structural) before mutating.
-    let child_ids: Option<Vec<VNodeId>> = {
-        let node = vnodes.get(id.index());
-        match &node.kind {
-            VKind::Entry { .. } => None,
-            VKind::Structural { children, .. } => {
-                let ids: Vec<VNodeId> = (0..children.len()).map(|i| children.get(i).0).collect();
-                Some(ids)
-            }
-        }
-    };
-
-    let Some(child_ids) = child_ids else {
-        // Entry — leaf; intensity already correct.
-        return;
-    };
-
-    // 1. Recurse into children (post-order).
-    for &child in &child_ids {
-        recompute_v_postorder(vnodes, child);
-    }
-
-    // 2. Refresh cached child intensities from children's current values.
-    for (i, &child) in child_ids.iter().enumerate() {
-        let child_int = vnodes.get(child.index()).intensity;
-        let node = vnodes.get_mut(id.index());
-        if let VKind::Structural { children, .. } = &mut node.kind {
-            children.intensities[i] = child_int;
-        }
-    }
-
-    // 3. Recompute own intensity = sum of children.
-    let node = vnodes.get(id.index());
-    if let VKind::Structural { children, .. } = &node.kind {
-        let mut total = V::zero();
-        for i in 0..children.len() {
-            total = V::add(total, children.intensities[i]);
-        }
-        // Drop borrow before mutating.
-        let _ = node;
-        vnodes.get_mut(id.index()).intensity = total;
-    }
+    () /* ~ changed by cargo-mutants ~ */
 }
 
 /// Propagate evictable flags upward from `start`.
 ///
 /// Implements §IDEA M-9.3. Early-terminates when a flag is unchanged.
 pub fn propagate_evictable_flags<V: Accumulator>(vnodes: &mut Arena<VNode<V>>, start: VNodeId) {
     let mut current = Some(start);
     while let Some(id) = current {


*** /home/josecelano/.rustup/toolchains/nightly-x86_64-unknown-linux-gnu/bin/cargo test --no-run --verbose --package=torrust-mudlark@1.0.0
       Fresh unicode-ident v1.0.24
       Fresh proc-macro2 v1.0.106
       Fresh quote v1.0.44
       Fresh syn v2.0.116
       Fresh serde_core v1.0.228
       Fresh cfg-if v1.0.4
       Fresh crossbeam-utils v0.8.21
       Fresh serde_derive v1.0.228
       Fresh zerocopy-derive v0.8.39
       Fresh regex-syntax v0.8.9
       Fresh once_cell v1.21.3
       Fresh find-msvc-tools v0.1.9
       Fresh autocfg v1.5.0
       Fresh shlex v1.3.0
       Fresh cc v1.2.56
       Fresh tracing-core v0.1.36
       Fresh regex-automata v0.4.14
       Fresh zerocopy v0.8.39
       Fresh serde v1.0.228
       Fresh crossbeam-epoch v0.9.18
       Fresh either v1.15.0
       Fresh crossbeam-deque v0.8.6
       Fresh half v2.7.1
       Fresh zmij v1.0.21
       Fresh tracing-attributes v0.1.31
       Fresh pin-project-lite v0.2.16
       Fresh memchr v2.8.0
       Fresh ciborium-io v0.2.2
       Fresh clap_lex v1.0.0
       Fresh anstyle v1.0.13
       Fresh itoa v1.0.17
       Fresh plotters-backend v0.3.7
       Fresh plotters-svg v0.3.7
       Fresh serde_json v1.0.149
       Fresh clap_builder v4.5.59
       Fresh ciborium-ll v0.2.2
       Fresh tracing v0.1.44
       Fresh num-traits v0.2.19
       Fresh rayon-core v1.13.0
       Fresh libc v0.2.182
       Fresh itertools v0.13.0
       Fresh cast v0.3.0
       Fresh lazy_static v1.5.0
       Fresh log v0.4.29
       Fresh same-file v1.0.6
       Fresh walkdir v2.5.0
       Fresh tracing-log v0.2.0
       Fresh sharded-slab v0.1.7
       Fresh criterion-plot v0.8.2
       Fresh page_size v0.6.0
       Fresh rayon v1.11.0
       Fresh plotters v0.3.7
       Fresh alloca v0.4.0
       Fresh ciborium v0.2.2
       Fresh clap v4.5.59
       Fresh tinytemplate v1.2.1
       Fresh regex v1.12.3
       Fresh matchers v0.2.0
       Fresh thread_local v1.1.9
       Fresh oorandom v11.1.5
       Fresh rand_core v0.10.0
       Fresh smallvec v1.15.1
       Fresh nu-ansi-term v0.50.3
       Fresh anes v0.1.6
       Fresh criterion v0.8.2
       Fresh tracing-subscriber v0.3.22
       Dirty torrust-mudlark v1.0.0 (/tmp/cargo-mutants-torrust-index-4akUoH.tmp/packages/mudlark): couldn't read metadata for file `target/debug/deps/libtorrust_mudlark-2366ab04bb498037.rlib`
   Compiling torrust-mudlark v1.0.0 (/tmp/cargo-mutants-torrust-index-4akUoH.tmp/packages/mudlark)
     Running `/home/josecelano/.rustup/toolchains/nightly-x86_64-unknown-linux-gnu/bin/rustc --crate-name torrust_mudlark --edition=2021 packages/mudlark/src/lib.rs --error-format=json --json=diagnostic-rendered-ansi,artifacts,future-incompat --crate-type lib --emit=dep-info,metadata,link -C opt-level=3 -C embed-bitcode=no -C debuginfo=2 --deny=unused --deny=warnings '--deny=clippy::suspicious' '--deny=clippy::style' --warn=rust-2024-compatibility --deny=rust-2021-compatibility --deny=rust-2018-idioms --deny=rust-2018-compatibility '--deny=clippy::perf' '--deny=clippy::pedantic' '--warn=clippy::nursery' --deny=nonstandard-style --deny=let-underscore --deny=future-incompatible --deny=deprecated-safe '--deny=clippy::correctness' '--deny=clippy::complexity' '--deny=clippy::all' --warn=unsafe-code '--allow=clippy::needless_return' -C debug-assertions=on --cfg 'feature="default"' --cfg 'feature="dynamic-contour-tracking"' --cfg 'feature="rand"' --cfg 'feature="serde"' --check-cfg 'cfg(docsrs,test)' --check-cfg 'cfg(feature, values("default", "dynamic-contour-tracking", "rand", "serde"))' -C metadata=5a9e0a69f43d7fca -C extra-filename=-2366ab04bb498037 --out-dir /tmp/cargo-mutants-torrust-index-4akUoH.tmp/target/debug/deps -C incremental=/tmp/cargo-mutants-torrust-index-4akUoH.tmp/target/debug/incremental -L dependency=/tmp/cargo-mutants-torrust-index-4akUoH.tmp/target/debug/deps --extern rand_core=/tmp/cargo-mutants-torrust-index-4akUoH.tmp/target/debug/deps/librand_core-b015e9dd1bce5577.rmeta --extern serde=/tmp/cargo-mutants-torrust-index-4akUoH.tmp/target/debug/deps/libserde-1c6754470d6c8879.rmeta --extern tracing=/tmp/cargo-mutants-torrust-index-4akUoH.tmp/target/debug/deps/libtracing-0f09a033a0ba4fd3.rmeta`
error: unused variable: `vnodes`
   --> packages/mudlark/src/vtree.rs:119:42
    |
119 | fn recompute_v_postorder<V: Accumulator>(vnodes: &mut Arena<VNode<V>>, id: VNodeId) {
    |                                          ^^^^^^ help: if this is intentional, prefix it with an underscore: `_vnodes`
    |
    = note: `-D unused-variables` implied by `-D unused`
    = help: to override `-D unused` add `#[allow(unused_variables)]`

error: unused variable: `id`
   --> packages/mudlark/src/vtree.rs:119:72
    |
119 | fn recompute_v_postorder<V: Accumulator>(vnodes: &mut Arena<VNode<V>>, id: VNodeId) {
    |                                                                        ^^ help: if this is intentional, prefix it with an underscore: `_id`

error: could not compile `torrust-mudlark` (lib) due to 2 previous errors

Caused by:
  process didn't exit successfully: `/home/josecelano/.rustup/toolchains/nightly-x86_64-unknown-linux-gnu/bin/rustc --crate-name torrust_mudlark --edition=2021 packages/mudlark/src/lib.rs --error-format=json --json=diagnostic-rendered-ansi,artifacts,future-incompat --crate-type lib --emit=dep-info,metadata,link -C opt-level=3 -C embed-bitcode=no -C debuginfo=2 --deny=unused --deny=warnings '--deny=clippy::suspicious' '--deny=clippy::style' --warn=rust-2024-compatibility --deny=rust-2021-compatibility --deny=rust-2018-idioms --deny=rust-2018-compatibility '--deny=clippy::perf' '--deny=clippy::pedantic' '--warn=clippy::nursery' --deny=nonstandard-style --deny=let-underscore --deny=future-incompatible --deny=deprecated-safe '--deny=clippy::correctness' '--deny=clippy::complexity' '--deny=clippy::all' --warn=unsafe-code '--allow=clippy::needless_return' -C debug-assertions=on --cfg 'feature="default"' --cfg 'feature="dynamic-contour-tracking"' --cfg 'feature="rand"' --cfg 'feature="serde"' --check-cfg 'cfg(docsrs,test)' --check-cfg 'cfg(feature, values("default", "dynamic-contour-tracking", "rand", "serde"))' -C metadata=5a9e0a69f43d7fca -C extra-filename=-2366ab04bb498037 --out-dir /tmp/cargo-mutants-torrust-index-4akUoH.tmp/target/debug/deps -C incremental=/tmp/cargo-mutants-torrust-index-4akUoH.tmp/target/debug/incremental -L dependency=/tmp/cargo-mutants-torrust-index-4akUoH.tmp/target/debug/deps --extern rand_core=/tmp/cargo-mutants-torrust-index-4akUoH.tmp/target/debug/deps/librand_core-b015e9dd1bce5577.rmeta --extern serde=/tmp/cargo-mutants-torrust-index-4akUoH.tmp/target/debug/deps/libserde-1c6754470d6c8879.rmeta --extern tracing=/tmp/cargo-mutants-torrust-index-4akUoH.tmp/target/debug/deps/libtracing-0f09a033a0ba4fd3.rmeta` (exit status: 1)

*** result: Failure(101)
