
*** packages/mudlark/src/graph_budget.rs:160:9: replace GvGraph<C, V, N>::evict_candidates -> u32 with 1

*** mutation diff:
--- packages/mudlark/src/graph_budget.rs
+++ replace GvGraph<C, V, N>::evict_candidates -> u32 with 1
@@ -152,96 +152,11 @@
     /// Two-phase collect-then-evict (ADR-M-015):
     /// 1. `scan_for_candidates()` — snapshot of eligible `VNodeId`s.
     /// 2. Iterate, re-verify eligibility (slot occupied, still
     ///    evictable, depth still exceeds `D_evict`, not G-root),
     ///    then call `evict_tip()`.
     /// 3. Trailing `rebalance()` if any evictions occurred.
     #[allow(clippy::too_many_lines)]
     fn evict_candidates(&mut self, stop_at: Option<usize>) -> u32 {
-        let candidates = evict::scan_for_candidates(self);
-        let _span = tracing::debug_span!("evict_batch", candidate_count = candidates.len(),).entered();
-        let mut evicted: u32 = 0;
-
-        for v_id in candidates {
-            // Budget-bounded early exit.
-            if let Some(limit) = stop_at {
-                if evicted as usize >= limit {
-                    break;
-                }
-            }
-
-            // Re-verify eligibility: the slot may have been
-            // invalidated by a prior eviction in this batch.
-            if !self.vnodes.is_occupied(v_id.index()) {
-                continue;
-            }
-            match &self.vnodes.get(v_id.index()).kind {
-                crate::vnode::VKind::Entry { gnode, is_evictable, .. } => {
-                    if !is_evictable {
-                        continue;
-                    }
-                    if *gnode == self.g_root {
-                        continue;
-                    }
-                    // Depth may have changed due to V-tree mutations.
-                    let depth = vtree::v_depth(&self.vnodes, v_id);
-                    if depth <= self.live_depth_evict {
-                        continue;
-                    }
-                }
-                crate::vnode::VKind::Structural { .. } => continue,
-            }
-
-            evict::evict_tip(self, v_id);
-            evicted += 1;
-
-            // Post-eviction audit: find violations not in the queue.
-            if tracing::enabled!(tracing::Level::DEBUG) {
-                crate::diagnostic::audit_violations(&self.vnodes, &self.violations, "POST-EVICT");
-            }
-
-            // Per-eviction mirror check — pinpoints which eviction
-            // in a batch caused a divergence (the batch-level
-            // POST-EVICT check at the end only reports *that* the
-            // batch diverged, not *which* eviction).
-            #[cfg(feature = "dynamic-contour-tracking")]
-            if cfg!(debug_assertions) {
-                self.debug_assert_plateau_mirror_consistency(&format!("POST-EVICT-SINGLE-{evicted}"));
-            }
-        }
-
-        // Trailing rebalance to resolve any absorption violations.
-        if evicted > 0 {
-            let new_gnodes = rebalance::rebalance(
-                &mut self.vnodes,
-                &mut self.gnodes,
-                &mut self.violations,
-                self.live_depth_evict,
-            );
-            if !new_gnodes.is_empty() {
-                self.handle_legacy_promotes(&new_gnodes);
-            }
-
-            // Repair P-I4 thatch-hop violations introduced by
-            // eviction plateau merges or legacy promote placements.
-            self.repair_p_i4();
-
-            // ADR-M-031 Phase 4: mark dirty for batch eviction
-            // interaction and normalize if needed.
-            #[cfg(feature = "dynamic-contour-tracking")]
-            {
-                self.plateaus_dirty = true;
-            }
-            self.normalize_plateaus();
-
-            // Re-run P-I4 repair after normalization.
-            self.repair_p_i4();
-        }
-
-        #[cfg(feature = "dynamic-contour-tracking")]
-        if cfg!(debug_assertions) || tracing::enabled!(tracing::Level::DEBUG) {
-            self.debug_assert_plateau_mirror_consistency("POST-EVICT");
-        }
-
-        evicted
+        1 /* ~ changed by cargo-mutants ~ */
     }
 }


*** /home/josecelano/.rustup/toolchains/nightly-x86_64-unknown-linux-gnu/bin/cargo test --no-run --verbose --package=torrust-mudlark@1.0.0
       Fresh unicode-ident v1.0.24
       Fresh cfg-if v1.0.4
       Fresh find-msvc-tools v0.1.9
       Fresh autocfg v1.5.0
       Fresh once_cell v1.21.3
       Fresh proc-macro2 v1.0.106
       Fresh shlex v1.3.0
       Fresh regex-syntax v0.8.9
       Fresh tracing-core v0.1.36
       Fresh quote v1.0.44
       Fresh serde_core v1.0.228
       Fresh crossbeam-utils v0.8.21
       Fresh regex-automata v0.4.14
       Fresh cc v1.2.56
       Fresh either v1.15.0
       Fresh zmij v1.0.21
       Fresh anstyle v1.0.13
       Fresh syn v2.0.116
       Fresh crossbeam-epoch v0.9.18
       Fresh clap_lex v1.0.0
       Fresh pin-project-lite v0.2.16
       Fresh plotters-backend v0.3.7
       Fresh ciborium-io v0.2.2
       Fresh memchr v2.8.0
       Fresh itoa v1.0.17
       Fresh num-traits v0.2.19
       Fresh zerocopy-derive v0.8.39
       Fresh serde_derive v1.0.228
       Fresh crossbeam-deque v0.8.6
       Fresh tracing-attributes v0.1.31
       Fresh libc v0.2.182
       Fresh clap_builder v4.5.59
       Fresh plotters-svg v0.3.7
       Fresh serde_json v1.0.149
       Fresh itertools v0.13.0
       Fresh same-file v1.0.6
       Fresh log v0.4.29
       Fresh lazy_static v1.5.0
       Fresh zerocopy v0.8.39
       Fresh serde v1.0.228
       Fresh tracing v0.1.44
       Fresh rayon-core v1.13.0
       Fresh cast v0.3.0
       Fresh walkdir v2.5.0
       Fresh page_size v0.6.0
       Fresh alloca v0.4.0
       Fresh clap v4.5.59
       Fresh sharded-slab v0.1.7
       Fresh plotters v0.3.7
       Fresh tracing-log v0.2.0
       Fresh matchers v0.2.0
       Fresh half v2.7.1
       Fresh tinytemplate v1.2.1
       Fresh criterion-plot v0.8.2
       Fresh rayon v1.11.0
       Fresh regex v1.12.3
       Fresh thread_local v1.1.9
       Fresh smallvec v1.15.1
       Fresh rand_core v0.10.0
       Fresh oorandom v11.1.5
       Fresh nu-ansi-term v0.50.3
       Fresh anes v0.1.6
       Fresh ciborium-ll v0.2.2
       Fresh tracing-subscriber v0.3.22
       Dirty torrust-mudlark v1.0.0 (/tmp/cargo-mutants-torrust-index-4akUoH.tmp/packages/mudlark): the file `packages/mudlark/src/graph_budget.rs` has changed (1773695814.376856807s, 13s after last build at 1773695801.215524745s)
   Compiling torrust-mudlark v1.0.0 (/tmp/cargo-mutants-torrust-index-4akUoH.tmp/packages/mudlark)
       Fresh ciborium v0.2.2
       Fresh criterion v0.8.2
     Running `/home/josecelano/.rustup/toolchains/nightly-x86_64-unknown-linux-gnu/bin/rustc --crate-name torrust_mudlark --edition=2021 packages/mudlark/src/lib.rs --error-format=json --json=diagnostic-rendered-ansi,artifacts,future-incompat --emit=dep-info,link -C opt-level=3 -C embed-bitcode=no -C debuginfo=2 --deny=unused --deny=warnings '--deny=clippy::suspicious' '--deny=clippy::style' --warn=rust-2024-compatibility --deny=rust-2021-compatibility --deny=rust-2018-idioms --deny=rust-2018-compatibility '--deny=clippy::perf' '--deny=clippy::pedantic' '--warn=clippy::nursery' --deny=nonstandard-style --deny=let-underscore --deny=future-incompatible --deny=deprecated-safe '--deny=clippy::correctness' '--deny=clippy::complexity' '--deny=clippy::all' --warn=unsafe-code '--allow=clippy::needless_return' -C debug-assertions=on --test --cfg 'feature="default"' --cfg 'feature="dynamic-contour-tracking"' --cfg 'feature="rand"' --cfg 'feature="serde"' --check-cfg 'cfg(docsrs,test)' --check-cfg 'cfg(feature, values("default", "dynamic-contour-tracking", "rand", "serde"))' -C metadata=898ed3f7bb09811b -C extra-filename=-d93ef5a1599fb788 --out-dir /tmp/cargo-mutants-torrust-index-4akUoH.tmp/target/debug/deps -C incremental=/tmp/cargo-mutants-torrust-index-4akUoH.tmp/target/debug/incremental -L dependency=/tmp/cargo-mutants-torrust-index-4akUoH.tmp/target/debug/deps --extern criterion=/tmp/cargo-mutants-torrust-index-4akUoH.tmp/target/debug/deps/libcriterion-b84a63839cb37f2c.rlib --extern rand_core=/tmp/cargo-mutants-torrust-index-4akUoH.tmp/target/debug/deps/librand_core-b015e9dd1bce5577.rlib --extern serde=/tmp/cargo-mutants-torrust-index-4akUoH.tmp/target/debug/deps/libserde-1c6754470d6c8879.rlib --extern serde_json=/tmp/cargo-mutants-torrust-index-4akUoH.tmp/target/debug/deps/libserde_json-363d59a4b98be2da.rlib --extern tracing=/tmp/cargo-mutants-torrust-index-4akUoH.tmp/target/debug/deps/libtracing-0f09a033a0ba4fd3.rlib --extern tracing_subscriber=/tmp/cargo-mutants-torrust-index-4akUoH.tmp/target/debug/deps/libtracing_subscriber-fba044b037c0df52.rlib -L native=/tmp/cargo-mutants-torrust-index-4akUoH.tmp/target/debug/build/alloca-85d769ec4bee2a20/out`
     Running `/home/josecelano/.rustup/toolchains/nightly-x86_64-unknown-linux-gnu/bin/rustc --crate-name torrust_mudlark --edition=2021 packages/mudlark/src/lib.rs --error-format=json --json=diagnostic-rendered-ansi,artifacts,future-incompat --crate-type lib --emit=dep-info,metadata,link -C opt-level=3 -C embed-bitcode=no -C debuginfo=2 --deny=unused --deny=warnings '--deny=clippy::suspicious' '--deny=clippy::style' --warn=rust-2024-compatibility --deny=rust-2021-compatibility --deny=rust-2018-idioms --deny=rust-2018-compatibility '--deny=clippy::perf' '--deny=clippy::pedantic' '--warn=clippy::nursery' --deny=nonstandard-style --deny=let-underscore --deny=future-incompatible --deny=deprecated-safe '--deny=clippy::correctness' '--deny=clippy::complexity' '--deny=clippy::all' --warn=unsafe-code '--allow=clippy::needless_return' -C debug-assertions=on --cfg 'feature="default"' --cfg 'feature="dynamic-contour-tracking"' --cfg 'feature="rand"' --cfg 'feature="serde"' --check-cfg 'cfg(docsrs,test)' --check-cfg 'cfg(feature, values("default", "dynamic-contour-tracking", "rand", "serde"))' -C metadata=5a9e0a69f43d7fca -C extra-filename=-2366ab04bb498037 --out-dir /tmp/cargo-mutants-torrust-index-4akUoH.tmp/target/debug/deps -C incremental=/tmp/cargo-mutants-torrust-index-4akUoH.tmp/target/debug/incremental -L dependency=/tmp/cargo-mutants-torrust-index-4akUoH.tmp/target/debug/deps --extern rand_core=/tmp/cargo-mutants-torrust-index-4akUoH.tmp/target/debug/deps/librand_core-b015e9dd1bce5577.rmeta --extern serde=/tmp/cargo-mutants-torrust-index-4akUoH.tmp/target/debug/deps/libserde-1c6754470d6c8879.rmeta --extern tracing=/tmp/cargo-mutants-torrust-index-4akUoH.tmp/target/debug/deps/libtracing-0f09a033a0ba4fd3.rmeta`
error: unused imports: `evict`, `rebalance`, and `vtree`
  --> packages/mudlark/src/graph_budget.rs:14:13
   |
14 | use crate::{evict, rebalance, vtree};
   |             ^^^^^  ^^^^^^^^^  ^^^^^
   |
   = note: `-D unused-imports` implied by `-D unused`
   = help: to override `-D unused` add `#[allow(unused_imports)]`

error: unused variable: `stop_at`
   --> packages/mudlark/src/graph_budget.rs:159:36
    |
159 |     fn evict_candidates(&mut self, stop_at: Option<usize>) -> u32 {
    |                                    ^^^^^^^ help: if this is intentional, prefix it with an underscore: `_stop_at`
    |
    = note: `-D unused-variables` implied by `-D unused`
    = help: to override `-D unused` add `#[allow(unused_variables)]`

error: function `evict_tip` is never used
  --> packages/mudlark/src/evict.rs:36:8
   |
36 | pub fn evict_tip<C: Coordinate, V: Accumulator + Inspectable, const N: u32>(graph: &mut GvGraph<C, V, N>, v_id: VNodeId) {
   |        ^^^^^^^^^
   |
   = note: `-D dead-code` implied by `-D unused`
   = help: to override `-D unused` add `#[expect(dead_code)]` or `#[allow(dead_code)]`

error: function `plateau_after_evict` is never used
   --> packages/mudlark/src/evict.rs:321:4
    |
321 | fn plateau_after_evict<C: Coordinate, V: Accumulator + Inspectable, const N: u32>(
    |    ^^^^^^^^^^^^^^^^^^^

error: function `scan_for_candidates` is never used
   --> packages/mudlark/src/evict.rs:553:8
    |
553 | pub fn scan_for_candidates<C: Coordinate, V: Accumulator, const N: u32>(graph: &GvGraph<C, V, N>) -> Vec<VNodeId> {
    |        ^^^^^^^^^^^^^^^^^^^

error: function `scan_dfs` is never used
   --> packages/mudlark/src/evict.rs:564:4
    |
564 | fn scan_dfs<C: Coordinate, V: Accumulator, const N: u32>(
    |    ^^^^^^^^

error: fields `source_6_leaf_removal_ancestors`, `source_7_collapse_children`, `source_8_three_to_two_siblings`, and `source_9_collapse_cousins` are never read
  --> packages/mudlark/src/rebalance.rs:76:9
   |
70 | pub struct ViolationSources {
   |            ---------------- fields in this struct
...
76 |     pub source_6_leaf_removal_ancestors: bool,
   |         ^^^^^^^^^^^^^^^^^^^^^^^^^^^^^^^
77 |     /// Source 7: Collapse — promoted node's children (§IDEA M-11.11.3).
78 |     pub source_7_collapse_children: bool,
   |         ^^^^^^^^^^^^^^^^^^^^^^^^^^
79 |     /// Source 8: 3→2 transition — remaining siblings' children (§IDEA M-11.11.3).
80 |     pub source_8_three_to_two_siblings: bool,
   |         ^^^^^^^^^^^^^^^^^^^^^^^^^^^^^^
81 |     /// Source 9: Collapse — cousins' children (§IDEA M-11.11.3).
82 |     pub source_9_collapse_cousins: bool,
   |         ^^^^^^^^^^^^^^^^^^^^^^^^^
   |
   = note: `ViolationSources` has derived impls for the traits `Clone` and `Debug`, but these are intentionally ignored during dead code analysis

error: function `push_leaf_removal_violations` is never used
   --> packages/mudlark/src/rebalance.rs:805:8
    |
805 | pub fn push_leaf_removal_violations<V: Accumulator>(vnodes: &Arena<VNode<V>>, start: VNodeId, violations: &mut Vec<VNodeId>) {
    |        ^^^^^^^^^^^^^^^^^^^^^^^^^^^^

error: function `push_leaf_removal_violations_with_config` is never used
   --> packages/mudlark/src/rebalance.rs:813:8
    |
813 | pub fn push_leaf_removal_violations_with_config<V: Accumulator>(
    |        ^^^^^^^^^^^^^^^^^^^^^^^^^^^^^^^^^^^^^^^^

error: function `push_collapse_violations` is never used
   --> packages/mudlark/src/rebalance.rs:864:8
    |
864 | pub fn push_collapse_violations<V: Accumulator>(vnodes: &Arena<VNode<V>>, sole: VNodeId, violations: &mut Vec<VNodeId>) {
    |        ^^^^^^^^^^^^^^^^^^^^^^^^

error: function `push_collapse_violations_with_config` is never used
   --> packages/mudlark/src/rebalance.rs:872:8
    |
872 | pub fn push_collapse_violations_with_config<V: Accumulator>(
    |        ^^^^^^^^^^^^^^^^^^^^^^^^^^^^^^^^^^^^

error: function `push_remaining_sibling_violations` is never used
   --> packages/mudlark/src/rebalance.rs:899:8
    |
899 | pub fn push_remaining_sibling_violations<V: Accumulator>(
    |        ^^^^^^^^^^^^^^^^^^^^^^^^^^^^^^^^^

error: function `push_remaining_sibling_violations_with_config` is never used
   --> packages/mudlark/src/rebalance.rs:912:8
    |
912 | pub fn push_remaining_sibling_violations_with_config<V: Accumulator>(
    |        ^^^^^^^^^^^^^^^^^^^^^^^^^^^^^^^^^^^^^^^^^^^^^

error: function `push_cousin_violations` is never used
   --> packages/mudlark/src/rebalance.rs:966:8
    |
966 | pub fn push_cousin_violations<V: Accumulator>(
    |        ^^^^^^^^^^^^^^^^^^^^^^

error: function `push_cousin_violations_with_config` is never used
   --> packages/mudlark/src/rebalance.rs:979:8
    |
979 | pub fn push_cousin_violations_with_config<V: Accumulator>(
    |        ^^^^^^^^^^^^^^^^^^^^^^^^^^^^^^^^^^

error: function `push_children_violations` is never used
    --> packages/mudlark/src/rebalance.rs:1012:4
     |
1012 | fn push_children_violations<V: Accumulator>(
     |    ^^^^^^^^^^^^^^^^^^^^^^^^

error: method `remove_child` is never used
   --> packages/mudlark/src/vnode.rs:215:12
    |
110 | impl<V: Copy + Default + PartialOrd> PackedChildren<V> {
    | ------------------------------------------------------ method in this implementation
...
215 |     pub fn remove_child(&mut self, id: VNodeId) -> (VNodeId, V) {
    |            ^^^^^^^^^^^^

error: function `vtree_remove_leaf` is never used
  --> packages/mudlark/src/vtree.rs:26:8
   |
26 | pub fn vtree_remove_leaf<C: Coordinate, V: Accumulator>(
   |        ^^^^^^^^^^^^^^^^^

error: function `remove_child_from_structural` is never used
   --> packages/mudlark/src/vtree.rs:284:4
    |
284 | fn remove_child_from_structural<V: Accumulator>(vnodes: &mut Arena<VNode<V>>, parent: VNodeId, child: VNodeId) {
    |    ^^^^^^^^^^^^^^^^^^^^^^^^^^^^

error: function `sole_sibling` is never used
   --> packages/mudlark/src/vtree.rs:292:4
    |
292 | fn sole_sibling<V: Accumulator>(vnodes: &Arena<VNode<V>>, parent: VNodeId, child: VNodeId) -> VNodeId {
    |    ^^^^^^^^^^^^

error: function `propagate_v_sums_from` is never used
   --> packages/mudlark/src/vtree.rs:320:4
    |
320 | fn propagate_v_sums_from<V: Accumulator>(vnodes: &mut Arena<VNode<V>>, start: VNodeId) {
    |    ^^^^^^^^^^^^^^^^^^^^^

error: could not compile `torrust-mudlark` (lib) due to 21 previous errors

Caused by:
  process didn't exit successfully: `/home/josecelano/.rustup/toolchains/nightly-x86_64-unknown-linux-gnu/bin/rustc --crate-name torrust_mudlark --edition=2021 packages/mudlark/src/lib.rs --error-format=json --json=diagnostic-rendered-ansi,artifacts,future-incompat --crate-type lib --emit=dep-info,metadata,link -C opt-level=3 -C embed-bitcode=no -C debuginfo=2 --deny=unused --deny=warnings '--deny=clippy::suspicious' '--deny=clippy::style' --warn=rust-2024-compatibility --deny=rust-2021-compatibility --deny=rust-2018-idioms --deny=rust-2018-compatibility '--deny=clippy::perf' '--deny=clippy::pedantic' '--warn=clippy::nursery' --deny=nonstandard-style --deny=let-underscore --deny=future-incompatible --deny=deprecated-safe '--deny=clippy::correctness' '--deny=clippy::complexity' '--deny=clippy::all' --warn=unsafe-code '--allow=clippy::needless_return' -C debug-assertions=on --cfg 'feature="default"' --cfg 'feature="dynamic-contour-tracking"' --cfg 'feature="rand"' --cfg 'feature="serde"' --check-cfg 'cfg(docsrs,test)' --check-cfg 'cfg(feature, values("default", "dynamic-contour-tracking", "rand", "serde"))' -C metadata=5a9e0a69f43d7fca -C extra-filename=-2366ab04bb498037 --out-dir /tmp/cargo-mutants-torrust-index-4akUoH.tmp/target/debug/deps -C incremental=/tmp/cargo-mutants-torrust-index-4akUoH.tmp/target/debug/incremental -L dependency=/tmp/cargo-mutants-torrust-index-4akUoH.tmp/target/debug/deps --extern rand_core=/tmp/cargo-mutants-torrust-index-4akUoH.tmp/target/debug/deps/librand_core-b015e9dd1bce5577.rmeta --extern serde=/tmp/cargo-mutants-torrust-index-4akUoH.tmp/target/debug/deps/libserde-1c6754470d6c8879.rmeta --extern tracing=/tmp/cargo-mutants-torrust-index-4akUoH.tmp/target/debug/deps/libtracing-0f09a033a0ba4fd3.rmeta` (exit status: 1)
warning: build failed, waiting for other jobs to finish...
error: could not compile `torrust-mudlark` (lib test) due to 2 previous errors

Caused by:
  process didn't exit successfully: `/home/josecelano/.rustup/toolchains/nightly-x86_64-unknown-linux-gnu/bin/rustc --crate-name torrust_mudlark --edition=2021 packages/mudlark/src/lib.rs --error-format=json --json=diagnostic-rendered-ansi,artifacts,future-incompat --emit=dep-info,link -C opt-level=3 -C embed-bitcode=no -C debuginfo=2 --deny=unused --deny=warnings '--deny=clippy::suspicious' '--deny=clippy::style' --warn=rust-2024-compatibility --deny=rust-2021-compatibility --deny=rust-2018-idioms --deny=rust-2018-compatibility '--deny=clippy::perf' '--deny=clippy::pedantic' '--warn=clippy::nursery' --deny=nonstandard-style --deny=let-underscore --deny=future-incompatible --deny=deprecated-safe '--deny=clippy::correctness' '--deny=clippy::complexity' '--deny=clippy::all' --warn=unsafe-code '--allow=clippy::needless_return' -C debug-assertions=on --test --cfg 'feature="default"' --cfg 'feature="dynamic-contour-tracking"' --cfg 'feature="rand"' --cfg 'feature="serde"' --check-cfg 'cfg(docsrs,test)' --check-cfg 'cfg(feature, values("default", "dynamic-contour-tracking", "rand", "serde"))' -C metadata=898ed3f7bb09811b -C extra-filename=-d93ef5a1599fb788 --out-dir /tmp/cargo-mutants-torrust-index-4akUoH.tmp/target/debug/deps -C incremental=/tmp/cargo-mutants-torrust-index-4akUoH.tmp/target/debug/incremental -L dependency=/tmp/cargo-mutants-torrust-index-4akUoH.tmp/target/debug/deps --extern criterion=/tmp/cargo-mutants-torrust-index-4akUoH.tmp/target/debug/deps/libcriterion-b84a63839cb37f2c.rlib --extern rand_core=/tmp/cargo-mutants-torrust-index-4akUoH.tmp/target/debug/deps/librand_core-b015e9dd1bce5577.rlib --extern serde=/tmp/cargo-mutants-torrust-index-4akUoH.tmp/target/debug/deps/libserde-1c6754470d6c8879.rlib --extern serde_json=/tmp/cargo-mutants-torrust-index-4akUoH.tmp/target/debug/deps/libserde_json-363d59a4b98be2da.rlib --extern tracing=/tmp/cargo-mutants-torrust-index-4akUoH.tmp/target/debug/deps/libtracing-0f09a033a0ba4fd3.rlib --extern tracing_subscriber=/tmp/cargo-mutants-torrust-index-4akUoH.tmp/target/debug/deps/libtracing_subscriber-fba044b037c0df52.rlib -L native=/tmp/cargo-mutants-torrust-index-4akUoH.tmp/target/debug/build/alloca-85d769ec4bee2a20/out` (exit status: 1)

*** result: Failure(101)
