
*** packages/mudlark/src/invariants.rs:651:5: replace check_parent_link_consistency with ()

*** mutation diff:
--- packages/mudlark/src/invariants.rs
+++ replace check_parent_link_consistency with ()
@@ -643,83 +643,17 @@
 
 // ── Parent link consistency ─────────────────────────────────────────
 
 fn check_parent_link_consistency<C: Coordinate, V: Accumulator + Inspectable, const N: u32>(
     graph: &GvGraph<C, V, N>,
     errors: &mut Vec<String>,
 ) {
     // G-Tree parent links.
-    for (idx, g) in graph.gnodes().iter_occupied() {
-        let g_id = GNodeId::from_index(idx);
-        if let Some(left) = g.left {
-            if graph.gnodes().is_occupied(left.index()) {
-                let child_parent = graph.gnodes().get(left.index()).parent;
-                if child_parent != Some(g_id) {
-                    errors.push(format!(
-                        "G-parent link: G-node {idx}'s left child {}'s parent is {:?}, expected {g_id:?}",
-                        left.index(),
-                        child_parent
-                    ));
-                }
-            }
-        }
-        if let Some(right) = g.right {
-            if graph.gnodes().is_occupied(right.index()) {
-                let child_parent = graph.gnodes().get(right.index()).parent;
-                if child_parent != Some(g_id) {
-                    errors.push(format!(
-                        "G-parent link: G-node {idx}'s right child {}'s parent is {:?}, expected {g_id:?}",
-                        right.index(),
-                        child_parent
-                    ));
-                }
-            }
-        }
-    }
-
-    // V-Tree parent links.
-    for (idx, v) in graph.vnodes().iter_occupied() {
-        let v_id = VNodeId::from_index(idx);
-        if let VKind::Structural { children, .. } = &v.kind {
-            for i in 0..children.len() {
-                let (child_id, _) = children.get(i);
-                if graph.vnodes().is_occupied(child_id.index()) {
-                    let child_parent = graph.vnodes().get(child_id.index()).parent;
-                    if child_parent != Some(v_id) {
-                        errors.push(format!(
-                            "V-parent link: V-node {idx}'s child {}'s parent is {:?}, expected {v_id:?}",
-                            child_id.index(),
-                            child_parent
-                        ));
-                    }
-                }
-            }
-        }
-
-        // If this node has a parent, verify the parent lists it as a child.
-        if let Some(p_id) = v.parent {
-            if graph.vnodes().is_occupied(p_id.index()) {
-                let parent = graph.vnodes().get(p_id.index());
-                if let VKind::Structural { children, .. } = &parent.kind {
-                    if children.find_index(v_id).is_none() {
-                        errors.push(format!(
-                            "V-parent link: V-node {idx} has parent {}, but parent does not list it as a child",
-                            p_id.index()
-                        ));
-                    }
-                } else {
-                    errors.push(format!(
-                        "V-parent link: V-node {idx} has parent {}, but parent is not structural",
-                        p_id.index()
-                    ));
-                }
-            }
-        }
-    }
+    () /* ~ changed by cargo-mutants ~ */
 }
 
 // ── V-root consistency ──────────────────────────────────────────────
 
 fn check_v_root_consistency<C: Coordinate, V: Accumulator + Inspectable, const N: u32>(
     graph: &GvGraph<C, V, N>,
     errors: &mut Vec<String>,
 ) {


*** /home/josecelano/.rustup/toolchains/nightly-x86_64-unknown-linux-gnu/bin/cargo test --no-run --verbose --package=torrust-mudlark@1.0.0
    Blocking waiting for file lock on package cache
    Blocking waiting for file lock on package cache
    Blocking waiting for file lock on package cache
       Fresh unicode-ident v1.0.24
       Fresh proc-macro2 v1.0.106
       Fresh quote v1.0.44
       Fresh syn v2.0.116
       Fresh serde_core v1.0.228
       Fresh cfg-if v1.0.4
       Fresh crossbeam-utils v0.8.21
       Fresh zerocopy-derive v0.8.39
       Fresh serde_derive v1.0.228
       Fresh once_cell v1.21.3
       Fresh find-msvc-tools v0.1.9
       Fresh autocfg v1.5.0
       Fresh regex-syntax v0.8.9
       Fresh shlex v1.3.0
       Fresh cc v1.2.56
       Fresh regex-automata v0.4.14
       Fresh tracing-core v0.1.36
       Fresh serde v1.0.228
       Fresh zerocopy v0.8.39
       Fresh crossbeam-epoch v0.9.18
       Fresh either v1.15.0
       Fresh crossbeam-deque v0.8.6
       Fresh half v2.7.1
       Fresh zmij v1.0.21
       Fresh tracing-attributes v0.1.31
       Fresh ciborium-io v0.2.2
       Fresh plotters-backend v0.3.7
       Fresh anstyle v1.0.13
       Fresh pin-project-lite v0.2.16
       Fresh itoa v1.0.17
       Fresh memchr v2.8.0
       Fresh clap_lex v1.0.0
       Fresh clap_builder v4.5.59
       Fresh serde_json v1.0.149
       Fresh tracing v0.1.44
       Fresh plotters-svg v0.3.7
       Fresh ciborium-ll v0.2.2
       Fresh num-traits v0.2.19
       Fresh rayon-core v1.13.0
       Fresh libc v0.2.182
       Fresh itertools v0.13.0
       Fresh log v0.4.29
       Fresh lazy_static v1.5.0
       Fresh cast v0.3.0
       Fresh same-file v1.0.6
       Fresh walkdir v2.5.0
       Fresh criterion-plot v0.8.2
       Fresh sharded-slab v0.1.7
       Fresh tracing-log v0.2.0
       Fresh page_size v0.6.0
       Fresh rayon v1.11.0
       Fresh plotters v0.3.7
       Fresh alloca v0.4.0
       Fresh ciborium v0.2.2
       Fresh tinytemplate v1.2.1
       Fresh clap v4.5.59
       Fresh regex v1.12.3
       Fresh matchers v0.2.0
       Fresh thread_local v1.1.9
       Fresh nu-ansi-term v0.50.3
       Fresh anes v0.1.6
       Fresh smallvec v1.15.1
       Fresh oorandom v11.1.5
       Fresh rand_core v0.10.0
       Fresh criterion v0.8.2
       Fresh tracing-subscriber v0.3.22
       Dirty torrust-mudlark v1.0.0 (/tmp/cargo-mutants-torrust-index-Xjf6Dz.tmp/packages/mudlark): the file `packages/mudlark/src/invariants.rs` has changed (1773697512.895263601s, 15s after last build at 1773697497.800248291s)
   Compiling torrust-mudlark v1.0.0 (/tmp/cargo-mutants-torrust-index-Xjf6Dz.tmp/packages/mudlark)
     Running `/home/josecelano/.rustup/toolchains/nightly-x86_64-unknown-linux-gnu/bin/rustc --crate-name torrust_mudlark --edition=2021 packages/mudlark/src/lib.rs --error-format=json --json=diagnostic-rendered-ansi,artifacts,future-incompat --emit=dep-info,link -C opt-level=3 -C embed-bitcode=no -C debuginfo=2 --deny=unused --deny=warnings '--deny=clippy::suspicious' '--deny=clippy::style' --warn=rust-2024-compatibility --deny=rust-2021-compatibility --deny=rust-2018-idioms --deny=rust-2018-compatibility '--deny=clippy::perf' '--deny=clippy::pedantic' '--warn=clippy::nursery' --deny=nonstandard-style --deny=let-underscore --deny=future-incompatible --deny=deprecated-safe '--deny=clippy::correctness' '--deny=clippy::complexity' '--deny=clippy::all' --warn=unsafe-code '--allow=clippy::needless_return' -C debug-assertions=on --test --cfg 'feature="default"' --cfg 'feature="dynamic-contour-tracking"' --cfg 'feature="rand"' --cfg 'feature="serde"' --check-cfg 'cfg(docsrs,test)' --check-cfg 'cfg(feature, values("default", "dynamic-contour-tracking", "rand", "serde"))' -C metadata=898ed3f7bb09811b -C extra-filename=-d93ef5a1599fb788 --out-dir /tmp/cargo-mutants-torrust-index-Xjf6Dz.tmp/target/debug/deps -C incremental=/tmp/cargo-mutants-torrust-index-Xjf6Dz.tmp/target/debug/incremental -L dependency=/tmp/cargo-mutants-torrust-index-Xjf6Dz.tmp/target/debug/deps --extern criterion=/tmp/cargo-mutants-torrust-index-Xjf6Dz.tmp/target/debug/deps/libcriterion-b84a63839cb37f2c.rlib --extern rand_core=/tmp/cargo-mutants-torrust-index-Xjf6Dz.tmp/target/debug/deps/librand_core-b015e9dd1bce5577.rlib --extern serde=/tmp/cargo-mutants-torrust-index-Xjf6Dz.tmp/target/debug/deps/libserde-1c6754470d6c8879.rlib --extern serde_json=/tmp/cargo-mutants-torrust-index-Xjf6Dz.tmp/target/debug/deps/libserde_json-363d59a4b98be2da.rlib --extern tracing=/tmp/cargo-mutants-torrust-index-Xjf6Dz.tmp/target/debug/deps/libtracing-0f09a033a0ba4fd3.rlib --extern tracing_subscriber=/tmp/cargo-mutants-torrust-index-Xjf6Dz.tmp/target/debug/deps/libtracing_subscriber-fba044b037c0df52.rlib -L native=/tmp/cargo-mutants-torrust-index-Xjf6Dz.tmp/target/debug/build/alloca-85d769ec4bee2a20/out`
     Running `/home/josecelano/.rustup/toolchains/nightly-x86_64-unknown-linux-gnu/bin/rustc --crate-name torrust_mudlark --edition=2021 packages/mudlark/src/lib.rs --error-format=json --json=diagnostic-rendered-ansi,artifacts,future-incompat --crate-type lib --emit=dep-info,metadata,link -C opt-level=3 -C embed-bitcode=no -C debuginfo=2 --deny=unused --deny=warnings '--deny=clippy::suspicious' '--deny=clippy::style' --warn=rust-2024-compatibility --deny=rust-2021-compatibility --deny=rust-2018-idioms --deny=rust-2018-compatibility '--deny=clippy::perf' '--deny=clippy::pedantic' '--warn=clippy::nursery' --deny=nonstandard-style --deny=let-underscore --deny=future-incompatible --deny=deprecated-safe '--deny=clippy::correctness' '--deny=clippy::complexity' '--deny=clippy::all' --warn=unsafe-code '--allow=clippy::needless_return' -C debug-assertions=on --cfg 'feature="default"' --cfg 'feature="dynamic-contour-tracking"' --cfg 'feature="rand"' --cfg 'feature="serde"' --check-cfg 'cfg(docsrs,test)' --check-cfg 'cfg(feature, values("default", "dynamic-contour-tracking", "rand", "serde"))' -C metadata=5a9e0a69f43d7fca -C extra-filename=-2366ab04bb498037 --out-dir /tmp/cargo-mutants-torrust-index-Xjf6Dz.tmp/target/debug/deps -C incremental=/tmp/cargo-mutants-torrust-index-Xjf6Dz.tmp/target/debug/incremental -L dependency=/tmp/cargo-mutants-torrust-index-Xjf6Dz.tmp/target/debug/deps --extern rand_core=/tmp/cargo-mutants-torrust-index-Xjf6Dz.tmp/target/debug/deps/librand_core-b015e9dd1bce5577.rmeta --extern serde=/tmp/cargo-mutants-torrust-index-Xjf6Dz.tmp/target/debug/deps/libserde-1c6754470d6c8879.rmeta --extern tracing=/tmp/cargo-mutants-torrust-index-Xjf6Dz.tmp/target/debug/deps/libtracing-0f09a033a0ba4fd3.rmeta`
error: unused variable: `graph`
   --> packages/mudlark/src/invariants.rs:647:5
    |
647 |     graph: &GvGraph<C, V, N>,
    |     ^^^^^ help: if this is intentional, prefix it with an underscore: `_graph`
    |
    = note: `-D unused-variables` implied by `-D unused`
    = help: to override `-D unused` add `#[allow(unused_variables)]`

error: unused variable: `errors`
   --> packages/mudlark/src/invariants.rs:648:5
    |
648 |     errors: &mut Vec<String>,
    |     ^^^^^^ help: if this is intentional, prefix it with an underscore: `_errors`

error: could not compile `torrust-mudlark` (lib) due to 2 previous errors

Caused by:
  process didn't exit successfully: `/home/josecelano/.rustup/toolchains/nightly-x86_64-unknown-linux-gnu/bin/rustc --crate-name torrust_mudlark --edition=2021 packages/mudlark/src/lib.rs --error-format=json --json=diagnostic-rendered-ansi,artifacts,future-incompat --crate-type lib --emit=dep-info,metadata,link -C opt-level=3 -C embed-bitcode=no -C debuginfo=2 --deny=unused --deny=warnings '--deny=clippy::suspicious' '--deny=clippy::style' --warn=rust-2024-compatibility --deny=rust-2021-compatibility --deny=rust-2018-idioms --deny=rust-2018-compatibility '--deny=clippy::perf' '--deny=clippy::pedantic' '--warn=clippy::nursery' --deny=nonstandard-style --deny=let-underscore --deny=future-incompatible --deny=deprecated-safe '--deny=clippy::correctness' '--deny=clippy::complexity' '--deny=clippy::all' --warn=unsafe-code '--allow=clippy::needless_return' -C debug-assertions=on --cfg 'feature="default"' --cfg 'feature="dynamic-contour-tracking"' --cfg 'feature="rand"' --cfg 'feature="serde"' --check-cfg 'cfg(docsrs,test)' --check-cfg 'cfg(feature, values("default", "dynamic-contour-tracking", "rand", "serde"))' -C metadata=5a9e0a69f43d7fca -C extra-filename=-2366ab04bb498037 --out-dir /tmp/cargo-mutants-torrust-index-Xjf6Dz.tmp/target/debug/deps -C incremental=/tmp/cargo-mutants-torrust-index-Xjf6Dz.tmp/target/debug/incremental -L dependency=/tmp/cargo-mutants-torrust-index-Xjf6Dz.tmp/target/debug/deps --extern rand_core=/tmp/cargo-mutants-torrust-index-Xjf6Dz.tmp/target/debug/deps/librand_core-b015e9dd1bce5577.rmeta --extern serde=/tmp/cargo-mutants-torrust-index-Xjf6Dz.tmp/target/debug/deps/libserde-1c6754470d6c8879.rmeta --extern tracing=/tmp/cargo-mutants-torrust-index-Xjf6Dz.tmp/target/debug/deps/libtracing-0f09a033a0ba4fd3.rmeta` (exit status: 1)
warning: build failed, waiting for other jobs to finish...
error: could not compile `torrust-mudlark` (lib test) due to 2 previous errors

Caused by:
  process didn't exit successfully: `/home/josecelano/.rustup/toolchains/nightly-x86_64-unknown-linux-gnu/bin/rustc --crate-name torrust_mudlark --edition=2021 packages/mudlark/src/lib.rs --error-format=json --json=diagnostic-rendered-ansi,artifacts,future-incompat --emit=dep-info,link -C opt-level=3 -C embed-bitcode=no -C debuginfo=2 --deny=unused --deny=warnings '--deny=clippy::suspicious' '--deny=clippy::style' --warn=rust-2024-compatibility --deny=rust-2021-compatibility --deny=rust-2018-idioms --deny=rust-2018-compatibility '--deny=clippy::perf' '--deny=clippy::pedantic' '--warn=clippy::nursery' --deny=nonstandard-style --deny=let-underscore --deny=future-incompatible --deny=deprecated-safe '--deny=clippy::correctness' '--deny=clippy::complexity' '--deny=clippy::all' --warn=unsafe-code '--allow=clippy::needless_return' -C debug-assertions=on --test --cfg 'feature="default"' --cfg 'feature="dynamic-contour-tracking"' --cfg 'feature="rand"' --cfg 'feature="serde"' --check-cfg 'cfg(docsrs,test)' --check-cfg 'cfg(feature, values("default", "dynamic-contour-tracking", "rand", "serde"))' -C metadata=898ed3f7bb09811b -C extra-filename=-d93ef5a1599fb788 --out-dir /tmp/cargo-mutants-torrust-index-Xjf6Dz.tmp/target/debug/deps -C incremental=/tmp/cargo-mutants-torrust-index-Xjf6Dz.tmp/target/debug/incremental -L dependency=/tmp/cargo-mutants-torrust-index-Xjf6Dz.tmp/target/debug/deps --extern criterion=/tmp/cargo-mutants-torrust-index-Xjf6Dz.tmp/target/debug/deps/libcriterion-b84a63839cb37f2c.rlib --extern rand_core=/tmp/cargo-mutants-torrust-index-Xjf6Dz.tmp/target/debug/deps/librand_core-b015e9dd1bce5577.rlib --extern serde=/tmp/cargo-mutants-torrust-index-Xjf6Dz.tmp/target/debug/deps/libserde-1c6754470d6c8879.rlib --extern serde_json=/tmp/cargo-mutants-torrust-index-Xjf6Dz.tmp/target/debug/deps/libserde_json-363d59a4b98be2da.rlib --extern tracing=/tmp/cargo-mutants-torrust-index-Xjf6Dz.tmp/target/debug/deps/libtracing-0f09a033a0ba4fd3.rlib --extern tracing_subscriber=/tmp/cargo-mutants-torrust-index-Xjf6Dz.tmp/target/debug/deps/libtracing_subscriber-fba044b037c0df52.rlib -L native=/tmp/cargo-mutants-torrust-index-Xjf6Dz.tmp/target/debug/build/alloca-85d769ec4bee2a20/out` (exit status: 1)

*** result: Failure(101)
