
*** packages/mudlark/src/graph_plateau.rs:694:9: replace GvGraph<C, V, N>::consolidate_basis_up with ()

*** mutation diff:
--- packages/mudlark/src/graph_plateau.rs
+++ replace GvGraph<C, V, N>::consolidate_basis_up with ()
@@ -686,122 +686,17 @@
     /// `uniform_contour_depth_of(parent)` before merging.  Two
     /// children can be in the same plateau (via `own_depth + 1`)
     /// *without* the parent's full subtree being uniform — e.g. when
     /// a child is Internal with deeper descendants that feed other
     /// plateaus.  The uniform check catches this.
     #[cfg(feature = "dynamic-contour-tracking")]
     #[allow(clippy::too_many_lines)]
     fn consolidate_basis_up(&mut self, mut gid: GNodeId) {
-        use crate::gnode::GState;
-
-        loop {
-            let Some(parent_id) = self.gnodes.get(gid.index()).parent else {
-                tracing::trace!(from = gid.index(), "consolidate_basis_up: stop — no parent");
-                break;
-            };
-            if self.gnodes.get(parent_id.index()).state() != GState::Internal {
-                tracing::trace!(
-                    from = gid.index(),
-                    parent = parent_id.index(),
-                    parent_state = ?self.gnodes.get(parent_id.index()).state(),
-                    "consolidate_basis_up: stop — parent not Internal",
-                );
-                break;
-            }
-            let (left, right) = {
-                let pg = self.gnodes.get(parent_id.index());
-                match (pg.left, pg.right) {
-                    (Some(l), Some(r)) => (l, r),
-                    _ => break,
-                }
-            };
-
-            // Semi-internals break uniformity — cannot consolidate.
-            if self.gnodes.get(left.index()).state() == GState::SemiInternal
-                || self.gnodes.get(right.index()).state() == GState::SemiInternal
-            {
-                tracing::trace!(
-                    from = gid.index(),
-                    parent = parent_id.index(),
-                    "consolidate_basis_up: stop — semi-internal child"
-                );
-                break;
-            }
-
-            // Both children must be basis elements in the same plateau.
-            let Some(left_key) = self.plateau_basis.plateau_key(left) else {
-                tracing::trace!(
-                    from = gid.index(),
-                    parent = parent_id.index(),
-                    left = left.index(),
-                    "consolidate_basis_up: stop — left not in basis"
-                );
-                break;
-            };
-            let Some(right_key) = self.plateau_basis.plateau_key(right) else {
-                tracing::trace!(
-                    from = gid.index(),
-                    parent = parent_id.index(),
-                    right = right.index(),
-                    "consolidate_basis_up: stop — right not in basis"
-                );
-                break;
-            };
-            if left_key != right_key {
-                tracing::trace!(
-                    from = gid.index(),
-                    parent = parent_id.index(),
-                    ?left_key,
-                    ?right_key,
-                    "consolidate_basis_up: stop — children in different plateaus"
-                );
-                break;
-            }
-
-            // Guard: parent's subtree must actually be uniform depth.
-            let Some(uniform_depth) = uniform_contour_depth_of(&self.gnodes, parent_id, N) else {
-                tracing::trace!(
-                    from = gid.index(),
-                    parent = parent_id.index(),
-                    "consolidate_basis_up: stop — parent subtree not uniform"
-                );
-                break;
-            };
-
-            // Extra sanity: the uniform depth must match the plateau.
-            let Some(p) = self.plateaus.get(&left_key) else { break };
-            if p.depth != uniform_depth {
-                tracing::trace!(
-                    from = gid.index(),
-                    parent = parent_id.index(),
-                    plateau_depth = p.depth,
-                    uniform_depth,
-                    "consolidate_basis_up: stop — depth mismatch"
-                );
-                break;
-            }
-
-            // Consolidate: replace both children with the parent.
-            tracing::debug!(
-                left = left.index(),
-                right = right.index(),
-                parent = parent_id.index(),
-                ?left_key,
-                uniform_depth,
-                "consolidate_basis_up: MERGING siblings into parent",
-            );
-            let key = left_key;
-            self.plateau_basis.remove(left);
-            self.plateau_basis.remove(right);
-            self.plateau_basis.insert(key, parent_id);
-            self.recompute_plateau(&key);
-
-            gid = parent_id;
-        }
+        () /* ~ changed by cargo-mutants ~ */
     }
 
     /// Rebuild `self.plateaus` and `self.plateau_basis` key-assignments
     /// from the existing basis elements, using the **standard merge**
     /// (adjacent same-depth only).
     ///
     /// The incremental `place_basis_element` path can produce
     /// non-contiguous plateaus when entries are inserted in a


*** /home/josecelano/.rustup/toolchains/nightly-x86_64-unknown-linux-gnu/bin/cargo test --no-run --verbose --package=torrust-mudlark@1.0.0
    Blocking waiting for file lock on package cache
    Blocking waiting for file lock on package cache
       Fresh unicode-ident v1.0.24
       Fresh cfg-if v1.0.4
       Fresh proc-macro2 v1.0.106
       Fresh autocfg v1.5.0
       Fresh once_cell v1.21.3
       Fresh find-msvc-tools v0.1.9
       Fresh shlex v1.3.0
       Fresh regex-syntax v0.8.9
       Fresh quote v1.0.44
       Fresh serde_core v1.0.228
       Fresh crossbeam-utils v0.8.21
       Fresh tracing-core v0.1.36
       Fresh regex-automata v0.4.14
       Fresh cc v1.2.56
       Fresh either v1.15.0
       Fresh ciborium-io v0.2.2
       Fresh pin-project-lite v0.2.16
       Fresh syn v2.0.116
       Fresh crossbeam-epoch v0.9.18
       Fresh zmij v1.0.21
       Fresh memchr v2.8.0
       Fresh plotters-backend v0.3.7
       Fresh anstyle v1.0.13
       Fresh itoa v1.0.17
       Fresh clap_lex v1.0.0
       Fresh itertools v0.13.0
       Fresh libc v0.2.182
       Fresh same-file v1.0.6
       Fresh serde_derive v1.0.228
       Fresh zerocopy-derive v0.8.39
       Fresh crossbeam-deque v0.8.6
       Fresh tracing-attributes v0.1.31
       Fresh serde_json v1.0.149
       Fresh clap_builder v4.5.59
       Fresh num-traits v0.2.19
       Fresh plotters-svg v0.3.7
       Fresh lazy_static v1.5.0
       Fresh log v0.4.29
       Fresh cast v0.3.0
       Fresh page_size v0.6.0
       Fresh walkdir v2.5.0
       Fresh serde v1.0.228
       Fresh zerocopy v0.8.39
       Fresh rayon-core v1.13.0
       Fresh tracing v0.1.44
       Fresh alloca v0.4.0
       Fresh clap v4.5.59
       Fresh tracing-log v0.2.0
       Fresh plotters v0.3.7
       Fresh sharded-slab v0.1.7
       Fresh criterion-plot v0.8.2
       Fresh regex v1.12.3
       Fresh matchers v0.2.0
       Fresh thread_local v1.1.9
       Fresh anes v0.1.6
       Fresh half v2.7.1
       Fresh tinytemplate v1.2.1
       Fresh rayon v1.11.0
       Fresh oorandom v11.1.5
       Fresh rand_core v0.10.0
       Fresh smallvec v1.15.1
       Fresh nu-ansi-term v0.50.3
       Fresh ciborium-ll v0.2.2
       Fresh tracing-subscriber v0.3.22
       Dirty torrust-mudlark v1.0.0 (/tmp/cargo-mutants-torrust-index-wj9SvP.tmp/packages/mudlark): couldn't read metadata for file `target/debug/deps/libtorrust_mudlark-2366ab04bb498037.rlib`
   Compiling torrust-mudlark v1.0.0 (/tmp/cargo-mutants-torrust-index-wj9SvP.tmp/packages/mudlark)
       Fresh ciborium v0.2.2
       Fresh criterion v0.8.2
     Running `/home/josecelano/.rustup/toolchains/nightly-x86_64-unknown-linux-gnu/bin/rustc --crate-name torrust_mudlark --edition=2021 packages/mudlark/src/lib.rs --error-format=json --json=diagnostic-rendered-ansi,artifacts,future-incompat --crate-type lib --emit=dep-info,metadata,link -C opt-level=3 -C embed-bitcode=no -C debuginfo=2 --deny=unused --deny=warnings '--deny=clippy::suspicious' '--deny=clippy::style' --warn=rust-2024-compatibility --deny=rust-2021-compatibility --deny=rust-2018-idioms --deny=rust-2018-compatibility '--deny=clippy::perf' '--deny=clippy::pedantic' '--warn=clippy::nursery' --deny=nonstandard-style --deny=let-underscore --deny=future-incompatible --deny=deprecated-safe '--deny=clippy::correctness' '--deny=clippy::complexity' '--deny=clippy::all' --warn=unsafe-code '--allow=clippy::needless_return' -C debug-assertions=on --cfg 'feature="default"' --cfg 'feature="dynamic-contour-tracking"' --cfg 'feature="rand"' --cfg 'feature="serde"' --check-cfg 'cfg(docsrs,test)' --check-cfg 'cfg(feature, values("default", "dynamic-contour-tracking", "rand", "serde"))' -C metadata=5a9e0a69f43d7fca -C extra-filename=-2366ab04bb498037 --out-dir /tmp/cargo-mutants-torrust-index-wj9SvP.tmp/target/debug/deps -C incremental=/tmp/cargo-mutants-torrust-index-wj9SvP.tmp/target/debug/incremental -L dependency=/tmp/cargo-mutants-torrust-index-wj9SvP.tmp/target/debug/deps --extern rand_core=/tmp/cargo-mutants-torrust-index-wj9SvP.tmp/target/debug/deps/librand_core-b015e9dd1bce5577.rmeta --extern serde=/tmp/cargo-mutants-torrust-index-wj9SvP.tmp/target/debug/deps/libserde-1c6754470d6c8879.rmeta --extern tracing=/tmp/cargo-mutants-torrust-index-wj9SvP.tmp/target/debug/deps/libtracing-0f09a033a0ba4fd3.rmeta`
     Running `/home/josecelano/.rustup/toolchains/nightly-x86_64-unknown-linux-gnu/bin/rustc --crate-name torrust_mudlark --edition=2021 packages/mudlark/src/lib.rs --error-format=json --json=diagnostic-rendered-ansi,artifacts,future-incompat --emit=dep-info,link -C opt-level=3 -C embed-bitcode=no -C debuginfo=2 --deny=unused --deny=warnings '--deny=clippy::suspicious' '--deny=clippy::style' --warn=rust-2024-compatibility --deny=rust-2021-compatibility --deny=rust-2018-idioms --deny=rust-2018-compatibility '--deny=clippy::perf' '--deny=clippy::pedantic' '--warn=clippy::nursery' --deny=nonstandard-style --deny=let-underscore --deny=future-incompatible --deny=deprecated-safe '--deny=clippy::correctness' '--deny=clippy::complexity' '--deny=clippy::all' --warn=unsafe-code '--allow=clippy::needless_return' -C debug-assertions=on --test --cfg 'feature="default"' --cfg 'feature="dynamic-contour-tracking"' --cfg 'feature="rand"' --cfg 'feature="serde"' --check-cfg 'cfg(docsrs,test)' --check-cfg 'cfg(feature, values("default", "dynamic-contour-tracking", "rand", "serde"))' -C metadata=898ed3f7bb09811b -C extra-filename=-d93ef5a1599fb788 --out-dir /tmp/cargo-mutants-torrust-index-wj9SvP.tmp/target/debug/deps -C incremental=/tmp/cargo-mutants-torrust-index-wj9SvP.tmp/target/debug/incremental -L dependency=/tmp/cargo-mutants-torrust-index-wj9SvP.tmp/target/debug/deps --extern criterion=/tmp/cargo-mutants-torrust-index-wj9SvP.tmp/target/debug/deps/libcriterion-b84a63839cb37f2c.rlib --extern rand_core=/tmp/cargo-mutants-torrust-index-wj9SvP.tmp/target/debug/deps/librand_core-b015e9dd1bce5577.rlib --extern serde=/tmp/cargo-mutants-torrust-index-wj9SvP.tmp/target/debug/deps/libserde-1c6754470d6c8879.rlib --extern serde_json=/tmp/cargo-mutants-torrust-index-wj9SvP.tmp/target/debug/deps/libserde_json-363d59a4b98be2da.rlib --extern tracing=/tmp/cargo-mutants-torrust-index-wj9SvP.tmp/target/debug/deps/libtracing-0f09a033a0ba4fd3.rlib --extern tracing_subscriber=/tmp/cargo-mutants-torrust-index-wj9SvP.tmp/target/debug/deps/libtracing_subscriber-fba044b037c0df52.rlib -L native=/tmp/cargo-mutants-torrust-index-wj9SvP.tmp/target/debug/build/alloca-85d769ec4bee2a20/out`
error: variable does not need to be mutable
   --> packages/mudlark/src/graph_plateau.rs:693:40
    |
693 |     fn consolidate_basis_up(&mut self, mut gid: GNodeId) {
    |                                        ----^^^
    |                                        |
    |                                        help: remove this `mut`
    |
    = note: `-D unused-mut` implied by `-D unused`
    = help: to override `-D unused` add `#[allow(unused_mut)]`

error: unused variable: `gid`
   --> packages/mudlark/src/graph_plateau.rs:693:40
    |
693 |     fn consolidate_basis_up(&mut self, mut gid: GNodeId) {
    |                                        ^^^^^^^ help: if this is intentional, prefix it with an underscore: `_gid`
    |
    = note: `-D unused-variables` implied by `-D unused`
    = help: to override `-D unused` add `#[allow(unused_variables)]`

error: could not compile `torrust-mudlark` (lib) due to 2 previous errors

Caused by:
  process didn't exit successfully: `/home/josecelano/.rustup/toolchains/nightly-x86_64-unknown-linux-gnu/bin/rustc --crate-name torrust_mudlark --edition=2021 packages/mudlark/src/lib.rs --error-format=json --json=diagnostic-rendered-ansi,artifacts,future-incompat --crate-type lib --emit=dep-info,metadata,link -C opt-level=3 -C embed-bitcode=no -C debuginfo=2 --deny=unused --deny=warnings '--deny=clippy::suspicious' '--deny=clippy::style' --warn=rust-2024-compatibility --deny=rust-2021-compatibility --deny=rust-2018-idioms --deny=rust-2018-compatibility '--deny=clippy::perf' '--deny=clippy::pedantic' '--warn=clippy::nursery' --deny=nonstandard-style --deny=let-underscore --deny=future-incompatible --deny=deprecated-safe '--deny=clippy::correctness' '--deny=clippy::complexity' '--deny=clippy::all' --warn=unsafe-code '--allow=clippy::needless_return' -C debug-assertions=on --cfg 'feature="default"' --cfg 'feature="dynamic-contour-tracking"' --cfg 'feature="rand"' --cfg 'feature="serde"' --check-cfg 'cfg(docsrs,test)' --check-cfg 'cfg(feature, values("default", "dynamic-contour-tracking", "rand", "serde"))' -C metadata=5a9e0a69f43d7fca -C extra-filename=-2366ab04bb498037 --out-dir /tmp/cargo-mutants-torrust-index-wj9SvP.tmp/target/debug/deps -C incremental=/tmp/cargo-mutants-torrust-index-wj9SvP.tmp/target/debug/incremental -L dependency=/tmp/cargo-mutants-torrust-index-wj9SvP.tmp/target/debug/deps --extern rand_core=/tmp/cargo-mutants-torrust-index-wj9SvP.tmp/target/debug/deps/librand_core-b015e9dd1bce5577.rmeta --extern serde=/tmp/cargo-mutants-torrust-index-wj9SvP.tmp/target/debug/deps/libserde-1c6754470d6c8879.rmeta --extern tracing=/tmp/cargo-mutants-torrust-index-wj9SvP.tmp/target/debug/deps/libtracing-0f09a033a0ba4fd3.rmeta` (exit status: 1)
warning: build failed, waiting for other jobs to finish...
error: could not compile `torrust-mudlark` (lib test) due to 2 previous errors

Caused by:
  process didn't exit successfully: `/home/josecelano/.rustup/toolchains/nightly-x86_64-unknown-linux-gnu/bin/rustc --crate-name torrust_mudlark --edition=2021 packages/mudlark/src/lib.rs --error-format=json --json=diagnostic-rendered-ansi,artifacts,future-incompat --emit=dep-info,link -C opt-level=3 -C embed-bitcode=no -C debuginfo=2 --deny=unused --deny=warnings '--deny=clippy::suspicious' '--deny=clippy::style' --warn=rust-2024-compatibility --deny=rust-2021-compatibility --deny=rust-2018-idioms --deny=rust-2018-compatibility '--deny=clippy::perf' '--deny=clippy::pedantic' '--warn=clippy::nursery' --deny=nonstandard-style --deny=let-underscore --deny=future-incompatible --deny=deprecated-safe '--deny=clippy::correctness' '--deny=clippy::complexity' '--deny=clippy::all' --warn=unsafe-code '--allow=clippy::needless_return' -C debug-assertions=on --test --cfg 'feature="default"' --cfg 'feature="dynamic-contour-tracking"' --cfg 'feature="rand"' --cfg 'feature="serde"' --check-cfg 'cfg(docsrs,test)' --check-cfg 'cfg(feature, values("default", "dynamic-contour-tracking", "rand", "serde"))' -C metadata=898ed3f7bb09811b -C extra-filename=-d93ef5a1599fb788 --out-dir /tmp/cargo-mutants-torrust-index-wj9SvP.tmp/target/debug/deps -C incremental=/tmp/cargo-mutants-torrust-index-wj9SvP.tmp/target/debug/incremental -L dependency=/tmp/cargo-mutants-torrust-index-wj9SvP.tmp/target/debug/deps --extern criterion=/tmp/cargo-mutants-torrust-index-wj9SvP.tmp/target/debug/deps/libcriterion-b84a63839cb37f2c.rlib --extern rand_core=/tmp/cargo-mutants-torrust-index-wj9SvP.tmp/target/debug/deps/librand_core-b015e9dd1bce5577.rlib --extern serde=/tmp/cargo-mutants-torrust-index-wj9SvP.tmp/target/debug/deps/libserde-1c6754470d6c8879.rlib --extern serde_json=/tmp/cargo-mutants-torrust-index-wj9SvP.tmp/target/debug/deps/libserde_json-363d59a4b98be2da.rlib --extern tracing=/tmp/cargo-mutants-torrust-index-wj9SvP.tmp/target/debug/deps/libtracing-0f09a033a0ba4fd3.rlib --extern tracing_subscriber=/tmp/cargo-mutants-torrust-index-wj9SvP.tmp/target/debug/deps/libtracing_subscriber-fba044b037c0df52.rlib -L native=/tmp/cargo-mutants-torrust-index-wj9SvP.tmp/target/debug/build/alloca-85d769ec4bee2a20/out` (exit status: 1)

*** result: Failure(101)
