
*** packages/mudlark/src/decay.rs:119:9: replace GvGraph<C, V, N>::decay_uniform with ()

*** mutation diff:
--- packages/mudlark/src/decay.rs
+++ replace GvGraph<C, V, N>::decay_uniform with ()
@@ -111,94 +111,17 @@
         }
     }
 
     // ── Uniform path (q = 0) ────────────────────────────────────
 
     /// Single-pass scale: λ(a + b) = λa + λb, so scaling both `own`
     /// and `sum` by the same factor preserves G-I1 within the subtree.
     fn decay_uniform(&mut self, root: GNodeId, att: f64, is_global: bool) {
-        let _span = tracing::debug_span!("decay_uniform", root = root.index(), att, is_global,).entered();
-
-        // 1. DFS walk: scale g.own and collect nodes in pre-order.
-        //    Do NOT scale g.sum directly — integer truncation means
-        //    floor(sum*λ) ≠ floor(own*λ) + floor(child.sum*λ).
-        let mut order = Vec::new();
-        let mut stack = vec![root];
-        while let Some(gid) = stack.pop() {
-            order.push(gid);
-
-            let g = self.gnodes.get_mut(gid.index());
-            g.own = g.own.attenuate(att);
-
-            // Sync V-entry intensity.
-            if let Some(v_id) = g.entry {
-                let own = g.own;
-                self.vnodes.get_mut(v_id.index()).intensity = own;
-            }
-
-            // Push children.
-            let g = self.gnodes.get(gid.index());
-            if let Some(left) = g.left {
-                stack.push(left);
-            }
-            if let Some(right) = g.right {
-                stack.push(right);
-            }
-        }
-
-        // 2. Recompute g.sum bottom-up within subtree.
-        gtree::recompute_g_sums_subtree(&mut self.gnodes, &order);
-
-        // 3. Fix G-sums above the subtree.
-        if !is_global {
-            if let Some(parent) = self.gnodes.get(root.index()).parent {
-                gtree::recompute_g_sums(&mut self.gnodes, parent);
-            }
-        }
-
-        // 3. Recompute all V-structural intensities bottom-up.
-        if let Some(v_root) = self.v_root {
-            vtree::recompute_all_v_intensities(&mut self.vnodes, v_root);
-        }
-
-        // 4. V-I3 handling.
-        //    Even for global uniform, integer truncation can cause
-        //    cumulative drift that breaks V-I3 after repeated decays.
-        //    Always detect and rebalance — find_violated_nodes is O(V)
-        //    and returns empty when no violations exist.
-        self.violations = rebalance::find_violated_nodes(&self.vnodes);
-        let new_gnodes = rebalance::rebalance(
-            &mut self.vnodes,
-            &mut self.gnodes,
-            &mut self.violations,
-            self.live_depth_evict,
-        );
-        if !new_gnodes.is_empty() {
-            self.handle_legacy_promotes(&new_gnodes);
-        }
-
-        // 5. Plateau sum recomputation (no-op without `plateau` feature).
-        self.plateau_recompute_sums("DECAY-UNIFORM");
-
-        // 6. Normalize plateaus after sum changes.
-        // ADR-M-031 Phase 4: mark dirty so normalize runs.
-        #[cfg(feature = "dynamic-contour-tracking")]
-        {
-            self.plateaus_dirty = true;
-        }
-        self.normalize_plateaus();
-
-        // 7. Re-run P-I4 repair after normalization.
-        self.repair_p_i4();
-
-        #[cfg(feature = "dynamic-contour-tracking")]
-        if cfg!(debug_assertions) || tracing::enabled!(tracing::Level::DEBUG) {
-            self.debug_assert_plateau_mirror_consistency("POST-DECAY-UNIFORM");
-        }
+        () /* ~ changed by cargo-mutants ~ */
     }
 
     // ── Selective path (q > 0) ──────────────────────────────────
 
     /// Per-depth factor table, bottom-up G-sum recompute, trailing
     /// rebalance.
     fn decay_selective(&mut self, root: GNodeId, att: f64, q: f64, is_global: bool) {
         let _span = tracing::debug_span!("decay_selective", root = root.index(), att, q, is_global,).entered();


*** /home/josecelano/.rustup/toolchains/nightly-x86_64-unknown-linux-gnu/bin/cargo test --no-run --verbose --package=torrust-mudlark@1.0.0
       Fresh unicode-ident v1.0.24
       Fresh proc-macro2 v1.0.106
       Fresh quote v1.0.44
       Fresh syn v2.0.116
       Fresh serde_core v1.0.228
       Fresh cfg-if v1.0.4
       Fresh crossbeam-utils v0.8.21
       Fresh serde_derive v1.0.228
       Fresh zerocopy-derive v0.8.39
       Fresh shlex v1.3.0
       Fresh autocfg v1.5.0
       Fresh find-msvc-tools v0.1.9
       Fresh regex-syntax v0.8.9
       Fresh once_cell v1.21.3
       Fresh tracing-core v0.1.36
       Fresh regex-automata v0.4.14
       Fresh cc v1.2.56
       Fresh zerocopy v0.8.39
       Fresh serde v1.0.228
       Fresh crossbeam-epoch v0.9.18
       Fresh either v1.15.0
       Fresh crossbeam-deque v0.8.6
       Fresh half v2.7.1
       Fresh zmij v1.0.21
       Fresh tracing-attributes v0.1.31
       Fresh pin-project-lite v0.2.16
       Fresh itoa v1.0.17
       Fresh clap_lex v1.0.0
       Fresh anstyle v1.0.13
       Fresh memchr v2.8.0
       Fresh ciborium-io v0.2.2
       Fresh plotters-backend v0.3.7
       Fresh plotters-svg v0.3.7
       Fresh ciborium-ll v0.2.2
       Fresh serde_json v1.0.149
       Fresh clap_builder v4.5.59
       Fresh tracing v0.1.44
       Fresh num-traits v0.2.19
       Fresh rayon-core v1.13.0
       Fresh libc v0.2.182
       Fresh itertools v0.13.0
       Fresh cast v0.3.0
       Fresh same-file v1.0.6
       Fresh lazy_static v1.5.0
       Fresh log v0.4.29
       Fresh tracing-log v0.2.0
       Fresh sharded-slab v0.1.7
       Fresh walkdir v2.5.0
       Fresh criterion-plot v0.8.2
       Fresh page_size v0.6.0
       Fresh rayon v1.11.0
       Fresh plotters v0.3.7
       Fresh alloca v0.4.0
       Fresh clap v4.5.59
       Fresh tinytemplate v1.2.1
       Fresh ciborium v0.2.2
       Fresh regex v1.12.3
       Fresh matchers v0.2.0
       Fresh thread_local v1.1.9
       Fresh rand_core v0.10.0
       Fresh anes v0.1.6
       Fresh smallvec v1.15.1
       Fresh oorandom v11.1.5
       Fresh nu-ansi-term v0.50.3
       Fresh tracing-subscriber v0.3.22
       Fresh criterion v0.8.2
       Dirty torrust-mudlark v1.0.0 (/tmp/cargo-mutants-torrust-index-4akUoH.tmp/packages/mudlark): the file `packages/mudlark/src/decay.rs` has changed (1773695449.668272591s, 24s after last build at 1773695425.175406409s)
   Compiling torrust-mudlark v1.0.0 (/tmp/cargo-mutants-torrust-index-4akUoH.tmp/packages/mudlark)
     Running `/home/josecelano/.rustup/toolchains/nightly-x86_64-unknown-linux-gnu/bin/rustc --crate-name torrust_mudlark --edition=2021 packages/mudlark/src/lib.rs --error-format=json --json=diagnostic-rendered-ansi,artifacts,future-incompat --crate-type lib --emit=dep-info,metadata,link -C opt-level=3 -C embed-bitcode=no -C debuginfo=2 --deny=unused --deny=warnings '--deny=clippy::suspicious' '--deny=clippy::style' --warn=rust-2024-compatibility --deny=rust-2021-compatibility --deny=rust-2018-idioms --deny=rust-2018-compatibility '--deny=clippy::perf' '--deny=clippy::pedantic' '--warn=clippy::nursery' --deny=nonstandard-style --deny=let-underscore --deny=future-incompatible --deny=deprecated-safe '--deny=clippy::correctness' '--deny=clippy::complexity' '--deny=clippy::all' --warn=unsafe-code '--allow=clippy::needless_return' -C debug-assertions=on --cfg 'feature="default"' --cfg 'feature="dynamic-contour-tracking"' --cfg 'feature="rand"' --cfg 'feature="serde"' --check-cfg 'cfg(docsrs,test)' --check-cfg 'cfg(feature, values("default", "dynamic-contour-tracking", "rand", "serde"))' -C metadata=5a9e0a69f43d7fca -C extra-filename=-2366ab04bb498037 --out-dir /tmp/cargo-mutants-torrust-index-4akUoH.tmp/target/debug/deps -C incremental=/tmp/cargo-mutants-torrust-index-4akUoH.tmp/target/debug/incremental -L dependency=/tmp/cargo-mutants-torrust-index-4akUoH.tmp/target/debug/deps --extern rand_core=/tmp/cargo-mutants-torrust-index-4akUoH.tmp/target/debug/deps/librand_core-b015e9dd1bce5577.rmeta --extern serde=/tmp/cargo-mutants-torrust-index-4akUoH.tmp/target/debug/deps/libserde-1c6754470d6c8879.rmeta --extern tracing=/tmp/cargo-mutants-torrust-index-4akUoH.tmp/target/debug/deps/libtracing-0f09a033a0ba4fd3.rmeta`
     Running `/home/josecelano/.rustup/toolchains/nightly-x86_64-unknown-linux-gnu/bin/rustc --crate-name torrust_mudlark --edition=2021 packages/mudlark/src/lib.rs --error-format=json --json=diagnostic-rendered-ansi,artifacts,future-incompat --emit=dep-info,link -C opt-level=3 -C embed-bitcode=no -C debuginfo=2 --deny=unused --deny=warnings '--deny=clippy::suspicious' '--deny=clippy::style' --warn=rust-2024-compatibility --deny=rust-2021-compatibility --deny=rust-2018-idioms --deny=rust-2018-compatibility '--deny=clippy::perf' '--deny=clippy::pedantic' '--warn=clippy::nursery' --deny=nonstandard-style --deny=let-underscore --deny=future-incompatible --deny=deprecated-safe '--deny=clippy::correctness' '--deny=clippy::complexity' '--deny=clippy::all' --warn=unsafe-code '--allow=clippy::needless_return' -C debug-assertions=on --test --cfg 'feature="default"' --cfg 'feature="dynamic-contour-tracking"' --cfg 'feature="rand"' --cfg 'feature="serde"' --check-cfg 'cfg(docsrs,test)' --check-cfg 'cfg(feature, values("default", "dynamic-contour-tracking", "rand", "serde"))' -C metadata=898ed3f7bb09811b -C extra-filename=-d93ef5a1599fb788 --out-dir /tmp/cargo-mutants-torrust-index-4akUoH.tmp/target/debug/deps -C incremental=/tmp/cargo-mutants-torrust-index-4akUoH.tmp/target/debug/incremental -L dependency=/tmp/cargo-mutants-torrust-index-4akUoH.tmp/target/debug/deps --extern criterion=/tmp/cargo-mutants-torrust-index-4akUoH.tmp/target/debug/deps/libcriterion-b84a63839cb37f2c.rlib --extern rand_core=/tmp/cargo-mutants-torrust-index-4akUoH.tmp/target/debug/deps/librand_core-b015e9dd1bce5577.rlib --extern serde=/tmp/cargo-mutants-torrust-index-4akUoH.tmp/target/debug/deps/libserde-1c6754470d6c8879.rlib --extern serde_json=/tmp/cargo-mutants-torrust-index-4akUoH.tmp/target/debug/deps/libserde_json-363d59a4b98be2da.rlib --extern tracing=/tmp/cargo-mutants-torrust-index-4akUoH.tmp/target/debug/deps/libtracing-0f09a033a0ba4fd3.rlib --extern tracing_subscriber=/tmp/cargo-mutants-torrust-index-4akUoH.tmp/target/debug/deps/libtracing_subscriber-fba044b037c0df52.rlib -L native=/tmp/cargo-mutants-torrust-index-4akUoH.tmp/target/debug/build/alloca-85d769ec4bee2a20/out`
error: unused variable: `root`
   --> packages/mudlark/src/decay.rs:118:33
    |
118 |     fn decay_uniform(&mut self, root: GNodeId, att: f64, is_global: bool) {
    |                                 ^^^^ help: if this is intentional, prefix it with an underscore: `_root`
    |
    = note: `-D unused-variables` implied by `-D unused`
    = help: to override `-D unused` add `#[allow(unused_variables)]`

error: unused variable: `att`
   --> packages/mudlark/src/decay.rs:118:48
    |
118 |     fn decay_uniform(&mut self, root: GNodeId, att: f64, is_global: bool) {
    |                                                ^^^ help: if this is intentional, prefix it with an underscore: `_att`

error: unused variable: `is_global`
   --> packages/mudlark/src/decay.rs:118:58
    |
118 |     fn decay_uniform(&mut self, root: GNodeId, att: f64, is_global: bool) {
    |                                                          ^^^^^^^^^ help: if this is intentional, prefix it with an underscore: `_is_global`

error: could not compile `torrust-mudlark` (lib) due to 3 previous errors

Caused by:
  process didn't exit successfully: `/home/josecelano/.rustup/toolchains/nightly-x86_64-unknown-linux-gnu/bin/rustc --crate-name torrust_mudlark --edition=2021 packages/mudlark/src/lib.rs --error-format=json --json=diagnostic-rendered-ansi,artifacts,future-incompat --crate-type lib --emit=dep-info,metadata,link -C opt-level=3 -C embed-bitcode=no -C debuginfo=2 --deny=unused --deny=warnings '--deny=clippy::suspicious' '--deny=clippy::style' --warn=rust-2024-compatibility --deny=rust-2021-compatibility --deny=rust-2018-idioms --deny=rust-2018-compatibility '--deny=clippy::perf' '--deny=clippy::pedantic' '--warn=clippy::nursery' --deny=nonstandard-style --deny=let-underscore --deny=future-incompatible --deny=deprecated-safe '--deny=clippy::correctness' '--deny=clippy::complexity' '--deny=clippy::all' --warn=unsafe-code '--allow=clippy::needless_return' -C debug-assertions=on --cfg 'feature="default"' --cfg 'feature="dynamic-contour-tracking"' --cfg 'feature="rand"' --cfg 'feature="serde"' --check-cfg 'cfg(docsrs,test)' --check-cfg 'cfg(feature, values("default", "dynamic-contour-tracking", "rand", "serde"))' -C metadata=5a9e0a69f43d7fca -C extra-filename=-2366ab04bb498037 --out-dir /tmp/cargo-mutants-torrust-index-4akUoH.tmp/target/debug/deps -C incremental=/tmp/cargo-mutants-torrust-index-4akUoH.tmp/target/debug/incremental -L dependency=/tmp/cargo-mutants-torrust-index-4akUoH.tmp/target/debug/deps --extern rand_core=/tmp/cargo-mutants-torrust-index-4akUoH.tmp/target/debug/deps/librand_core-b015e9dd1bce5577.rmeta --extern serde=/tmp/cargo-mutants-torrust-index-4akUoH.tmp/target/debug/deps/libserde-1c6754470d6c8879.rmeta --extern tracing=/tmp/cargo-mutants-torrust-index-4akUoH.tmp/target/debug/deps/libtracing-0f09a033a0ba4fd3.rmeta` (exit status: 1)
warning: build failed, waiting for other jobs to finish...
error: could not compile `torrust-mudlark` (lib test) due to 3 previous errors

Caused by:
  process didn't exit successfully: `/home/josecelano/.rustup/toolchains/nightly-x86_64-unknown-linux-gnu/bin/rustc --crate-name torrust_mudlark --edition=2021 packages/mudlark/src/lib.rs --error-format=json --json=diagnostic-rendered-ansi,artifacts,future-incompat --emit=dep-info,link -C opt-level=3 -C embed-bitcode=no -C debuginfo=2 --deny=unused --deny=warnings '--deny=clippy::suspicious' '--deny=clippy::style' --warn=rust-2024-compatibility --deny=rust-2021-compatibility --deny=rust-2018-idioms --deny=rust-2018-compatibility '--deny=clippy::perf' '--deny=clippy::pedantic' '--warn=clippy::nursery' --deny=nonstandard-style --deny=let-underscore --deny=future-incompatible --deny=deprecated-safe '--deny=clippy::correctness' '--deny=clippy::complexity' '--deny=clippy::all' --warn=unsafe-code '--allow=clippy::needless_return' -C debug-assertions=on --test --cfg 'feature="default"' --cfg 'feature="dynamic-contour-tracking"' --cfg 'feature="rand"' --cfg 'feature="serde"' --check-cfg 'cfg(docsrs,test)' --check-cfg 'cfg(feature, values("default", "dynamic-contour-tracking", "rand", "serde"))' -C metadata=898ed3f7bb09811b -C extra-filename=-d93ef5a1599fb788 --out-dir /tmp/cargo-mutants-torrust-index-4akUoH.tmp/target/debug/deps -C incremental=/tmp/cargo-mutants-torrust-index-4akUoH.tmp/target/debug/incremental -L dependency=/tmp/cargo-mutants-torrust-index-4akUoH.tmp/target/debug/deps --extern criterion=/tmp/cargo-mutants-torrust-index-4akUoH.tmp/target/debug/deps/libcriterion-b84a63839cb37f2c.rlib --extern rand_core=/tmp/cargo-mutants-torrust-index-4akUoH.tmp/target/debug/deps/librand_core-b015e9dd1bce5577.rlib --extern serde=/tmp/cargo-mutants-torrust-index-4akUoH.tmp/target/debug/deps/libserde-1c6754470d6c8879.rlib --extern serde_json=/tmp/cargo-mutants-torrust-index-4akUoH.tmp/target/debug/deps/libserde_json-363d59a4b98be2da.rlib --extern tracing=/tmp/cargo-mutants-torrust-index-4akUoH.tmp/target/debug/deps/libtracing-0f09a033a0ba4fd3.rlib --extern tracing_subscriber=/tmp/cargo-mutants-torrust-index-4akUoH.tmp/target/debug/deps/libtracing_subscriber-fba044b037c0df52.rlib -L native=/tmp/cargo-mutants-torrust-index-4akUoH.tmp/target/debug/build/alloca-85d769ec4bee2a20/out` (exit status: 1)

*** result: Failure(101)
