
*** packages/mudlark/src/contour_range.rs:362:5: replace debug_assert_contour_range_invariants with ()

*** mutation diff:
--- packages/mudlark/src/contour_range.rs
+++ replace debug_assert_contour_range_invariants with ()
@@ -354,70 +354,10 @@
 /// Skipped in release builds.
 #[cfg(debug_assertions)]
 pub fn debug_assert_contour_range_invariants<C, V>(cr: &ContourRange<C, V>)
 where
     C: Coordinate,
     V: Accumulator + Proratable + Inspectable,
 {
     // ── CR-I8: Boundary thatch count ≤ 2 ────────────────────
-    let thatch_count = cr.basis.iter().filter(|b| b.is_boundary_thatch).count();
-    debug_assert!(
-        thatch_count <= 2,
-        "CR-I8: boundary thatch count = {} > 2 for [{:?}, {:?})",
-        thatch_count,
-        cr.start,
-        cr.end,
-    );
-
-    // ── CR-I3: Disjointness ─────────────────────────────────
-    // Basis elements sorted by start; pairwise non-overlapping.
-    let mut sorted: Vec<_> = cr.basis.iter().collect();
-    sorted.sort_by(|a, b| a.start.partial_cmp(&b.start).unwrap_or(std::cmp::Ordering::Equal));
-    for pair in sorted.windows(2) {
-        debug_assert!(
-            pair[0].end <= pair[1].start,
-            "CR-I3: overlapping basis elements [{:?}, {:?}) and [{:?}, {:?})",
-            pair[0].start,
-            pair[0].end,
-            pair[1].start,
-            pair[1].end,
-        );
-    }
-
-    // ── CR-I2: Complete tiling ──────────────────────────────
-    // Basis tiles are contiguous (no internal gaps).
-    for pair in sorted.windows(2) {
-        debug_assert!(
-            pair[0].end >= pair[1].start,
-            "CR-I2: gap between basis tiles [{:?}, {:?}) and [{:?}, {:?})",
-            pair[0].start,
-            pair[0].end,
-            pair[1].start,
-            pair[1].end,
-        );
-    }
-
-    // ── §CR.6: Energy = Σ basis.sum ─────────────────────────
-    let sum = cr.basis.iter().fold(V::zero(), |acc, b| V::add(acc, b.sum));
-    let energy_f64 = cr.energy.to_f64_approx();
-    let sum_f64 = sum.to_f64_approx();
-    debug_assert!(
-        (energy_f64 - sum_f64).abs() < 1e-10,
-        "§CR.6: energy ({energy_f64}) != Σ basis.sum ({sum_f64})",
-    );
-
-    // ── §CR.13.6: energy vs exact_energy ────────────────────
-    // The gap (energy − exact_energy) = B − A is indeterminate
-    // in sign (§CR.13.6).  No universal ordering assertion.
-    // Structural identity: energy = exact_energy + B − A (both
-    // B, A ≥ 0 under P1).  Verifying this requires computing B
-    // and A separately, deferred to dedicated tests (test 17).
-
-    // ── §CR.10.4: cross_plateau_energy consistency ──────────
-    let cross_f64 = cr.cross_plateau_energy.to_f64_approx();
-    let plateau_f64 = cr.plateau_energy.to_f64_approx();
-    let expected_cross = energy_f64 - plateau_f64;
-    debug_assert!(
-        (cross_f64 - expected_cross).abs() < 1e-10,
-        "cross_plateau_energy ({cross_f64}) != energy - plateau_energy ({expected_cross})",
-    );
+    () /* ~ changed by cargo-mutants ~ */
 }


*** /home/josecelano/.rustup/toolchains/nightly-x86_64-unknown-linux-gnu/bin/cargo test --no-run --verbose --package=torrust-mudlark@1.0.0
       Fresh unicode-ident v1.0.24
       Fresh proc-macro2 v1.0.106
       Fresh quote v1.0.44
       Fresh syn v2.0.116
       Fresh serde_core v1.0.228
       Fresh cfg-if v1.0.4
       Fresh crossbeam-utils v0.8.21
       Fresh serde_derive v1.0.228
       Fresh zerocopy-derive v0.8.39
       Fresh shlex v1.3.0
       Fresh regex-syntax v0.8.9
       Fresh once_cell v1.21.3
       Fresh find-msvc-tools v0.1.9
       Fresh autocfg v1.5.0
       Fresh cc v1.2.56
       Fresh tracing-core v0.1.36
       Fresh regex-automata v0.4.14
       Fresh zerocopy v0.8.39
       Fresh serde v1.0.228
       Fresh crossbeam-epoch v0.9.18
       Fresh either v1.15.0
       Fresh crossbeam-deque v0.8.6
       Fresh half v2.7.1
       Fresh zmij v1.0.21
       Fresh tracing-attributes v0.1.31
       Fresh plotters-backend v0.3.7
       Fresh itoa v1.0.17
       Fresh pin-project-lite v0.2.16
       Fresh clap_lex v1.0.0
       Fresh ciborium-io v0.2.2
       Fresh anstyle v1.0.13
       Fresh memchr v2.8.0
       Fresh serde_json v1.0.149
       Fresh clap_builder v4.5.59
       Fresh ciborium-ll v0.2.2
       Fresh tracing v0.1.44
       Fresh plotters-svg v0.3.7
       Fresh num-traits v0.2.19
       Fresh rayon-core v1.13.0
       Fresh libc v0.2.182
       Fresh itertools v0.13.0
       Fresh log v0.4.29
       Fresh same-file v1.0.6
       Fresh cast v0.3.0
       Fresh lazy_static v1.5.0
       Fresh sharded-slab v0.1.7
       Fresh criterion-plot v0.8.2
       Fresh walkdir v2.5.0
       Fresh tracing-log v0.2.0
       Fresh page_size v0.6.0
       Fresh rayon v1.11.0
       Fresh alloca v0.4.0
       Fresh plotters v0.3.7
       Fresh ciborium v0.2.2
       Fresh clap v4.5.59
       Fresh tinytemplate v1.2.1
       Fresh matchers v0.2.0
       Fresh regex v1.12.3
       Fresh thread_local v1.1.9
       Fresh rand_core v0.10.0
       Fresh smallvec v1.15.1
       Fresh anes v0.1.6
       Fresh oorandom v11.1.5
       Fresh nu-ansi-term v0.50.3
       Fresh tracing-subscriber v0.3.22
       Fresh criterion v0.8.2
       Dirty torrust-mudlark v1.0.0 (/tmp/cargo-mutants-torrust-index-wj9SvP.tmp/packages/mudlark): the file `packages/mudlark/src/contour_range.rs` has changed (1773694784.264911506s, 14s after last build at 1773694770.647986088s)
   Compiling torrust-mudlark v1.0.0 (/tmp/cargo-mutants-torrust-index-wj9SvP.tmp/packages/mudlark)
     Running `/home/josecelano/.rustup/toolchains/nightly-x86_64-unknown-linux-gnu/bin/rustc --crate-name torrust_mudlark --edition=2021 packages/mudlark/src/lib.rs --error-format=json --json=diagnostic-rendered-ansi,artifacts,future-incompat --crate-type lib --emit=dep-info,metadata,link -C opt-level=3 -C embed-bitcode=no -C debuginfo=2 --deny=unused --deny=warnings '--deny=clippy::suspicious' '--deny=clippy::style' --warn=rust-2024-compatibility --deny=rust-2021-compatibility --deny=rust-2018-idioms --deny=rust-2018-compatibility '--deny=clippy::perf' '--deny=clippy::pedantic' '--warn=clippy::nursery' --deny=nonstandard-style --deny=let-underscore --deny=future-incompatible --deny=deprecated-safe '--deny=clippy::correctness' '--deny=clippy::complexity' '--deny=clippy::all' --warn=unsafe-code '--allow=clippy::needless_return' -C debug-assertions=on --cfg 'feature="default"' --cfg 'feature="dynamic-contour-tracking"' --cfg 'feature="rand"' --cfg 'feature="serde"' --check-cfg 'cfg(docsrs,test)' --check-cfg 'cfg(feature, values("default", "dynamic-contour-tracking", "rand", "serde"))' -C metadata=5a9e0a69f43d7fca -C extra-filename=-2366ab04bb498037 --out-dir /tmp/cargo-mutants-torrust-index-wj9SvP.tmp/target/debug/deps -C incremental=/tmp/cargo-mutants-torrust-index-wj9SvP.tmp/target/debug/incremental -L dependency=/tmp/cargo-mutants-torrust-index-wj9SvP.tmp/target/debug/deps --extern rand_core=/tmp/cargo-mutants-torrust-index-wj9SvP.tmp/target/debug/deps/librand_core-b015e9dd1bce5577.rmeta --extern serde=/tmp/cargo-mutants-torrust-index-wj9SvP.tmp/target/debug/deps/libserde-1c6754470d6c8879.rmeta --extern tracing=/tmp/cargo-mutants-torrust-index-wj9SvP.tmp/target/debug/deps/libtracing-0f09a033a0ba4fd3.rmeta`
error: unused variable: `cr`
   --> packages/mudlark/src/contour_range.rs:356:52
    |
356 | pub fn debug_assert_contour_range_invariants<C, V>(cr: &ContourRange<C, V>)
    |                                                    ^^ help: if this is intentional, prefix it with an underscore: `_cr`
    |
    = note: `-D unused-variables` implied by `-D unused`
    = help: to override `-D unused` add `#[allow(unused_variables)]`

error: could not compile `torrust-mudlark` (lib) due to 1 previous error

Caused by:
  process didn't exit successfully: `/home/josecelano/.rustup/toolchains/nightly-x86_64-unknown-linux-gnu/bin/rustc --crate-name torrust_mudlark --edition=2021 packages/mudlark/src/lib.rs --error-format=json --json=diagnostic-rendered-ansi,artifacts,future-incompat --crate-type lib --emit=dep-info,metadata,link -C opt-level=3 -C embed-bitcode=no -C debuginfo=2 --deny=unused --deny=warnings '--deny=clippy::suspicious' '--deny=clippy::style' --warn=rust-2024-compatibility --deny=rust-2021-compatibility --deny=rust-2018-idioms --deny=rust-2018-compatibility '--deny=clippy::perf' '--deny=clippy::pedantic' '--warn=clippy::nursery' --deny=nonstandard-style --deny=let-underscore --deny=future-incompatible --deny=deprecated-safe '--deny=clippy::correctness' '--deny=clippy::complexity' '--deny=clippy::all' --warn=unsafe-code '--allow=clippy::needless_return' -C debug-assertions=on --cfg 'feature="default"' --cfg 'feature="dynamic-contour-tracking"' --cfg 'feature="rand"' --cfg 'feature="serde"' --check-cfg 'cfg(docsrs,test)' --check-cfg 'cfg(feature, values("default", "dynamic-contour-tracking", "rand", "serde"))' -C metadata=5a9e0a69f43d7fca -C extra-filename=-2366ab04bb498037 --out-dir /tmp/cargo-mutants-torrust-index-wj9SvP.tmp/target/debug/deps -C incremental=/tmp/cargo-mutants-torrust-index-wj9SvP.tmp/target/debug/incremental -L dependency=/tmp/cargo-mutants-torrust-index-wj9SvP.tmp/target/debug/deps --extern rand_core=/tmp/cargo-mutants-torrust-index-wj9SvP.tmp/target/debug/deps/librand_core-b015e9dd1bce5577.rmeta --extern serde=/tmp/cargo-mutants-torrust-index-wj9SvP.tmp/target/debug/deps/libserde-1c6754470d6c8879.rmeta --extern tracing=/tmp/cargo-mutants-torrust-index-wj9SvP.tmp/target/debug/deps/libtracing-0f09a033a0ba4fd3.rmeta` (exit status: 1)

*** result: Failure(101)
