---
source: tests/snapshot_tests.rs
expression: snapshot_of(&graph)
---
total_sum: 6

G-tree:
[d0] 0..65536  own=6  sum=6  I
├── [d1] 0..32768  own=0  sum=0  T
└── [d1] 32768..65536  own=0  sum=0  T

V-tree (active nodes):
[d0] 0..65536  own=6  sum=6  I
├── [d1] 0..32768  own=0  sum=0  T
└── [d1] 32768..65536  own=0  sum=0  T
